Component: ARM Compiler 5.06 update 5 (build 528) Tool: armlink [4d35e2]

==============================================================================

Section Cross References

    main.o(i.TIM2_IRQHandler) refers to stm32f10x_tim.o(i.TIM_GetITStatus) for TIM_GetITStatus
    main.o(i.TIM2_IRQHandler) refers to key.o(i.Key_Tick) for Key_Tick
    main.o(i.TIM2_IRQHandler) refers to encoder.o(i.Encoder_Get) for Encoder_Get
    main.o(i.TIM2_IRQHandler) refers to fflt_clz.o(x$fpl$fflt) for __aeabi_i2f
    main.o(i.TIM2_IRQHandler) refers to faddsub_clz.o(x$fpl$fsub) for __aeabi_fsub
    main.o(i.TIM2_IRQHandler) refers to fmul.o(x$fpl$fmul) for __aeabi_fmul
    main.o(i.TIM2_IRQHandler) refers to faddsub_clz.o(x$fpl$frsb) for __aeabi_frsub
    main.o(i.TIM2_IRQHandler) refers to faddsub_clz.o(x$fpl$fadd) for __aeabi_fadd
    main.o(i.TIM2_IRQHandler) refers to frleqf.o(x$fpl$frleqf) for __aeabi_cfrcmple
    main.o(i.TIM2_IRQHandler) refers to fleqf.o(x$fpl$fleqf) for __aeabi_cfcmple
    main.o(i.TIM2_IRQHandler) refers to ffix.o(x$fpl$ffix) for __aeabi_f2iz
    main.o(i.TIM2_IRQHandler) refers to motor.o(i.Motor1_SetPWM) for Motor1_SetPWM
    main.o(i.TIM2_IRQHandler) refers to motor.o(i.Motor2_SetPWM) for Motor2_SetPWM
    main.o(i.TIM2_IRQHandler) refers to stm32f10x_tim.o(i.TIM_ClearITPendingBit) for TIM_ClearITPendingBit
    main.o(i.TIM2_IRQHandler) refers to main.o(.data) for Count
    main.o(i.main) refers to menu_system.o(i.Menu_Init) for Menu_Init
    main.o(i.main) refers to key.o(i.Key_Init) for Key_Init
    main.o(i.main) refers to timer.o(i.Timer_Init) for Timer_Init
    main.o(i.main) refers to serial.o(i.Serial_Init) for Serial_Init
    main.o(i.main) refers to motor.o(i.Motor_Init) for Motor_Init
    main.o(i.main) refers to encoder.o(i.Encoder_Init) for Encoder_Init
    stm32f10x_adc.o(i.ADC_DeInit) refers to stm32f10x_rcc.o(i.RCC_APB2PeriphResetCmd) for RCC_APB2PeriphResetCmd
    stm32f10x_bkp.o(i.BKP_DeInit) refers to stm32f10x_rcc.o(i.RCC_BackupResetCmd) for RCC_BackupResetCmd
    stm32f10x_can.o(i.CAN_DeInit) refers to stm32f10x_rcc.o(i.RCC_APB1PeriphResetCmd) for RCC_APB1PeriphResetCmd
    stm32f10x_can.o(i.CAN_GetITStatus) refers to stm32f10x_can.o(i.CheckITStatus) for CheckITStatus
    stm32f10x_cec.o(i.CEC_DeInit) refers to stm32f10x_rcc.o(i.RCC_APB1PeriphResetCmd) for RCC_APB1PeriphResetCmd
    stm32f10x_dac.o(i.DAC_DeInit) refers to stm32f10x_rcc.o(i.RCC_APB1PeriphResetCmd) for RCC_APB1PeriphResetCmd
    stm32f10x_flash.o(i.FLASH_EnableWriteProtection) refers to stm32f10x_flash.o(i.FLASH_WaitForLastOperation) for FLASH_WaitForLastOperation
    stm32f10x_flash.o(i.FLASH_EraseAllBank1Pages) refers to stm32f10x_flash.o(i.FLASH_WaitForLastBank1Operation) for FLASH_WaitForLastBank1Operation
    stm32f10x_flash.o(i.FLASH_EraseAllPages) refers to stm32f10x_flash.o(i.FLASH_WaitForLastOperation) for FLASH_WaitForLastOperation
    stm32f10x_flash.o(i.FLASH_EraseOptionBytes) refers to stm32f10x_flash.o(i.FLASH_GetReadOutProtectionStatus) for FLASH_GetReadOutProtectionStatus
    stm32f10x_flash.o(i.FLASH_EraseOptionBytes) refers to stm32f10x_flash.o(i.FLASH_WaitForLastOperation) for FLASH_WaitForLastOperation
    stm32f10x_flash.o(i.FLASH_ErasePage) refers to stm32f10x_flash.o(i.FLASH_WaitForLastOperation) for FLASH_WaitForLastOperation
    stm32f10x_flash.o(i.FLASH_ProgramHalfWord) refers to stm32f10x_flash.o(i.FLASH_WaitForLastOperation) for FLASH_WaitForLastOperation
    stm32f10x_flash.o(i.FLASH_ProgramOptionByteData) refers to stm32f10x_flash.o(i.FLASH_WaitForLastOperation) for FLASH_WaitForLastOperation
    stm32f10x_flash.o(i.FLASH_ProgramWord) refers to stm32f10x_flash.o(i.FLASH_WaitForLastOperation) for FLASH_WaitForLastOperation
    stm32f10x_flash.o(i.FLASH_ReadOutProtection) refers to stm32f10x_flash.o(i.FLASH_WaitForLastOperation) for FLASH_WaitForLastOperation
    stm32f10x_flash.o(i.FLASH_UserOptionByteConfig) refers to stm32f10x_flash.o(i.FLASH_WaitForLastOperation) for FLASH_WaitForLastOperation
    stm32f10x_flash.o(i.FLASH_WaitForLastBank1Operation) refers to stm32f10x_flash.o(i.FLASH_GetBank1Status) for FLASH_GetBank1Status
    stm32f10x_flash.o(i.FLASH_WaitForLastOperation) refers to stm32f10x_flash.o(i.FLASH_GetBank1Status) for FLASH_GetBank1Status
    stm32f10x_gpio.o(i.GPIO_AFIODeInit) refers to stm32f10x_rcc.o(i.RCC_APB2PeriphResetCmd) for RCC_APB2PeriphResetCmd
    stm32f10x_gpio.o(i.GPIO_DeInit) refers to stm32f10x_rcc.o(i.RCC_APB2PeriphResetCmd) for RCC_APB2PeriphResetCmd
    stm32f10x_i2c.o(i.I2C_DeInit) refers to stm32f10x_rcc.o(i.RCC_APB1PeriphResetCmd) for RCC_APB1PeriphResetCmd
    stm32f10x_i2c.o(i.I2C_Init) refers to stm32f10x_rcc.o(i.RCC_GetClocksFreq) for RCC_GetClocksFreq
    stm32f10x_pwr.o(i.PWR_DeInit) refers to stm32f10x_rcc.o(i.RCC_APB1PeriphResetCmd) for RCC_APB1PeriphResetCmd
    stm32f10x_rcc.o(i.RCC_GetClocksFreq) refers to stm32f10x_rcc.o(.data) for APBAHBPrescTable
[...]
    Removing stm32f10x_tim.o(i.TIM_OC3FastConfig), (18 bytes).
    Removing stm32f10x_tim.o(i.TIM_OC3NPolarityConfig), (26 bytes).
    Removing stm32f10x_tim.o(i.TIM_OC3PolarityConfig), (26 bytes).
    Removing stm32f10x_tim.o(i.TIM_OC3PreloadConfig), (18 bytes).
    Removing stm32f10x_tim.o(i.TIM_OC4FastConfig), (26 bytes).
    Removing stm32f10x_tim.o(i.TIM_OC4Init), (124 bytes).
    Removing stm32f10x_tim.o(i.TIM_OC4PolarityConfig), (26 bytes).
    Removing stm32f10x_tim.o(i.TIM_OC4PreloadConfig), (26 bytes).
    Removing stm32f10x_tim.o(i.TIM_PWMIConfig), (124 bytes).
    Removing stm32f10x_tim.o(i.TIM_PrescalerConfig), (6 bytes).
    Removing stm32f10x_tim.o(i.TIM_SelectCCDMA), (24 bytes).
    Removing stm32f10x_tim.o(i.TIM_SelectCOM), (24 bytes).
    Removing stm32f10x_tim.o(i.TIM_SelectHallSensor), (24 bytes).
    Removing stm32f10x_tim.o(i.TIM_SelectInputTrigger), (18 bytes).
    Removing stm32f10x_tim.o(i.TIM_SelectMasterSlaveMode), (18 bytes).
    Removing stm32f10x_tim.o(i.TIM_SelectOCxM), (82 bytes).
    Removing stm32f10x_tim.o(i.TIM_SelectOnePulseMode), (18 bytes).
    Removing stm32f10x_tim.o(i.TIM_SelectOutputTrigger), (18 bytes).
    Removing stm32f10x_tim.o(i.TIM_SelectSlaveMode), (18 bytes).
    Removing stm32f10x_tim.o(i.TIM_SetAutoreload), (4 bytes).
    Removing stm32f10x_tim.o(i.TIM_SetClockDivision), (18 bytes).
    Removing stm32f10x_tim.o(i.TIM_SetCompare1), (4 bytes).
    Removing stm32f10x_tim.o(i.TIM_SetCompare2), (4 bytes).
    Removing stm32f10x_tim.o(i.TIM_SetCompare4), (6 bytes).
    Removing stm32f10x_tim.o(i.TIM_TIxExternalClockConfig), (62 bytes).
    Removing stm32f10x_tim.o(i.TIM_TimeBaseStructInit), (18 bytes).
    Removing stm32f10x_tim.o(i.TIM_UpdateDisableConfig), (24 bytes).
    Removing stm32f10x_tim.o(i.TIM_UpdateRequestConfig), (24 bytes).
    Removing stm32f10x_usart.o(i.USART_ClearFlag), (18 bytes).
    Removing stm32f10x_usart.o(i.USART_ClockInit), (34 bytes).
    Removing stm32f10x_usart.o(i.USART_ClockStructInit), (12 bytes).
    Removing stm32f10x_usart.o(i.USART_DMACmd), (18 bytes).
    Removing stm32f10x_usart.o(i.USART_DeInit), (156 bytes).
    Removing stm32f10x_usart.o(i.USART_GetFlagStatus), (26 bytes).
    Removing stm32f10x_usart.o(i.USART_HalfDuplexCmd), (24 bytes).
    Removing stm32f10x_usart.o(i.USART_IrDACmd), (24 bytes).
    Removing stm32f10x_usart.o(i.USART_IrDAConfig), (18 bytes).
    Removing stm32f10x_usart.o(i.USART_LINBreakDetectLengthConfig), (18 bytes).
    Removing stm32f10x_usart.o(i.USART_LINCmd), (24 bytes).
    Removing stm32f10x_usart.o(i.USART_OneBitMethodCmd), (24 bytes).
    Removing stm32f10x_usart.o(i.USART_OverSampling8Cmd), (22 bytes).
    Removing stm32f10x_usart.o(i.USART_ReceiverWakeUpCmd), (24 bytes).
    Removing stm32f10x_usart.o(i.USART_SendBreak), (10 bytes).
    Removing stm32f10x_usart.o(i.USART_SendData), (8 bytes).
    Removing stm32f10x_usart.o(i.USART_SetAddress), (18 bytes).
    Removing stm32f10x_usart.o(i.USART_SetGuardTime), (16 bytes).
    Removing stm32f10x_usart.o(i.USART_SetPrescaler), (16 bytes).
    Removing stm32f10x_usart.o(i.USART_SmartCardCmd), (24 bytes).
    Removing stm32f10x_usart.o(i.USART_SmartCardNACKCmd), (24 bytes).
    Removing stm32f10x_usart.o(i.USART_StructInit), (24 bytes).
    Removing stm32f10x_usart.o(i.USART_WakeUpConfig), (18 bytes).
    Removing stm32f10x_wwdg.o(i.WWDG_ClearFlag), (12 bytes).
    Removing stm32f10x_wwdg.o(i.WWDG_DeInit), (22 bytes).
    Removing stm32f10x_wwdg.o(i.WWDG_Enable), (16 bytes).
    Removing stm32f10x_wwdg.o(i.WWDG_EnableIT), (12 bytes).
    Removing stm32f10x_wwdg.o(i.WWDG_GetFlagStatus), (12 bytes).
    Removing stm32f10x_wwdg.o(i.WWDG_SetCounter), (16 bytes).
    Removing stm32f10x_wwdg.o(i.WWDG_SetPrescaler), (24 bytes).
    Removing stm32f10x_wwdg.o(i.WWDG_SetWindowValue), (40 bytes).
    Removing core_cm3.o(.emb_text), (32 bytes).
    Removing system_stm32f10x.o(i.SystemCoreClockUpdate), (164 bytes).
    Removing system_stm32f10x.o(.data), (20 bytes).
    Removing delay.o(i.Delay_ms), (24 bytes).
    Removing delay.o(i.Delay_s), (24 bytes).
    Removing delay.o(i.Delay_us), (46 bytes).
    Removing timer.o(i.Timer3_Init), (116 bytes).
    Removing key.o(i.Key_GetNum), (28 bytes).
    Removing oled.o(i.OLED_Pow), (20 bytes).
    Removing oled.o(i.OLED_ShowBinNum), (62 bytes).
    Removing oled.o(i.OLED_ShowHexNum), (84 bytes).
    Removing oled.o(i.OLED_ShowNum), (68 bytes).
    Removing oled.o(i.OLED_ShowSignedNum), (102 bytes).
    Removing menu_system.o(i.Menu_RefreshDisplay), (24 bytes).
    Removing menu_system.o(i.ShowFloat), (224 bytes).
    Removing menu_system.o(i.ShowInteger), (148 bytes).
    Removing menu_system.o(i.process_parameter_edit), (60 bytes).
    Removing ic.o(i.IC_GetDuty), (36 bytes).
    Removing ic.o(i.IC_GetFreq), (28 bytes).
    Removing ic.o(i.IC_Init), (164 bytes).
    Removing serial.o(i.Extract_Speed_Value), (170 bytes).
    Removing serial.o(i.Serial_Pow), (20 bytes).
    Removing serial.o(i.Serial_Printf), (36 bytes).
    Removing serial.o(i.Serial_SendArray), (26 bytes).
    Removing serial.o(i.Serial_SendByte), (32 bytes).
    Removing serial.o(i.Serial_SendNumber), (58 bytes).
    Removing serial.o(i.Serial_SendString), (26 bytes).
    Removing serial.o(i.Validate_Speed_Packet), (68 bytes).
    Removing serial.o(i.fputc), (16 bytes).

461 unused section(s) (total 18500 bytes) removed from the image.

==============================================================================

Image Symbol Table

    Local Symbols

    Symbol Name                              Value     Ov Type        Size  Object(Section)

    ../clib/angel/boardlib.s                 0x00000000   Number         0  boardshut.o ABSOLUTE
    ../clib/angel/boardlib.s                 0x00000000   Number         0  boardinit1.o ABSOLUTE
    ../clib/angel/boardlib.s                 0x00000000   Number         0  boardinit2.o ABSOLUTE
    ../clib/angel/boardlib.s                 0x00000000   Number         0  boardinit3.o ABSOLUTE
    ../clib/angel/handlers.s                 0x00000000   Number         0  __scatter_copy.o ABSOLUTE
    ../clib/angel/handlers.s                 0x00000000   Number         0  __scatter_zi.o ABSOLUTE
    ../clib/angel/kernel.s                   0x00000000   Number         0  __rtentry4.o ABSOLUTE
    ../clib/angel/kernel.s                   0x00000000   Number         0  rtexit2.o ABSOLUTE
    ../clib/angel/kernel.s                   0x00000000   Number         0  rtexit.o ABSOLUTE
    ../clib/angel/kernel.s                   0x00000000   Number         0  __rtentry.o ABSOLUTE
    ../clib/angel/kernel.s                   0x00000000   Number         0  __rtentry2.o ABSOLUTE
    ../clib/angel/rt.s                       0x00000000   Number         0  rt_ctype_table.o ABSOLUTE
    ../clib/angel/rt.s                       0x00000000   Number         0  rt_locale.o ABSOLUTE
    ../clib/angel/rt.s                       0x00000000   Number         0  rt_locale_intlibspace.o ABSOLUTE
    ../clib/angel/rt.s                       0x00000000   Number         0  rt_raise.o ABSOLUTE
    ../clib/angel/rt.s                       0x00000000   Number         0  rt_errno_addr.o ABSOLUTE
    ../clib/angel/rt.s                       0x00000000   Number         0  rt_errno_addr_intlibspace.o ABSOLUTE
    ../clib/angel/scatter.s                  0x00000000   Number         0  __scatter.o ABSOLUTE
    ../clib/angel/startup.s                  0x00000000   Number         0  __main.o ABSOLUTE
    ../clib/angel/sys.s                      0x00000000   Number         0  sys_stackheap_outer.o ABSOLUTE
    ../clib/angel/sys.s                      0x00000000   Number         0  use_no_semi.o ABSOLUTE
    ../clib/angel/sys.s                      0x00000000   Number         0  indicate_semi.o ABSOLUTE
    ../clib/angel/sys.s                      0x00000000   Number         0  libspace.o ABSOLUTE
    ../clib/angel/sysapp.c                   0x00000000   Number         0  sys_exit.o ABSOLUTE
    ../clib/angel/sysapp.c                   0x00000000   Number         0  sys_wrch.o ABSOLUTE
    ../clib/angel/sysapp.c                   0x00000000   Number         0  sys_command.o ABSOLUTE
    ../clib/armsys.c                         0x00000000   Number         0  argv_veneer.o ABSOLUTE
    ../clib/armsys.c                         0x00000000   Number         0  no_argv.o ABSOLUTE
    ../clib/armsys.c                         0x00000000   Number         0  _get_argv_nomalloc.o ABSOLUTE
    ../clib/armsys.c                         0x00000000   Number         0  argv_veneer.o ABSOLUTE
    ../clib/bigflt.c                         0x00000000   Number         0  bigflt0.o ABSOLUTE
    ../clib/btod.s                           0x00000000   Number         0  btod.o ABSOLUTE
    ../clib/heapalloc.c                      0x00000000   Number         0  hrguard.o ABSOLUTE
    ../clib/heapaux.c                        0x00000000   Number         0  heapauxi.o ABSOLUTE
    ../clib/libinit.s                        0x00000000   Number         0  libinit.o ABSOLUTE
    ../clib/libinit.s                        0x00000000   Number         0  libshutdown2.o ABSOLUTE
    ../clib/libinit.s                        0x00000000   Number         0  libinit2.o ABSOLUTE
    ../clib/libinit.s                        0x00000000   Number         0  libshutdown.o ABSOLUTE
    ../clib/locale.c                         0x00000000   Number         0  _wcrtomb.o ABSOLUTE
    ../clib/locale.s                         0x00000000   Number         0  lc_numeric_c.o ABSOLUTE
    ../clib/locale.s                         0x00000000   Number         0  lc_ctype_c.o ABSOLUTE
    ../clib/longlong.s                       0x00000000   Number         0  lludiv10.o ABSOLUTE
    ../clib/memcpset.s                       0x00000000   Number         0  strcmpv7m.o ABSOLUTE
    ../clib/misc.s                           0x00000000   Number         0  printf_stubs.o ABSOLUTE
    ../clib/printf.c                         0x00000000   Number         0  _printf_charcount.o ABSOLUTE
    ../clib/printf.c                         0x00000000   Number         0  _printf_fp_infnan.o ABSOLUTE
    ../clib/printf.c                         0x00000000   Number         0  _printf_char_common.o ABSOLUTE
    ../clib/printf.c                         0x00000000   Number         0  _sputc.o ABSOLUTE
    ../clib/printf.c                         0x00000000   Number         0  _printf_wctomb.o ABSOLUTE
    ../clib/printf.c                         0x00000000   Number         0  _printf_longlong_dec.o ABSOLUTE
    ../clib/printf.c                         0x00000000   Number         0  _printf_oct_ll.o ABSOLUTE
    ../clib/printf.c                         0x00000000   Number         0  _printf_oct_int_ll.o ABSOLUTE
    ../clib/printf.c                         0x00000000   Number         0  _printf_hex_ll.o ABSOLUTE
    ../clib/printf.c                         0x00000000   Number         0  _printf_hex_int.o ABSOLUTE
    ../clib/printf.c                         0x00000000   Number         0  _printf_hex_int_ll.o ABSOLUTE
    ../clib/printf.c                         0x00000000   Number         0  _printf_hex_ptr.o ABSOLUTE
    ../clib/printf.c                         0x00000000   Number         0  _printf_hex_int_ptr.o ABSOLUTE
    ../clib/printf.c                         0x00000000   Number         0  __printf.o ABSOLUTE
    ../clib/printf.c                         0x00000000   Number         0  _printf_wchar.o ABSOLUTE
    ../clib/printf.c                         0x00000000   Number         0  _printf_char.o ABSOLUTE
    ../clib/printf.c                         0x00000000   Number         0  _printf_hex_ll_ptr.o ABSOLUTE
    ../clib/printf.c                         0x00000000   Number         0  _printf_fp_hex.o ABSOLUTE
    ../clib/printf.c                         0x00000000   Number         0  _printf_fp_dec.o ABSOLUTE
    ../clib/printf.c                         0x00000000   Number         0  _printf_intcommon.o ABSOLUTE
    ../clib/printf.c                         0x00000000   Number         0  _printf_hex_int_ll_ptr.o ABSOLUTE
    ../clib/printf.c                         0x00000000   Number         0  __printf_flags.o ABSOLUTE
    ../clib/printf.c                         0x00000000   Number         0  _printf_pad.o ABSOLUTE
    ../clib/printf.c                         0x00000000   Number         0  _printf_truncate.o ABSOLUTE
    ../clib/printf.c                         0x00000000   Number         0  _printf_str.o ABSOLUTE
    ../clib/printf.c                         0x00000000   Number         0  _printf_oct_int.o ABSOLUTE
    ../clib/printf.c                         0x00000000   Number         0  __printf_flags_ss_wp.o ABSOLUTE
    ../clib/printf.c                         0x00000000   Number         0  vsprintf.o ABSOLUTE
    ../clib/printf.c                         0x00000000   Number         0  __printf_ss_wp.o ABSOLUTE
    ../clib/printf.c                         0x00000000   Number         0  __printf_flags_wp.o ABSOLUTE
    ../clib/printf.c                         0x00000000   Number         0  __printf_wp.o ABSOLUTE
    ../clib/printf.c                         0x00000000   Number         0  __printf_flags_ss.o ABSOLUTE
    ../clib/printf.c                         0x00000000   Number         0  _printf_dec.o ABSOLUTE
    ../clib/printf.c                         0x00000000   Number         0  __printf_ss.o ABSOLUTE
    ../clib/printf.c                         0x00000000   Number         0  __printf_nopercent.o ABSOLUTE
    ../clib/printf_percent.s                 0x00000000   Number         0  _printf_lc.o ABSOLUTE
    ../clib/printf_percent.s                 0x00000000   Number         0  _printf_ls.o ABSOLUTE
    ../clib/printf_percent.s                 0x00000000   Number         0  _printf_llo.o ABSOLUTE
    ../clib/printf_percent.s                 0x00000000   Number         0  _printf_llx.o ABSOLUTE
    ../clib/printf_percent.s                 0x00000000   Number         0  _printf_percent_end.o ABSOLUTE
    ../clib/printf_percent.s                 0x00000000   Number         0  _printf_l.o ABSOLUTE
    ../clib/printf_percent.s                 0x00000000   Number         0  _printf_c.o ABSOLUTE
    ../clib/printf_percent.s                 0x00000000   Number         0  _printf_s.o ABSOLUTE
    ../clib/printf_percent.s                 0x00000000   Number         0  _printf_n.o ABSOLUTE
    ../clib/printf_percent.s                 0x00000000   Number         0  _printf_x.o ABSOLUTE
    ../clib/printf_percent.s                 0x00000000   Number         0  _printf_p.o ABSOLUTE
    ../clib/printf_percent.s                 0x00000000   Number         0  _printf_o.o ABSOLUTE
    ../clib/printf_percent.s                 0x00000000   Number         0  _printf_i.o ABSOLUTE
    ../clib/printf_percent.s                 0x00000000   Number         0  _printf_d.o ABSOLUTE
    ../clib/printf_percent.s                 0x00000000   Number         0  _printf_u.o ABSOLUTE
    ../clib/printf_percent.s                 0x00000000   Number         0  _printf_f.o ABSOLUTE
    ../clib/printf_percent.s                 0x00000000   Number         0  _printf_e.o ABSOLUTE
    ../clib/printf_percent.s                 0x00000000   Number         0  _printf_g.o ABSOLUTE
    ../clib/printf_percent.s                 0x00000000   Number         0  _printf_a.o ABSOLUTE
    ../clib/printf_percent.s                 0x00000000   Number         0  _printf_percent.o ABSOLUTE
    ../clib/printf_percent.s                 0x00000000   Number         0  _printf_lli.o ABSOLUTE
    ../clib/printf_percent.s                 0x00000000   Number         0  _printf_lld.o ABSOLUTE
    ../clib/printf_percent.s                 0x00000000   Number         0  _printf_llu.o ABSOLUTE
    ../clib/printf_percent.s                 0x00000000   Number         0  _printf_ll.o ABSOLUTE
    ../clib/scanf.c                          0x00000000   Number         0  strtol.o ABSOLUTE
    ../clib/scanf.c                          0x00000000   Number         0  _strtoul.o ABSOLUTE
    ../clib/scanf.c                          0x00000000   Number         0  atoi.o ABSOLUTE
    ../clib/scanf.c                          0x00000000   Number         0  _chval.o ABSOLUTE
    ../clib/signal.c                         0x00000000   Number         0  defsig_cppl_inner.o ABSOLUTE
    ../clib/signal.c                         0x00000000   Number         0  defsig_stak_inner.o ABSOLUTE
    ../clib/signal.c                         0x00000000   Number         0  defsig_pvfn_inner.o ABSOLUTE
    ../clib/signal.c                         0x00000000   Number         0  __raise.o ABSOLUTE
    ../clib/signal.c                         0x00000000   Number         0  defsig_rtmem_outer.o ABSOLUTE
    ../clib/signal.c                         0x00000000   Number         0  defsig_rtmem_formal.o ABSOLUTE
    ../clib/signal.c                         0x00000000   Number         0  defsig_general.o ABSOLUTE
    ../clib/signal.c                         0x00000000   Number         0  defsig_segv_inner.o ABSOLUTE
    ../clib/signal.c                         0x00000000   Number         0  defsig_exit.o ABSOLUTE
    ../clib/signal.c                         0x00000000   Number         0  defsig_rtmem_inner.o ABSOLUTE
    ../clib/signal.c                         0x00000000   Number         0  defsig_abrt_inner.o ABSOLUTE
    ../clib/signal.c                         0x00000000   Number         0  defsig_fpe_inner.o ABSOLUTE
    ../clib/signal.c                         0x00000000   Number         0  defsig_other.o ABSOLUTE
    ../clib/signal.c                         0x00000000   Number         0  defsig_rtred_inner.o ABSOLUTE
    ../clib/signal.s                         0x00000000   Number         0  defsig.o ABSOLUTE
    ../clib/stdlib.c                         0x00000000   Number         0  exit.o ABSOLUTE
    ../clib/string.c                         0x00000000   Number         0  strstr.o ABSOLUTE
    ../clib/string.c                         0x00000000   Number         0  strlen.o ABSOLUTE
    ../clib/string.c                         0x00000000   Number         0  strchr.o ABSOLUTE
    ../fplib/faddsub.s                       0x00000000   Number         0  faddsub_clz.o ABSOLUTE
    ../fplib/fcmpi.s                         0x00000000   Number         0  fcmpi.o ABSOLUTE
    ../fplib/feqf.s                          0x00000000   Number         0  feqf.o ABSOLUTE
    ../fplib/ffix.s                          0x00000000   Number         0  ffix.o ABSOLUTE
    ../fplib/fflt.s                          0x00000000   Number         0  fflt_clz.o ABSOLUTE
    ../fplib/fleqf.s                         0x00000000   Number         0  fleqf.o ABSOLUTE
    ../fplib/fmul.s                          0x00000000   Number         0  fmul.o ABSOLUTE
    ../fplib/fnaninf.s                       0x00000000   Number         0  fnaninf.o ABSOLUTE
    ../fplib/fpinit.s                        0x00000000   Number         0  fpinit.o ABSOLUTE
    ../fplib/fretinf.s                       0x00000000   Number         0  fretinf.o ABSOLUTE
    ../fplib/frleqf.s                        0x00000000   Number         0  frleqf.o ABSOLUTE
    ../fplib/istatus.s                       0x00000000   Number         0  istatus.o ABSOLUTE
    ../fplib/printf1.s                       0x00000000   Number         0  printf1.o ABSOLUTE
    ../fplib/printf2.s                       0x00000000   Number         0  printf2.o ABSOLUTE
    ../fplib/printf2a.s                      0x00000000   Number         0  printf2a.o ABSOLUTE
    ../fplib/printf2b.s                      0x00000000   Number         0  printf2b.o ABSOLUTE
    ../fplib/usenofp.s                       0x00000000   Number         0  usenofp.o ABSOLUTE
    ../mathlib/fpclassify.c                  0x00000000   Number         0  fpclassify.o ABSOLUTE
    Hardware\Encoder.c                       0x00000000   Number         0  encoder.o ABSOLUTE
    Hardware\IC.c                            0x00000000   Number         0  ic.o ABSOLUTE
    Hardware\Key.c                           0x00000000   Number         0  key.o ABSOLUTE
    Hardware\Motor.c                         0x00000000   Number         0  motor.o ABSOLUTE
    Hardware\OLED.c                          0x00000000   Number         0  oled.o ABSOLUTE
    Hardware\PWM.c                           0x00000000   Number         0  pwm.o ABSOLUTE
    Hardware\Serial.c                        0x00000000   Number         0  serial.o ABSOLUTE
    Hardware\menu_system.c                   0x00000000   Number         0  menu_system.o ABSOLUTE
    Library\misc.c                           0x00000000   Number         0  misc.o ABSOLUTE
    Library\stm32f10x_adc.c                  0x00000000   Number         0  stm32f10x_adc.o ABSOLUTE
    Library\stm32f10x_bkp.c                  0x00000000   Number         0  stm32f10x_bkp.o ABSOLUTE
    Library\stm32f10x_can.c                  0x00000000   Number         0  stm32f10x_can.o ABSOLUTE
    Library\stm32f10x_cec.c                  0x00000000   Number         0  stm32f10x_cec.o ABSOLUTE
    Library\stm32f10x_crc.c                  0x00000000   Number         0  stm32f10x_crc.o ABSOLUTE
    Library\stm32f10x_dac.c                  0x00000000   Number         0  stm32f10x_dac.o ABSOLUTE
    Library\stm32f10x_dbgmcu.c               0x00000000   Number         0  stm32f10x_dbgmcu.o ABSOLUTE
    Library\stm32f10x_dma.c                  0x00000000   Number         0  stm32f10x_dma.o ABSOLUTE
    Library\stm32f10x_exti.c                 0x00000000   Number         0  stm32f10x_exti.o ABSOLUTE
    Library\stm32f10x_flash.c                0x00000000   Number         0  stm32f10x_flash.o ABSOLUTE
    Library\stm32f10x_fsmc.c                 0x00000000   Number         0  stm32f10x_fsmc.o ABSOLUTE
    Library\stm32f10x_gpio.c                 0x00000000   Number         0  stm32f10x_gpio.o ABSOLUTE
    Library\stm32f10x_i2c.c                  0x00000000   Number         0  stm32f10x_i2c.o ABSOLUTE
    Library\stm32f10x_iwdg.c                 0x00000000   Number         0  stm32f10x_iwdg.o ABSOLUTE
    Library\stm32f10x_pwr.c                  0x00000000   Number         0  stm32f10x_pwr.o ABSOLUTE
    Library\stm32f10x_rcc.c                  0x00000000   Number         0  stm32f10x_rcc.o ABSOLUTE
    Library\stm32f10x_rtc.c                  0x00000000   Number         0  stm32f10x_rtc.o ABSOLUTE
    Library\stm32f10x_sdio.c                 0x00000000   Number         0  stm32f10x_sdio.o ABSOLUTE
    Library\stm32f10x_spi.c                  0x00000000   Number         0  stm32f10x_spi.o ABSOLUTE
    Library\stm32f10x_tim.c                  0x00000000   Number         0  stm32f10x_tim.o ABSOLUTE
    Library\stm32f10x_usart.c                0x00000000   Number         0  stm32f10x_usart.o ABSOLUTE
    Library\stm32f10x_wwdg.c                 0x00000000   Number         0  stm32f10x_wwdg.o ABSOLUTE
    User\main.c                              0x00000000   Number         0  main.o ABSOLUTE
    User\stm32f10x_it.c                      0x00000000   Number         0  stm32f10x_it.o ABSOLUTE
    dc.s                                     0x00000000   Number         0  dc.o ABSOLUTE
    strart\\core_cm3.c                       0x00000000   Number         0  core_cm3.o ABSOLUTE
    strart\core_cm3.c                        0x00000000   Number         0  core_cm3.o ABSOLUTE
    strart\startup_stm32f10x_md.s            0x00000000   Number         0  startup_stm32f10x_md.o ABSOLUTE
    strart\system_stm32f10x.c                0x00000000   Number         0  system_stm32f10x.o ABSOLUTE
    system\Delay.c                           0x00000000   Number         0  delay.o ABSOLUTE
    system\Timer.c                           0x00000000   Number         0  timer.o ABSOLUTE
    RESET                                    0x08000000   Section      236  startup_stm32f10x_md.o(RESET)
    !!!main                                  0x080000ec   Section        8  __main.o(!!!main)
    !!!scatter                               0x080000f4   Section       52  __scatter.o(!!!scatter)
    !!handler_copy                           0x08000128   Section       26  __scatter_copy.o(!!handler_copy)
    !!handler_zi                             0x08000144   Section       28  __scatter_zi.o(!!handler_zi)
    .ARM.Collect$$libinit$$00000000          0x08000160   Section        2  libinit.o(.ARM.Collect$$libinit$$00000000)
    .ARM.Collect$$libinit$$00000002          0x08000162   Section        0  libinit2.o(.ARM.Collect$$libinit$$00000002)
    .ARM.Collect$$libinit$$00000004          0x08000162   Section        0  libinit2.o(.ARM.Collect$$libinit$$00000004)
    .ARM.Collect$$libinit$$0000000A          0x08000162   Section        0  libinit2.o(.ARM.Collect$$libinit$$0000000A)
    .ARM.Collect$$libinit$$0000000C          0x08000162   Section        0  libinit2.o(.ARM.Collect$$libinit$$0000000C)
    .ARM.Collect$$libinit$$0000000E          0x08000162   Section        0  libinit2.o(.ARM.Collect$$libinit$$0000000E)
    .ARM.Collect$$libinit$$00000011          0x08000162   Section        0  libinit2.o(.ARM.Collect$$libinit$$00000011)
    .ARM.Collect$$libinit$$00000013          0x08000162   Section        0  libinit2.o(.ARM.Collect$$libinit$$00000013)
    .ARM.Collect$$libinit$$00000015          0x08000162   Section        0  libinit2.o(.ARM.Collect$$libinit$$00000015)
    .ARM.Collect$$libinit$$00000017          0x08000162   Section        0  libinit2.o(.ARM.Collect$$libinit$$00000017)
    .ARM.Collect$$libinit$$00000019          0x08000162   Section        0  libinit2.o(.ARM.Collect$$libinit$$00000019)
    .ARM.Collect$$libinit$$0000001B          0x08000162   Section        0  libinit2.o(.ARM.Collect$$libinit$$0000001B)
    .ARM.Collect$$libinit$$0000001D          0x08000162   Section        0  libinit2.o(.ARM.Collect$$libinit$$0000001D)
    .ARM.Collect$$libinit$$0000001F          0x08000162   Section        0  libinit2.o(.ARM.Collect$$libinit$$0000001F)
    .ARM.Collect$$libinit$$00000021          0x08000162   Section        0  libinit2.o(.ARM.Collect$$libinit$$00000021)
    .ARM.Collect$$libinit$$00000023          0x08000162   Section        0  libinit2.o(.ARM.Collect$$libinit$$00000023)
    .ARM.Collect$$libinit$$00000025          0x08000162   Section        0  libinit2.o(.ARM.Collect$$libinit$$00000025)
    .ARM.Collect$$libinit$$0000002C          0x08000162   Section        0  libinit2.o(.ARM.Collect$$libinit$$0000002C)
    .ARM.Collect$$libinit$$0000002E          0x08000162   Section        0  libinit2.o(.ARM.Collect$$libinit$$0000002E)
    .ARM.Collect$$libinit$$00000030          0x08000162   Section        0  libinit2.o(.ARM.Collect$$libinit$$00000030)
    .ARM.Collect$$libinit$$00000032          0x08000162   Section        0  libinit2.o(.ARM.Collect$$libinit$$00000032)
    .ARM.Collect$$libinit$$00000033          0x08000162   Section        2  libinit2.o(.ARM.Collect$$libinit$$00000033)
    .ARM.Collect$$libshutdown$$00000000      0x08000164   Section        2  libshutdown.o(.ARM.Collect$$libshutdown$$00000000)
    .ARM.Collect$$libshutdown$$00000002      0x08000166   Section        0  libshutdown2.o(.ARM.Collect$$libshutdown$$00000002)
    .ARM.Collect$$libshutdown$$00000004      0x08000166   Section        0  libshutdown2.o(.ARM.Collect$$libshutdown$$00000004)
    .ARM.Collect$$libshutdown$$00000007      0x08000166   Section        0  libshutdown2.o(.ARM.Collect$$libshutdown$$00000007)
    .ARM.Collect$$libshutdown$$0000000A      0x08000166   Section        0  libshutdown2.o(.ARM.Collect$$libshutdown$$0000000A)
    .ARM.Collect$$libshutdown$$0000000C      0x08000166   Section        0  libshutdown2.o(.ARM.Collect$$libshutdown$$0000000C)
    .ARM.Collect$$libshutdown$$0000000F      0x08000166   Section        0  libshutdown2.o(.ARM.Collect$$libshutdown$$0000000F)
    .ARM.Collect$$libshutdown$$00000010      0x08000166   Section        2  libshutdown2.o(.ARM.Collect$$libshutdown$$00000010)
    .ARM.Collect$$rtentry$$00000000          0x08000168   Section        0  __rtentry.o(.ARM.Collect$$rtentry$$00000000)
    .ARM.Collect$$rtentry$$00000002          0x08000168   Section        0  __rtentry2.o(.ARM.Collect$$rtentry$$00000002)
    .ARM.Collect$$rtentry$$00000004          0x08000168   Section        6  __rtentry4.o(.ARM.Collect$$rtentry$$00000004)
    .ARM.Collect$$rtentry$$00000009          0x0800016e   Section        0  __rtentry2.o(.ARM.Collect$$rtentry$$00000009)
    .ARM.Collect$$rtentry$$0000000A          0x0800016e   Section        4  __rtentry2.o(.ARM.Collect$$rtentry$$0000000A)
    .ARM.Collect$$rtentry$$0000000C          0x08000172   Section        0  __rtentry2.o(.ARM.Collect$$rtentry$$0000000C)
    .ARM.Collect$$rtentry$$0000000D          0x08000172   Section        8  __rtentry2.o(.ARM.Collect$$rtentry$$0000000D)
    .ARM.Collect$$rtexit$$00000000           0x0800017a   Section        2  rtexit.o(.ARM.Collect$$rtexit$$00000000)
    .ARM.Collect$$rtexit$$00000002           0x0800017c   Section        0  rtexit2.o(.ARM.Collect$$rtexit$$00000002)
    .ARM.Collect$$rtexit$$00000003           0x0800017c   Section        4  rtexit2.o(.ARM.Collect$$rtexit$$00000003)
    .ARM.Collect$$rtexit$$00000004           0x08000180   Section        6  rtexit2.o(.ARM.Collect$$rtexit$$00000004)
    .text                                    0x08000188   Section       64  startup_stm32f10x_md.o(.text)
    .text                                    0x080001c8   Section        0  heapauxi.o(.text)
    .text                                    0x080001d0   Section        8  libspace.o(.text)
    .text                                    0x080001d8   Section       74  sys_stackheap_outer.o(.text)
    .text                                    0x08000222   Section        0  exit.o(.text)
    .text                                    0x08000234   Section        0  sys_exit.o(.text)
    .text                                    0x08000240   Section        2  use_no_semi.o(.text)
    .text                                    0x08000242   Section        0  indicate_semi.o(.text)
    i.BusFault_Handler                       0x08000242   Section        0  stm32f10x_it.o(i.BusFault_Handler)
    i.DebugMon_Handler                       0x08000246   Section        0  stm32f10x_it.o(i.DebugMon_Handler)
    i.Encoder_Get                            0x08000248   Section        0  encoder.o(i.Encoder_Get)
    i.Encoder_Init                           0x08000264   Section        0  encoder.o(i.Encoder_Init)
    i.GPIO_EXTILineConfig                    0x08000304   Section        0  stm32f10x_gpio.o(i.GPIO_EXTILineConfig)
    i.GPIO_Init                              0x08000344   Section        0  stm32f10x_gpio.o(i.GPIO_Init)
    i.GPIO_ReadInputDataBit                  0x0800045a   Section        0  stm32f10x_gpio.o(i.GPIO_ReadInputDataBit)
    i.GPIO_ResetBits                         0x0800046c   Section        0  stm32f10x_gpio.o(i.GPIO_ResetBits)
    i.GPIO_SetBits                           0x08000470   Section        0  stm32f10x_gpio.o(i.GPIO_SetBits)
    i.GPIO_WriteBit                          0x08000474   Section        0  stm32f10x_gpio.o(i.GPIO_WriteBit)
    i.HardFault_Handler                      0x0800047e   Section        0  stm32f10x_it.o(i.HardFault_Handler)
    i.Key_GetState                           0x08000484   Section        0  key.o(i.Key_GetState)
    i.Key_Init                               0x0800049c   Section        0  key.o(i.Key_Init)
    i.Key_Tick                               0x080004c8   Section        0  key.o(i.Key_Tick)
    i.MemManage_Handler                      0x08000518   Section        0  stm32f10x_it.o(i.MemManage_Handler)
    i.Menu_Init                              0x0800051c   Section        0  menu_system.o(i.Menu_Init)
    i.Motor1_SetPWM                          0x08000564   Section        0  motor.o(i.Motor1_SetPWM)
    i.Motor2_SetPWM                          0x080005ac   Section        0  motor.o(i.Motor2_SetPWM)
    i.Motor_Init                             0x080005f4   Section        0  motor.o(i.Motor_Init)
    i.NMI_Handler                            0x08000650   Section        0  stm32f10x_it.o(i.NMI_Handler)
    i.NVIC_Init                              0x08000654   Section        0  misc.o(i.NVIC_Init)
    i.NVIC_PriorityGroupConfig               0x080006c4   Section        0  misc.o(i.NVIC_PriorityGroupConfig)
    i.OLED_Clear                             0x080006d8   Section        0  oled.o(i.OLED_Clear)
    i.OLED_I2C_Init                          0x08000704   Section        0  oled.o(i.OLED_I2C_Init)
    i.OLED_I2C_SendByte                      0x08000754   Section        0  oled.o(i.OLED_I2C_SendByte)
    i.OLED_I2C_Start                         0x080007b0   Section        0  oled.o(i.OLED_I2C_Start)
    i.OLED_I2C_Stop                          0x080007e4   Section        0  oled.o(i.OLED_I2C_Stop)
    i.OLED_Init                              0x0800080c   Section        0  oled.o(i.OLED_Init)
    i.OLED_SetCursor                         0x080008ba   Section        0  oled.o(i.OLED_SetCursor)
    i.OLED_ShowChar                          0x080008dc   Section        0  oled.o(i.OLED_ShowChar)
    i.OLED_ShowString                        0x08000950   Section        0  oled.o(i.OLED_ShowString)
    i.OLED_WriteCommand                      0x08000978   Section        0  oled.o(i.OLED_WriteCommand)
    i.OLED_WriteData                         0x08000998   Section        0  oled.o(i.OLED_WriteData)
    i.PWM_Init                               0x080009b8   Section        0  pwm.o(i.PWM_Init)
    i.PWM_SetCompare3                        0x08000a4c   Section        0  pwm.o(i.PWM_SetCompare3)
    i.PWM_SetCompare4                        0x08000a5c   Section        0  pwm.o(i.PWM_SetCompare4)
    i.PendSV_Handler                         0x08000a6c   Section        0  stm32f10x_it.o(i.PendSV_Handler)
    i.RCC_APB1PeriphClockCmd                 0x08000a70   Section        0  stm32f10x_rcc.o(i.RCC_APB1PeriphClockCmd)
    i.RCC_APB2PeriphClockCmd                 0x08000a90   Section        0  stm32f10x_rcc.o(i.RCC_APB2PeriphClockCmd)
    i.RCC_GetClocksFreq                      0x08000ab0   Section        0  stm32f10x_rcc.o(i.RCC_GetClocksFreq)
    i.SVC_Handler                            0x08000b84   Section        0  stm32f10x_it.o(i.SVC_Handler)
    i.Serial_Init                            0x08000b88   Section        0  serial.o(i.Serial_Init)
    i.SetSysClock                            0x08000c40   Section        0  system_stm32f10x.o(i.SetSysClock)
    SetSysClock                              0x08000c41   Thumb Code     8  system_stm32f10x.o(i.SetSysClock)
    i.SetSysClockTo72                        0x08000c48   Section        0  system_stm32f10x.o(i.SetSysClockTo72)
    SetSysClockTo72                          0x08000c49   Thumb Code   214  system_stm32f10x.o(i.SetSysClockTo72)
    i.SysTick_Handler                        0x08000d28   Section        0  stm32f10x_it.o(i.SysTick_Handler)
    i.SystemInit                             0x08000d2c   Section        0  system_stm32f10x.o(i.SystemInit)
    i.TI1_Config                             0x08000d8c   Section        0  stm32f10x_tim.o(i.TI1_Config)
    TI1_Config                               0x08000d8d   Thumb Code   108  stm32f10x_tim.o(i.TI1_Config)
    i.TI2_Config                             0x08000e0c   Section        0  stm32f10x_tim.o(i.TI2_Config)
    TI2_Config                               0x08000e0d   Thumb Code   130  stm32f10x_tim.o(i.TI2_Config)
    i.TI3_Config                             0x08000ea4   Section        0  stm32f10x_tim.o(i.TI3_Config)
    TI3_Config                               0x08000ea5   Thumb Code   122  stm32f10x_tim.o(i.TI3_Config)
    i.TI4_Config                             0x08000f34   Section        0  stm32f10x_tim.o(i.TI4_Config)
    TI4_Config                               0x08000f35   Thumb Code   130  stm32f10x_tim.o(i.TI4_Config)
    i.TIM2_IRQHandler                        0x08000fcc   Section        0  main.o(i.TIM2_IRQHandler)
    i.TIM_ClearFlag                          0x08001120   Section        0  stm32f10x_tim.o(i.TIM_ClearFlag)
    i.TIM_ClearITPendingBit                  0x08001126   Section        0  stm32f10x_tim.o(i.TIM_ClearITPendingBit)
    i.TIM_Cmd                                0x0800112c   Section        0  stm32f10x_tim.o(i.TIM_Cmd)
    i.TIM_EncoderInterfaceConfig             0x08001144   Section        0  stm32f10x_tim.o(i.TIM_EncoderInterfaceConfig)
    i.TIM_GetCounter                         0x08001186   Section        0  stm32f10x_tim.o(i.TIM_GetCounter)
    i.TIM_GetITStatus                        0x0800118c   Section        0  stm32f10x_tim.o(i.TIM_GetITStatus)
    i.TIM_ICInit                             0x080011b0   Section        0  stm32f10x_tim.o(i.TIM_ICInit)
    i.TIM_ICStructInit                       0x0800125c   Section        0  stm32f10x_tim.o(i.TIM_ICStructInit)
    i.TIM_ITConfig                           0x0800126e   Section        0  stm32f10x_tim.o(i.TIM_ITConfig)
    i.TIM_InternalClockConfig                0x08001280   Section        0  stm32f10x_tim.o(i.TIM_InternalClockConfig)
    i.TIM_OC3Init                            0x0800128c   Section        0  stm32f10x_tim.o(i.TIM_OC3Init)
    i.TIM_OCStructInit                       0x0800132c   Section        0  stm32f10x_tim.o(i.TIM_OCStructInit)
    i.TIM_SetCompare3                        0x08001340   Section        0  stm32f10x_tim.o(i.TIM_SetCompare3)
    i.TIM_SetCounter                         0x08001344   Section        0  stm32f10x_tim.o(i.TIM_SetCounter)
    i.TIM_SetIC1Prescaler                    0x08001348   Section        0  stm32f10x_tim.o(i.TIM_SetIC1Prescaler)
    i.TIM_SetIC2Prescaler                    0x0800135a   Section        0  stm32f10x_tim.o(i.TIM_SetIC2Prescaler)
    i.TIM_SetIC3Prescaler                    0x08001374   Section        0  stm32f10x_tim.o(i.TIM_SetIC3Prescaler)
    i.TIM_SetIC4Prescaler                    0x08001386   Section        0  stm32f10x_tim.o(i.TIM_SetIC4Prescaler)
    i.TIM_TimeBaseInit                       0x080013a0   Section        0  stm32f10x_tim.o(i.TIM_TimeBaseInit)
    i.Timer_Init                             0x08001444   Section        0  timer.o(i.Timer_Init)
    i.USART1_IRQHandler                      0x080014c0   Section        0  serial.o(i.USART1_IRQHandler)
    i.USART_ClearITPendingBit                0x08001560   Section        0  stm32f10x_usart.o(i.USART_ClearITPendingBit)
    i.USART_Cmd                              0x0800157e   Section        0  stm32f10x_usart.o(i.USART_Cmd)
    i.USART_GetITStatus                      0x08001596   Section        0  stm32f10x_usart.o(i.USART_GetITStatus)
    i.USART_ITConfig                         0x080015ea   Section        0  stm32f10x_usart.o(i.USART_ITConfig)
    i.USART_Init                             0x08001634   Section        0  stm32f10x_usart.o(i.USART_Init)
    i.USART_ReceiveData                      0x0800170c   Section        0  stm32f10x_usart.o(i.USART_ReceiveData)
    i.UsageFault_Handler                     0x08001716   Section        0  stm32f10x_it.o(i.UsageFault_Handler)
    i.display_menu                           0x0800171c   Section        0  menu_system.o(i.display_menu)
    i.main                                   0x08001768   Section        0  main.o(i.main)
    x$fpl$fadd                               0x08001784   Section      196  faddsub_clz.o(x$fpl$fadd)
    _fadd1                                   0x08001793   Thumb Code     0  faddsub_clz.o(x$fpl$fadd)
    x$fpl$fcmpinf                            0x08001848   Section       24  fcmpi.o(x$fpl$fcmpinf)
    x$fpl$feqf                               0x08001860   Section      104  feqf.o(x$fpl$feqf)
    x$fpl$ffix                               0x080018c8   Section       54  ffix.o(x$fpl$ffix)
    x$fpl$fflt                               0x08001900   Section       48  fflt_clz.o(x$fpl$fflt)
    x$fpl$fleqf                              0x08001930   Section      104  fleqf.o(x$fpl$fleqf)
    x$fpl$fmul                               0x08001998   Section      258  fmul.o(x$fpl$fmul)
    x$fpl$fnaninf                            0x08001a9a   Section      140  fnaninf.o(x$fpl$fnaninf)
    x$fpl$fretinf                            0x08001b26   Section       10  fretinf.o(x$fpl$fretinf)
    x$fpl$frleqf                             0x08001b30   Section       98  frleqf.o(x$fpl$frleqf)
    x$fpl$frsb                               0x08001b92   Section       20  faddsub_clz.o(x$fpl$frsb)
    x$fpl$fsub                               0x08001ba8   Section      234  faddsub_clz.o(x$fpl$fsub)
    _fsub1                                   0x08001bb7   Thumb Code     0  faddsub_clz.o(x$fpl$fsub)
    .constdata                               0x08001c92   Section     1520  oled.o(.constdata)
    x$fpl$usenofp                            0x08001c92   Section        0  usenofp.o(x$fpl$usenofp)
    .data                                    0x20000000   Section       42  main.o(.data)
    Count                                    0x20000028   Data           2  main.o(.data)
    .data                                    0x2000002a   Section       20  stm32f10x_rcc.o(.data)
    APBAHBPrescTable                         0x2000002a   Data          16  stm32f10x_rcc.o(.data)
    ADCPrescTable                            0x2000003a   Data           4  stm32f10x_rcc.o(.data)
    .data                                    0x2000003e   Section        4  key.o(.data)
    Count                                    0x2000003e   Data           2  key.o(.data)
    CurrState                                0x20000040   Data           1  key.o(.data)
    PrevState                                0x20000041   Data           1  key.o(.data)
    .data                                    0x20000044   Section       76  menu_system.o(.data)
    .data                                    0x20000090   Section       10  serial.o(.data)
    RxState                                  0x20000098   Data           1  serial.o(.data)
    pRxPacket                                0x20000099   Data           1  serial.o(.data)
    .bss                                     0x2000009c   Section      100  serial.o(.bss)
    .bss                                     0x20000100   Section       96  libspace.o(.bss)
    HEAP                                     0x20000160   Section      512  startup_stm32f10x_md.o(HEAP)
    Heap_Mem                                 0x20000160   Data         512  startup_stm32f10x_md.o(HEAP)
    STACK                                    0x20000360   Section     1024  startup_stm32f10x_md.o(STACK)
    Stack_Mem                                0x20000360   Data        1024  startup_stm32f10x_md.o(STACK)
    __initial_sp                             0x20000760   Data           0  startup_stm32f10x_md.o(STACK)

    Global Symbols

    Symbol Name                              Value     Ov Type        Size  Object(Section)

    BuildAttributes$$THM_ISAv4$P$D$K$B$S$PE$A:L22UL41UL21$X:L11$S22US41US21$IEEE1$IW$USESV6$~STKCKD$USESV7$~SHL$OTIME$ROPI$IEEEJ$EBA8$UX$STANDARDLIB$REQ8$PRES8$EABIv2 0x00000000   Number         0  anon$$obj.o ABSOLUTE
    __ARM_use_no_argv                        0x00000000   Number         0  main.o ABSOLUTE
    _printf_flags                            0x00000000   Number         0  printf_stubs.o ABSOLUTE
    _printf_return_value                     0x00000000   Number         0  printf_stubs.o ABSOLUTE
    _printf_sizespec                         0x00000000   Number         0  printf_stubs.o ABSOLUTE
    _printf_widthprec                        0x00000000   Number         0  printf_stubs.o ABSOLUTE
    __ARM_exceptions_init                     - Undefined Weak Reference
    __alloca_initialize                       - Undefined Weak Reference
    __arm_preinit_                            - Undefined Weak Reference
    __cpp_initialize__aeabi_                  - Undefined Weak Reference
    __cxa_finalize                            - Undefined Weak Reference
    __sigvec_lookup                           - Undefined Weak Reference
    _atexit_init                              - Undefined Weak Reference
    _call_atexit_fns                          - Undefined Weak Reference
    _clock_init                               - Undefined Weak Reference
    _fp_trap_init                             - Undefined Weak Reference
    _fp_trap_shutdown                         - Undefined Weak Reference
    _get_lc_collate                           - Undefined Weak Reference
    _get_lc_monetary                          - Undefined Weak Reference
    _get_lc_time                              - Undefined Weak Reference
    _getenv_init                              - Undefined Weak Reference
    _handle_redirection                       - Undefined Weak Reference
    _init_alloc                               - Undefined Weak Reference
    _init_user_alloc                          - Undefined Weak Reference
    _initio                                   - Undefined Weak Reference
    _printf_mbtowc                            - Undefined Weak Reference
    _printf_wc                                - Undefined Weak Reference
    _rand_init                                - Undefined Weak Reference
    _signal_finish                            - Undefined Weak Reference
    _signal_init                              - Undefined Weak Reference
    _terminate_alloc                          - Undefined Weak Reference
    _terminate_user_alloc                     - Undefined Weak Reference
    _terminateio                              - Undefined Weak Reference
    __Vectors_Size                           0x000000ec   Number         0  startup_stm32f10x_md.o ABSOLUTE
    __Vectors                                0x08000000   Data           4  startup_stm32f10x_md.o(RESET)
    __Vectors_End                            0x080000ec   Data           0  startup_stm32f10x_md.o(RESET)
    __main                                   0x080000ed   Thumb Code     8  __main.o(!!!main)
    __scatterload                            0x080000f5   Thumb Code     0  __scatter.o(!!!scatter)
    __scatterload_rt2                        0x080000f5   Thumb Code    44  __scatter.o(!!!scatter)
    __scatterload_rt2_thumb_only             0x080000f5   Thumb Code     0  __scatter.o(!!!scatter)
    __scatterload_null                       0x08000103   Thumb Code     0  __scatter.o(!!!scatter)
    __scatterload_copy                       0x08000129   Thumb Code    26  __scatter_copy.o(!!handler_copy)
    __scatterload_zeroinit                   0x08000145   Thumb Code    28  __scatter_zi.o(!!handler_zi)
    __rt_lib_init                            0x08000161   Thumb Code     0  libinit.o(.ARM.Collect$$libinit$$00000000)
    __rt_lib_init_alloca_1                   0x08000163   Thumb Code     0  libinit2.o(.ARM.Collect$$libinit$$0000002E)
    __rt_lib_init_argv_1                     0x08000163   Thumb Code     0  libinit2.o(.ARM.Collect$$libinit$$0000002C)
    __rt_lib_init_atexit_1                   0x08000163   Thumb Code     0  libinit2.o(.ARM.Collect$$libinit$$0000001B)
    __rt_lib_init_clock_1                    0x08000163   Thumb Code     0  libinit2.o(.ARM.Collect$$libinit$$00000021)
    __rt_lib_init_cpp_1                      0x08000163   Thumb Code     0  libinit2.o(.ARM.Collect$$libinit$$00000032)
    __rt_lib_init_exceptions_1               0x08000163   Thumb Code     0  libinit2.o(.ARM.Collect$$libinit$$00000030)
    __rt_lib_init_fp_1                       0x08000163   Thumb Code     0  libinit2.o(.ARM.Collect$$libinit$$00000002)
    __rt_lib_init_fp_trap_1                  0x08000163   Thumb Code     0  libinit2.o(.ARM.Collect$$libinit$$0000001F)
    __rt_lib_init_getenv_1                   0x08000163   Thumb Code     0  libinit2.o(.ARM.Collect$$libinit$$00000023)
    __rt_lib_init_heap_1                     0x08000163   Thumb Code     0  libinit2.o(.ARM.Collect$$libinit$$0000000A)
    __rt_lib_init_lc_collate_1               0x08000163   Thumb Code     0  libinit2.o(.ARM.Collect$$libinit$$00000011)
    __rt_lib_init_lc_ctype_1                 0x08000163   Thumb Code     0  libinit2.o(.ARM.Collect$$libinit$$00000013)
    __rt_lib_init_lc_monetary_1              0x08000163   Thumb Code     0  libinit2.o(.ARM.Collect$$libinit$$00000015)
    __rt_lib_init_lc_numeric_1               0x08000163   Thumb Code     0  libinit2.o(.ARM.Collect$$libinit$$00000017)
    __rt_lib_init_lc_time_1                  0x08000163   Thumb Code     0  libinit2.o(.ARM.Collect$$libinit$$00000019)
    __rt_lib_init_preinit_1                  0x08000163   Thumb Code     0  libinit2.o(.ARM.Collect$$libinit$$00000004)
    __rt_lib_init_rand_1                     0x08000163   Thumb Code     0  libinit2.o(.ARM.Collect$$libinit$$0000000E)
    __rt_lib_init_return                     0x08000163   Thumb Code     0  libinit2.o(.ARM.Collect$$libinit$$00000033)
    __rt_lib_init_signal_1                   0x08000163   Thumb Code     0  libinit2.o(.ARM.Collect$$libinit$$0000001D)
    __rt_lib_init_stdio_1                    0x08000163   Thumb Code     0  libinit2.o(.ARM.Collect$$libinit$$00000025)
    __rt_lib_init_user_alloc_1               0x08000163   Thumb Code     0  libinit2.o(.ARM.Collect$$libinit$$0000000C)
    __rt_lib_shutdown                        0x08000165   Thumb Code     0  libshutdown.o(.ARM.Collect$$libshutdown$$00000000)
    __rt_lib_shutdown_cpp_1                  0x08000167   Thumb Code     0  libshutdown2.o(.ARM.Collect$$libshutdown$$00000002)
    __rt_lib_shutdown_fp_trap_1              0x08000167   Thumb Code     0  libshutdown2.o(.ARM.Collect$$libshutdown$$00000007)
    __rt_lib_shutdown_heap_1                 0x08000167   Thumb Code     0  libshutdown2.o(.ARM.Collect$$libshutdown$$0000000F)
    __rt_lib_shutdown_return                 0x08000167   Thumb Code     0  libshutdown2.o(.ARM.Collect$$libshutdown$$00000010)
    __rt_lib_shutdown_signal_1               0x08000167   Thumb Code     0  libshutdown2.o(.ARM.Collect$$libshutdown$$0000000A)
    __rt_lib_shutdown_stdio_1                0x08000167   Thumb Code     0  libshutdown2.o(.ARM.Collect$$libshutdown$$00000004)
    __rt_lib_shutdown_user_alloc_1           0x08000167   Thumb Code     0  libshutdown2.o(.ARM.Collect$$libshutdown$$0000000C)
    __rt_entry                               0x08000169   Thumb Code     0  __rtentry.o(.ARM.Collect$$rtentry$$00000000)
    __rt_entry_presh_1                       0x08000169   Thumb Code     0  __rtentry2.o(.ARM.Collect$$rtentry$$00000002)
    __rt_entry_sh                            0x08000169   Thumb Code     0  __rtentry4.o(.ARM.Collect$$rtentry$$00000004)
    __rt_entry_li                            0x0800016f   Thumb Code     0  __rtentry2.o(.ARM.Collect$$rtentry$$0000000A)
    __rt_entry_postsh_1                      0x0800016f   Thumb Code     0  __rtentry2.o(.ARM.Collect$$rtentry$$00000009)
    __rt_entry_main                          0x08000173   Thumb Code     0  __rtentry2.o(.ARM.Collect$$rtentry$$0000000D)
    __rt_entry_postli_1                      0x08000173   Thumb Code     0  __rtentry2.o(.ARM.Collect$$rtentry$$0000000C)
    __rt_exit                                0x0800017b   Thumb Code     0  rtexit.o(.ARM.Collect$$rtexit$$00000000)
    __rt_exit_ls                             0x0800017d   Thumb Code     0  rtexit2.o(.ARM.Collect$$rtexit$$00000003)
    __rt_exit_prels_1                        0x0800017d   Thumb Code     0  rtexit2.o(.ARM.Collect$$rtexit$$00000002)
    __rt_exit_exit                           0x08000181   Thumb Code     0  rtexit2.o(.ARM.Collect$$rtexit$$00000004)
    Reset_Handler                            0x08000189   Thumb Code     8  startup_stm32f10x_md.o(.text)
    ADC1_2_IRQHandler                        0x080001a3   Thumb Code     0  startup_stm32f10x_md.o(.text)
    CAN1_RX1_IRQHandler                      0x080001a3   Thumb Code     0  startup_stm32f10x_md.o(.text)
    CAN1_SCE_IRQHandler                      0x080001a3   Thumb Code     0  startup_stm32f10x_md.o(.text)
    DMA1_Channel1_IRQHandler                 0x080001a3   Thumb Code     0  startup_stm32f10x_md.o(.text)
    DMA1_Channel2_IRQHandler                 0x080001a3   Thumb Code     0  startup_stm32f10x_md.o(.text)
    DMA1_Channel3_IRQHandler                 0x080001a3   Thumb Code     0  startup_stm32f10x_md.o(.text)
    DMA1_Channel4_IRQHandler                 0x080001a3   Thumb Code     0  startup_stm32f10x_md.o(.text)
    DMA1_Channel5_IRQHandler                 0x080001a3   Thumb Code     0  startup_stm32f10x_md.o(.text)
    DMA1_Channel6_IRQHandler                 0x080001a3   Thumb Code     0  startup_stm32f10x_md.o(.text)
    DMA1_Channel7_IRQHandler                 0x080001a3   Thumb Code     0  startup_stm32f10x_md.o(.text)
    EXTI0_IRQHandler                         0x080001a3   Thumb Code     0  startup_stm32f10x_md.o(.text)
    EXTI15_10_IRQHandler                     0x080001a3   Thumb Code     0  startup_stm32f10x_md.o(.text)
    EXTI1_IRQHandler                         0x080001a3   Thumb Code     0  startup_stm32f10x_md.o(.text)
    EXTI2_IRQHandler                         0x080001a3   Thumb Code     0  startup_stm32f10x_md.o(.text)
    EXTI3_IRQHandler                         0x080001a3   Thumb Code     0  startup_stm32f10x_md.o(.text)
    EXTI4_IRQHandler                         0x080001a3   Thumb Code     0  startup_stm32f10x_md.o(.text)
    EXTI9_5_IRQHandler                       0x080001a3   Thumb Code     0  startup_stm32f10x_md.o(.text)
    FLASH_IRQHandler                         0x080001a3   Thumb Code     0  startup_stm32f10x_md.o(.text)
    I2C1_ER_IRQHandler                       0x080001a3   Thumb Code     0  startup_stm32f10x_md.o(.text)
    I2C1_EV_IRQHandler                       0x080001a3   Thumb Code     0  startup_stm32f10x_md.o(.text)
    I2C2_ER_IRQHandler                       0x080001a3   Thumb Code     0  startup_stm32f10x_md.o(.text)
    I2C2_EV_IRQHandler                       0x080001a3   Thumb Code     0  startup_stm32f10x_md.o(.text)
    PVD_IRQHandler                           0x080001a3   Thumb Code     0  startup_stm32f10x_md.o(.text)
    RCC_IRQHandler                           0x080001a3   Thumb Code     0  startup_stm32f10x_md.o(.text)
    RTCAlarm_IRQHandler                      0x080001a3   Thumb Code     0  startup_stm32f10x_md.o(.text)
    RTC_IRQHandler                           0x080001a3   Thumb Code     0  startup_stm32f10x_md.o(.text)
    SPI1_IRQHandler                          0x080001a3   Thumb Code     0  startup_stm32f10x_md.o(.text)
    SPI2_IRQHandler                          0x080001a3   Thumb Code     0  startup_stm32f10x_md.o(.text)
    TAMPER_IRQHandler                        0x080001a3   Thumb Code     0  startup_stm32f10x_md.o(.text)
    TIM1_BRK_IRQHandler                      0x080001a3   Thumb Code     0  startup_stm32f10x_md.o(.text)
    TIM1_CC_IRQHandler                       0x080001a3   Thumb Code     0  startup_stm32f10x_md.o(.text)
    TIM1_TRG_COM_IRQHandler                  0x080001a3   Thumb Code     0  startup_stm32f10x_md.o(.text)
    TIM1_UP_IRQHandler                       0x080001a3   Thumb Code     0  startup_stm32f10x_md.o(.text)
    TIM3_IRQHandler                          0x080001a3   Thumb Code     0  startup_stm32f10x_md.o(.text)
    TIM4_IRQHandler                          0x080001a3   Thumb Code     0  startup_stm32f10x_md.o(.text)
    USART2_IRQHandler                        0x080001a3   Thumb Code     0  startup_stm32f10x_md.o(.text)
    USART3_IRQHandler                        0x080001a3   Thumb Code     0  startup_stm32f10x_md.o(.text)
    USBWakeUp_IRQHandler                     0x080001a3   Thumb Code     0  startup_stm32f10x_md.o(.text)
    USB_HP_CAN1_TX_IRQHandler                0x080001a3   Thumb Code     0  startup_stm32f10x_md.o(.text)
    USB_LP_CAN1_RX0_IRQHandler               0x080001a3   Thumb Code     0  startup_stm32f10x_md.o(.text)
    WWDG_IRQHandler                          0x080001a3   Thumb Code     0  startup_stm32f10x_md.o(.text)
    __user_initial_stackheap                 0x080001a5   Thumb Code     0  startup_stm32f10x_md.o(.text)
    __use_two_region_memory                  0x080001c9   Thumb Code     2  heapauxi.o(.text)
    __rt_heap_escrow$2region                 0x080001cb   Thumb Code     2  heapauxi.o(.text)
    __rt_heap_expand$2region                 0x080001cd   Thumb Code     2  heapauxi.o(.text)
    __user_libspace                          0x080001d1   Thumb Code     8  libspace.o(.text)
    __user_perproc_libspace                  0x080001d1   Thumb Code     0  libspace.o(.text)
    __user_perthread_libspace                0x080001d1   Thumb Code     0  libspace.o(.text)
    __user_setup_stackheap                   0x080001d9   Thumb Code    74  sys_stackheap_outer.o(.text)
    exit                                     0x08000223   Thumb Code    18  exit.o(.text)
    _sys_exit                                0x08000235   Thumb Code     8  sys_exit.o(.text)
    __I$use$semihosting                      0x08000241   Thumb Code     0  use_no_semi.o(.text)
    __use_no_semihosting_swi                 0x08000241   Thumb Code     2  use_no_semi.o(.text)
    BusFault_Handler                         0x08000243   Thumb Code     4  stm32f10x_it.o(i.BusFault_Handler)
    __semihosting_library_function           0x08000243   Thumb Code     0  indicate_semi.o(.text)
    DebugMon_Handler                         0x08000247   Thumb Code     2  stm32f10x_it.o(i.DebugMon_Handler)
    Encoder_Get                              0x08000249   Thumb Code    22  encoder.o(i.Encoder_Get)
    Encoder_Init                             0x08000265   Thumb Code   152  encoder.o(i.Encoder_Init)
    GPIO_EXTILineConfig                      0x08000305   Thumb Code    60  stm32f10x_gpio.o(i.GPIO_EXTILineConfig)
    GPIO_Init                                0x08000345   Thumb Code   278  stm32f10x_gpio.o(i.GPIO_Init)
    GPIO_ReadInputDataBit                    0x0800045b   Thumb Code    18  stm32f10x_gpio.o(i.GPIO_ReadInputDataBit)
    GPIO_ResetBits                           0x0800046d   Thumb Code     4  stm32f10x_gpio.o(i.GPIO_ResetBits)
    GPIO_SetBits                             0x08000471   Thumb Code     4  stm32f10x_gpio.o(i.GPIO_SetBits)
    GPIO_WriteBit                            0x08000475   Thumb Code    10  stm32f10x_gpio.o(i.GPIO_WriteBit)
    HardFault_Handler                        0x0800047f   Thumb Code     4  stm32f10x_it.o(i.HardFault_Handler)
    Key_GetState                             0x08000485   Thumb Code    20  key.o(i.Key_GetState)
    Key_Init                                 0x0800049d   Thumb Code    38  key.o(i.Key_Init)
    Key_Tick                                 0x080004c9   Thumb Code    64  key.o(i.Key_Tick)
    MemManage_Handler                        0x08000519   Thumb Code     4  stm32f10x_it.o(i.MemManage_Handler)
    Menu_Init                                0x0800051d   Thumb Code    66  menu_system.o(i.Menu_Init)
    Motor1_SetPWM                            0x08000565   Thumb Code    66  motor.o(i.Motor1_SetPWM)
    Motor2_SetPWM                            0x080005ad   Thumb Code    66  motor.o(i.Motor2_SetPWM)
    Motor_Init                               0x080005f5   Thumb Code    84  motor.o(i.Motor_Init)
    NMI_Handler                              0x08000651   Thumb Code     2  stm32f10x_it.o(i.NMI_Handler)
    NVIC_Init                                0x08000655   Thumb Code   100  misc.o(i.NVIC_Init)
    NVIC_PriorityGroupConfig                 0x080006c5   Thumb Code    10  misc.o(i.NVIC_PriorityGroupConfig)
    OLED_Clear                               0x080006d9   Thumb Code    42  oled.o(i.OLED_Clear)
    OLED_I2C_Init                            0x08000705   Thumb Code    76  oled.o(i.OLED_I2C_Init)
    OLED_I2C_SendByte                        0x08000755   Thumb Code    88  oled.o(i.OLED_I2C_SendByte)
    OLED_I2C_Start                           0x080007b1   Thumb Code    48  oled.o(i.OLED_I2C_Start)
    OLED_I2C_Stop                            0x080007e5   Thumb Code    36  oled.o(i.OLED_I2C_Stop)
    OLED_Init                                0x0800080d   Thumb Code   174  oled.o(i.OLED_Init)
    OLED_SetCursor                           0x080008bb   Thumb Code    34  oled.o(i.OLED_SetCursor)
    OLED_ShowChar                            0x080008dd   Thumb Code   110  oled.o(i.OLED_ShowChar)
    OLED_ShowString                          0x08000951   Thumb Code    40  oled.o(i.OLED_ShowString)
    OLED_WriteCommand                        0x08000979   Thumb Code    32  oled.o(i.OLED_WriteCommand)
    OLED_WriteData                           0x08000999   Thumb Code    32  oled.o(i.OLED_WriteData)
    PWM_Init                                 0x080009b9   Thumb Code   144  pwm.o(i.PWM_Init)
    PWM_SetCompare3                          0x08000a4d   Thumb Code    16  pwm.o(i.PWM_SetCompare3)
    PWM_SetCompare4                          0x08000a5d   Thumb Code    16  pwm.o(i.PWM_SetCompare4)
    PendSV_Handler                           0x08000a6d   Thumb Code     2  stm32f10x_it.o(i.PendSV_Handler)
    RCC_APB1PeriphClockCmd                   0x08000a71   Thumb Code    26  stm32f10x_rcc.o(i.RCC_APB1PeriphClockCmd)
    RCC_APB2PeriphClockCmd                   0x08000a91   Thumb Code    26  stm32f10x_rcc.o(i.RCC_APB2PeriphClockCmd)
    RCC_GetClocksFreq                        0x08000ab1   Thumb Code   192  stm32f10x_rcc.o(i.RCC_GetClocksFreq)
    SVC_Handler                              0x08000b85   Thumb Code     2  stm32f10x_it.o(i.SVC_Handler)
    Serial_Init                              0x08000b89   Thumb Code   174  serial.o(i.Serial_Init)
    SysTick_Handler                          0x08000d29   Thumb Code     2  stm32f10x_it.o(i.SysTick_Handler)
    SystemInit                               0x08000d2d   Thumb Code    78  system_stm32f10x.o(i.SystemInit)
    TIM2_IRQHandler                          0x08000fcd   Thumb Code   290  main.o(i.TIM2_IRQHandler)
    TIM_ClearFlag                            0x08001121   Thumb Code     6  stm32f10x_tim.o(i.TIM_ClearFlag)
    TIM_ClearITPendingBit                    0x08001127   Thumb Code     6  stm32f10x_tim.o(i.TIM_ClearITPendingBit)
    TIM_Cmd                                  0x0800112d   Thumb Code    24  stm32f10x_tim.o(i.TIM_Cmd)
    TIM_EncoderInterfaceConfig               0x08001145   Thumb Code    66  stm32f10x_tim.o(i.TIM_EncoderInterfaceConfig)
    TIM_GetCounter                           0x08001187   Thumb Code     6  stm32f10x_tim.o(i.TIM_GetCounter)
    TIM_GetITStatus                          0x0800118d   Thumb Code    34  stm32f10x_tim.o(i.TIM_GetITStatus)
    TIM_ICInit                               0x080011b1   Thumb Code   150  stm32f10x_tim.o(i.TIM_ICInit)
    TIM_ICStructInit                         0x0800125d   Thumb Code    18  stm32f10x_tim.o(i.TIM_ICStructInit)
    TIM_ITConfig                             0x0800126f   Thumb Code    18  stm32f10x_tim.o(i.TIM_ITConfig)
    TIM_InternalClockConfig                  0x08001281   Thumb Code    12  stm32f10x_tim.o(i.TIM_InternalClockConfig)
    TIM_OC3Init                              0x0800128d   Thumb Code   150  stm32f10x_tim.o(i.TIM_OC3Init)
    TIM_OCStructInit                         0x0800132d   Thumb Code    20  stm32f10x_tim.o(i.TIM_OCStructInit)
    TIM_SetCompare3                          0x08001341   Thumb Code     4  stm32f10x_tim.o(i.TIM_SetCompare3)
    TIM_SetCounter                           0x08001345   Thumb Code     4  stm32f10x_tim.o(i.TIM_SetCounter)
    TIM_SetIC1Prescaler                      0x08001349   Thumb Code    18  stm32f10x_tim.o(i.TIM_SetIC1Prescaler)
    TIM_SetIC2Prescaler                      0x0800135b   Thumb Code    26  stm32f10x_tim.o(i.TIM_SetIC2Prescaler)
    TIM_SetIC3Prescaler                      0x08001375   Thumb Code    18  stm32f10x_tim.o(i.TIM_SetIC3Prescaler)
    TIM_SetIC4Prescaler                      0x08001387   Thumb Code    26  stm32f10x_tim.o(i.TIM_SetIC4Prescaler)
    TIM_TimeBaseInit                         0x080013a1   Thumb Code   122  stm32f10x_tim.o(i.TIM_TimeBaseInit)
    Timer_Init                               0x08001445   Thumb Code   122  timer.o(i.Timer_Init)
    USART1_IRQHandler                        0x080014c1   Thumb Code   140  serial.o(i.USART1_IRQHandler)
    USART_ClearITPendingBit                  0x08001561   Thumb Code    30  stm32f10x_usart.o(i.USART_ClearITPendingBit)
    USART_Cmd                                0x0800157f   Thumb Code    24  stm32f10x_usart.o(i.USART_Cmd)
    USART_GetITStatus                        0x08001597   Thumb Code    84  stm32f10x_usart.o(i.USART_GetITStatus)
    USART_ITConfig                           0x080015eb   Thumb Code    74  stm32f10x_usart.o(i.USART_ITConfig)
    USART_Init                               0x08001635   Thumb Code   210  stm32f10x_usart.o(i.USART_Init)
    USART_ReceiveData                        0x0800170d   Thumb Code    10  stm32f10x_usart.o(i.USART_ReceiveData)
    UsageFault_Handler                       0x08001717   Thumb Code     4  stm32f10x_it.o(i.UsageFault_Handler)
    display_menu                             0x0800171d   Thumb Code    54  menu_system.o(i.display_menu)
    main                                     0x08001769   Thumb Code    28  main.o(i.main)
    __aeabi_fadd                             0x08001785   Thumb Code     0  faddsub_clz.o(x$fpl$fadd)
    _fadd                                    0x08001785   Thumb Code   196  faddsub_clz.o(x$fpl$fadd)
    __fpl_fcmp_Inf                           0x08001849   Thumb Code    24  fcmpi.o(x$fpl$fcmpinf)
    __aeabi_cfcmpeq                          0x08001861   Thumb Code     0  feqf.o(x$fpl$feqf)
    _fcmpeq                                  0x08001861   Thumb Code   104  feqf.o(x$fpl$feqf)
    __aeabi_f2iz                             0x080018c9   Thumb Code     0  ffix.o(x$fpl$ffix)
    _ffix                                    0x080018c9   Thumb Code    54  ffix.o(x$fpl$ffix)
    __aeabi_i2f                              0x08001901   Thumb Code     0  fflt_clz.o(x$fpl$fflt)
    _fflt                                    0x08001901   Thumb Code    48  fflt_clz.o(x$fpl$fflt)
    __aeabi_cfcmple                          0x08001931   Thumb Code     0  fleqf.o(x$fpl$fleqf)
    _fcmple                                  0x08001931   Thumb Code   104  fleqf.o(x$fpl$fleqf)
    __fpl_fcmple_InfNaN                      0x08001983   Thumb Code     0  fleqf.o(x$fpl$fleqf)
    __aeabi_fmul                             0x08001999   Thumb Code     0  fmul.o(x$fpl$fmul)
    _fmul                                    0x08001999   Thumb Code   258  fmul.o(x$fpl$fmul)
    __fpl_fnaninf                            0x08001a9b   Thumb Code   140  fnaninf.o(x$fpl$fnaninf)
    __fpl_fretinf                            0x08001b27   Thumb Code    10  fretinf.o(x$fpl$fretinf)
    __aeabi_cfrcmple                         0x08001b31   Thumb Code     0  frleqf.o(x$fpl$frleqf)
    _frcmple                                 0x08001b31   Thumb Code    98  frleqf.o(x$fpl$frleqf)
    __aeabi_frsub                            0x08001b93   Thumb Code     0  faddsub_clz.o(x$fpl$frsb)
    _frsb                                    0x08001b93   Thumb Code    20  faddsub_clz.o(x$fpl$frsb)
    __aeabi_fsub                             0x08001ba9   Thumb Code     0  faddsub_clz.o(x$fpl$fsub)
    _fsub                                    0x08001ba9   Thumb Code   234  faddsub_clz.o(x$fpl$fsub)
    OLED_F8x16                               0x08001c92   Data        1520  oled.o(.constdata)
    __I$use$fp                               0x08001c92   Number         0  usenofp.o(x$fpl$usenofp)
    Region$$Table$$Base                      0x08002284   Number         0  anon$$obj.o(Region$$Table)
    Region$$Table$$Limit                     0x080022a4   Number         0  anon$$obj.o(Region$$Table)
    key                                      0x20000000   Data           1  main.o(.data)
    CNT                                      0x20000002   Data           2  main.o(.data)
    Target                                   0x20000004   Data           4  main.o(.data)
    Actual                                   0x20000008   Data           4  main.o(.data)
    Out                                      0x2000000c   Data           4  main.o(.data)
    Kp                                       0x20000010   Data           4  main.o(.data)
    Ki                                       0x20000014   Data           4  main.o(.data)
    Kd                                       0x20000018   Data           4  main.o(.data)
    Error0                                   0x2000001c   Data           4  main.o(.data)
    Error1                                   0x20000020   Data           4  main.o(.data)
    Error2                                   0x20000024   Data           4  main.o(.data)
    display_dirty                            0x20000044   Data           1  menu_system.o(.data)
    mode                                     0x20000048   Data           4  menu_system.o(.data)
    MainItems                                0x2000004c   Data          40  menu_system.o(.data)
    MainMenu                                 0x20000074   Data          28  menu_system.o(.data)
    Serial_RxFlag                            0x20000090   Data           1  serial.o(.data)
    speed_value                              0x20000094   Data           4  serial.o(.data)
    Serial_RxPacket                          0x2000009c   Data         100  serial.o(.bss)
    __libspace_start                         0x20000100   Data          96  libspace.o(.bss)
    __temporary_stack_top$libspace           0x20000160   Data           0  libspace.o(.bss)



==============================================================================

Memory Map of the image

  Image Entry point : 0x08000189

  Load Region LR_1 (Base: 0x08000000, Size: 0x00002340, Max: 0xffffffff, ABSOLUTE)

    Execution Region ER_RO (Exec base: 0x08000000, Load base: 0x08000000, Size: 0x000022a4, Max: 0xffffffff, ABSOLUTE)

    Exec Addr    Load Addr    Size         Type   Attr      Idx    E Section Name        Object

    0x08000000   0x08000000   0x000000ec   Data   RO         3257    RESET               startup_stm32f10x_md.o
    0x080000ec   0x080000ec   0x00000008   Code   RO         3753  * !!!main             c_w.l(__main.o)
    0x080000f4   0x080000f4   0x00000034   Code   RO         4115    !!!scatter          c_w.l(__scatter.o)
    0x08000128   0x08000128   0x0000001a   Code   RO         4117    !!handler_copy      c_w.l(__scatter_copy.o)
    0x08000142   0x08000142   0x00000002   PAD
    0x08000144   0x08000144   0x0000001c   Code   RO         4119    !!handler_zi        c_w.l(__scatter_zi.o)
    0x08000160   0x08000160   0x00000002   Code   RO         3982    .ARM.Collect$$libinit$$00000000  c_w.l(libinit.o)
    0x08000162   0x08000162   0x00000000   Code   RO         3992    .ARM.Collect$$libinit$$00000002  c_w.l(libinit2.o)
    0x08000162   0x08000162   0x00000000   Code   RO         3994    .ARM.Collect$$libinit$$00000004  c_w.l(libinit2.o)
    0x08000162   0x08000162   0x00000000   Code   RO         3997    .ARM.Collect$$libinit$$0000000A  c_w.l(libinit2.o)
    0x08000162   0x08000162   0x00000000   Code   RO         3999    .ARM.Collect$$libinit$$0000000C  c_w.l(libinit2.o)
    0x08000162   0x08000162   0x00000000   Code   RO         4001    .ARM.Collect$$libinit$$0000000E  c_w.l(libinit2.o)
    0x08000162   0x08000162   0x00000000   Code   RO         4004    .ARM.Collect$$libinit$$00000011  c_w.l(libinit2.o)
    0x08000162   0x08000162   0x00000000   Code   RO         4006    .ARM.Collect$$libinit$$00000013  c_w.l(libinit2.o)
    0x08000162   0x08000162   0x00000000   Code   RO         4008    .ARM.Collect$$libinit$$00000015  c_w.l(libinit2.o)
    0x08000162   0x08000162   0x00000000   Code   RO         4010    .ARM.Collect$$libinit$$00000017  c_w.l(libinit2.o)
    0x08000162   0x08000162   0x00000000   Code   RO         4012    .ARM.Collect$$libinit$$00000019  c_w.l(libinit2.o)
    0x08000162   0x08000162   0x00000000   Code   RO         4014    .ARM.Collect$$libinit$$0000001B  c_w.l(libinit2.o)
    0x08000162   0x08000162   0x00000000   Code   RO         4016    .ARM.Collect$$libinit$$0000001D  c_w.l(libinit2.o)
    0x08000162   0x08000162   0x00000000   Code   RO         4018    .ARM.Collect$$libinit$$0000001F  c_w.l(libinit2.o)
    0x08000162   0x08000162   0x00000000   Code   RO         4020    .ARM.Collect$$libinit$$00000021  c_w.l(libinit2.o)
    0x08000162   0x08000162   0x00000000   Code   RO         4022    .ARM.Collect$$libinit$$00000023  c_w.l(libinit2.o)
    0x08000162   0x08000162   0x00000000   Code   RO         4024    .ARM.Collect$$libinit$$00000025  c_w.l(libinit2.o)
    0x08000162   0x08000162   0x00000000   Code   RO         4028    .ARM.Collect$$libinit$$0000002C  c_w.l(libinit2.o)
    0x08000162   0x08000162   0x00000000   Code   RO         4030    .ARM.Collect$$libinit$$0000002E  c_w.l(libinit2.o)
    0x08000162   0x08000162   0x00000000   Code   RO         4032    .ARM.Collect$$libinit$$00000030  c_w.l(libinit2.o)
    0x08000162   0x08000162   0x00000000   Code   RO         4034    .ARM.Collect$$libinit$$00000032  c_w.l(libinit2.o)
    0x08000162   0x08000162   0x00000002   Code   RO         4035    .ARM.Collect$$libinit$$00000033  c_w.l(libinit2.o)
    0x08000164   0x08000164   0x00000002   Code   RO         4055    .ARM.Collect$$libshutdown$$00000000  c_w.l(libshutdown.o)
    0x08000166   0x08000166   0x00000000   Code   RO         4068    .ARM.Collect$$libshutdown$$00000002  c_w.l(libshutdown2.o)
    0x08000166   0x08000166   0x00000000   Code   RO         4070    .ARM.Collect$$libshutdown$$00000004  c_w.l(libshutdown2.o)
    0x08000166   0x08000166   0x00000000   Code   RO         4073    .ARM.Collect$$libshutdown$$00000007  c_w.l(libshutdown2.o)
    0x08000166   0x08000166   0x00000000   Code   RO         4076    .ARM.Collect$$libshutdown$$0000000A  c_w.l(libshutdown2.o)
    0x08000166   0x08000166   0x00000000   Code   RO         4078    .ARM.Collect$$libshutdown$$0000000C  c_w.l(libshutdown2.o)
    0x08000166   0x08000166   0x00000000   Code   RO         4081    .ARM.Collect$$libshutdown$$0000000F  c_w.l(libshutdown2.o)
    0x08000166   0x08000166   0x00000002   Code   RO         4082    .ARM.Collect$$libshutdown$$00000010  c_w.l(libshutdown2.o)
    0x08000168   0x08000168   0x00000000   Code   RO         3779    .ARM.Collect$$rtentry$$00000000  c_w.l(__rtentry.o)
    0x08000168   0x08000168   0x00000000   Code   RO         3897    .ARM.Collect$$rtentry$$00000002  c_w.l(__rtentry2.o)
    0x08000168   0x08000168   0x00000006   Code   RO         3909    .ARM.Collect$$rtentry$$00000004  c_w.l(__rtentry4.o)
    0x0800016e   0x0800016e   0x00000000   Code   RO         3899    .ARM.Collect$$rtentry$$00000009  c_w.l(__rtentry2.o)
    0x0800016e   0x0800016e   0x00000004   Code   RO         3900    .ARM.Collect$$rtentry$$0000000A  c_w.l(__rtentry2.o)
    0x08000172   0x08000172   0x00000000   Code   RO         3902    .ARM.Collect$$rtentry$$0000000C  c_w.l(__rtentry2.o)
    0x08000172   0x08000172   0x00000008   Code   RO         3903    .ARM.Collect$$rtentry$$0000000D  c_w.l(__rtentry2.o)
    0x0800017a   0x0800017a   0x00000002   Code   RO         3987    .ARM.Collect$$rtexit$$00000000  c_w.l(rtexit.o)
    0x0800017c   0x0800017c   0x00000000   Code   RO         4037    .ARM.Collect$$rtexit$$00000002  c_w.l(rtexit2.o)
    0x0800017c   0x0800017c   0x00000004   Code   RO         4038    .ARM.Collect$$rtexit$$00000003  c_w.l(rtexit2.o)
    0x08000180   0x08000180   0x00000006   Code   RO         4039    .ARM.Collect$$rtexit$$00000004  c_w.l(rtexit2.o)
    0x08000186   0x08000186   0x00000002   PAD
    0x08000188   0x08000188   0x00000040   Code   RO         3258  * .text               startup_stm32f10x_md.o
    0x080001c8   0x080001c8   0x00000006   Code   RO         3751    .text               c_w.l(heapauxi.o)
    0x080001ce   0x080001ce   0x00000002   PAD
    0x080001d0   0x080001d0   0x00000008   Code   RO         3893    .text               c_w.l(libspace.o)
    0x080001d8   0x080001d8   0x0000004a   Code   RO         3933    .text               c_w.l(sys_stackheap_outer.o)
    0x08000222   0x08000222   0x00000012   Code   RO         3975    .text               c_w.l(exit.o)
    0x08000234   0x08000234   0x0000000c   Code   RO         4047    .text               c_w.l(sys_exit.o)
    0x08000240   0x08000240   0x00000002   Code   RO         4058    .text               c_w.l(use_no_semi.o)
    0x08000242   0x08000242   0x00000000   Code   RO         4060    .text               c_w.l(indicate_semi.o)
    0x08000242   0x08000242   0x00000004   Code   RO          145    i.BusFault_Handler  stm32f10x_it.o
    0x08000246   0x08000246   0x00000002   Code   RO          146    i.DebugMon_Handler  stm32f10x_it.o
    0x08000248   0x08000248   0x0000001c   Code   RO         3560    i.Encoder_Get       encoder.o
    0x08000264   0x08000264   0x000000a0   Code   RO         3561    i.Encoder_Init      encoder.o
    0x08000304   0x08000304   0x00000040   Code   RO         1392    i.GPIO_EXTILineConfig  stm32f10x_gpio.o
    0x08000344   0x08000344   0x00000116   Code   RO         1395    i.GPIO_Init         stm32f10x_gpio.o
    0x0800045a   0x0800045a   0x00000012   Code   RO         1399    i.GPIO_ReadInputDataBit  stm32f10x_gpio.o
    0x0800046c   0x0800046c   0x00000004   Code   RO         1402    i.GPIO_ResetBits    stm32f10x_gpio.o
    0x08000470   0x08000470   0x00000004   Code   RO         1403    i.GPIO_SetBits      stm32f10x_gpio.o
    0x08000474   0x08000474   0x0000000a   Code   RO         1406    i.GPIO_WriteBit     stm32f10x_gpio.o
    0x0800047e   0x0800047e   0x00000004   Code   RO          147    i.HardFault_Handler  stm32f10x_it.o
    0x08000482   0x08000482   0x00000002   PAD
    0x08000484   0x08000484   0x00000018   Code   RO         3358    i.Key_GetState      key.o
    0x0800049c   0x0800049c   0x0000002c   Code   RO         3359    i.Key_Init          key.o
    0x080004c8   0x080004c8   0x00000050   Code   RO         3360    i.Key_Tick          key.o
    0x08000518   0x08000518   0x00000004   Code   RO          148    i.MemManage_Handler  stm32f10x_it.o
    0x0800051c   0x0800051c   0x00000048   Code   RO         3503    i.Menu_Init         menu_system.o
    0x08000564   0x08000564   0x00000048   Code   RO         3602    i.Motor1_SetPWM     motor.o
    0x080005ac   0x080005ac   0x00000048   Code   RO         3603    i.Motor2_SetPWM     motor.o
    0x080005f4   0x080005f4   0x0000005c   Code   RO         3604    i.Motor_Init        motor.o
    0x08000650   0x08000650   0x00000002   Code   RO          149    i.NMI_Handler       stm32f10x_it.o
    0x08000652   0x08000652   0x00000002   PAD
    0x08000654   0x08000654   0x00000070   Code   RO          208    i.NVIC_Init         misc.o
    0x080006c4   0x080006c4   0x00000014   Code   RO          209    i.NVIC_PriorityGroupConfig  misc.o
    0x080006d8   0x080006d8   0x0000002a   Code   RO         3395    i.OLED_Clear        oled.o
    0x08000702   0x08000702   0x00000002   PAD
    0x08000704   0x08000704   0x00000050   Code   RO         3396    i.OLED_I2C_Init     oled.o
    0x08000754   0x08000754   0x0000005c   Code   RO         3397    i.OLED_I2C_SendByte  oled.o
    0x080007b0   0x080007b0   0x00000034   Code   RO         3398    i.OLED_I2C_Start    oled.o
    0x080007e4   0x080007e4   0x00000028   Code   RO         3399    i.OLED_I2C_Stop     oled.o
    0x0800080c   0x0800080c   0x000000ae   Code   RO         3400    i.OLED_Init         oled.o
    0x080008ba   0x080008ba   0x00000022   Code   RO         3402    i.OLED_SetCursor    oled.o
    0x080008dc   0x080008dc   0x00000074   Code   RO         3404    i.OLED_ShowChar     oled.o
    0x08000950   0x08000950   0x00000028   Code   RO         3408    i.OLED_ShowString   oled.o
    0x08000978   0x08000978   0x00000020   Code   RO         3409    i.OLED_WriteCommand  oled.o
    0x08000998   0x08000998   0x00000020   Code   RO         3410    i.OLED_WriteData    oled.o
    0x080009b8   0x080009b8   0x00000094   Code   RO         3715    i.PWM_Init          pwm.o
    0x08000a4c   0x08000a4c   0x00000010   Code   RO         3716    i.PWM_SetCompare3   pwm.o
    0x08000a5c   0x08000a5c   0x00000010   Code   RO         3717    i.PWM_SetCompare4   pwm.o
    0x08000a6c   0x08000a6c   0x00000002   Code   RO          150    i.PendSV_Handler    stm32f10x_it.o
    0x08000a6e   0x08000a6e   0x00000002   PAD
    0x08000a70   0x08000a70   0x00000020   Code   RO         1823    i.RCC_APB1PeriphClockCmd  stm32f10x_rcc.o
    0x08000a90   0x08000a90   0x00000020   Code   RO         1825    i.RCC_APB2PeriphClockCmd  stm32f10x_rcc.o
    0x08000ab0   0x08000ab0   0x000000d4   Code   RO         1833    i.RCC_GetClocksFreq  stm32f10x_rcc.o
    0x08000b84   0x08000b84   0x00000002   Code   RO          151    i.SVC_Handler       stm32f10x_it.o
    0x08000b86   0x08000b86   0x00000002   PAD
    0x08000b88   0x08000b88   0x000000b8   Code   RO         3630    i.Serial_Init       serial.o
    0x08000c40   0x08000c40   0x00000008   Code   RO         3262    i.SetSysClock       system_stm32f10x.o
    0x08000c48   0x08000c48   0x000000e0   Code   RO         3263    i.SetSysClockTo72   system_stm32f10x.o
    0x08000d28   0x08000d28   0x00000002   Code   RO          152    i.SysTick_Handler   stm32f10x_it.o
    0x08000d2a   0x08000d2a   0x00000002   PAD
    0x08000d2c   0x08000d2c   0x00000060   Code   RO         3265    i.SystemInit        system_stm32f10x.o
    0x08000d8c   0x08000d8c   0x00000080   Code   RO         2453    i.TI1_Config        stm32f10x_tim.o
    0x08000e0c   0x08000e0c   0x00000098   Code   RO         2454    i.TI2_Config        stm32f10x_tim.o
    0x08000ea4   0x08000ea4   0x00000090   Code   RO         2455    i.TI3_Config        stm32f10x_tim.o
    0x08000f34   0x08000f34   0x00000098   Code   RO         2456    i.TI4_Config        stm32f10x_tim.o
    0x08000fcc   0x08000fcc   0x00000154   Code   RO            1    i.TIM2_IRQHandler   main.o
    0x08001120   0x08001120   0x00000006   Code   RO         2463    i.TIM_ClearFlag     stm32f10x_tim.o
    0x08001126   0x08001126   0x00000006   Code   RO         2464    i.TIM_ClearITPendingBit  stm32f10x_tim.o
    0x0800112c   0x0800112c   0x00000018   Code   RO         2469    i.TIM_Cmd           stm32f10x_tim.o
    0x08001144   0x08001144   0x00000042   Code   RO         2478    i.TIM_EncoderInterfaceConfig  stm32f10x_tim.o
    0x08001186   0x08001186   0x00000006   Code   RO         2488    i.TIM_GetCounter    stm32f10x_tim.o
    0x0800118c   0x0800118c   0x00000022   Code   RO         2490    i.TIM_GetITStatus   stm32f10x_tim.o
    0x080011ae   0x080011ae   0x00000002   PAD
    0x080011b0   0x080011b0   0x000000ac   Code   RO         2492    i.TIM_ICInit        stm32f10x_tim.o
    0x0800125c   0x0800125c   0x00000012   Code   RO         2493    i.TIM_ICStructInit  stm32f10x_tim.o
    0x0800126e   0x0800126e   0x00000012   Code   RO         2494    i.TIM_ITConfig      stm32f10x_tim.o
    0x08001280   0x08001280   0x0000000c   Code   RO         2496    i.TIM_InternalClockConfig  stm32f10x_tim.o
    0x0800128c   0x0800128c   0x000000a0   Code   RO         2508    i.TIM_OC3Init       stm32f10x_tim.o
    0x0800132c   0x0800132c   0x00000014   Code   RO         2516    i.TIM_OCStructInit  stm32f10x_tim.o
    0x08001340   0x08001340   0x00000004   Code   RO         2532    i.TIM_SetCompare3   stm32f10x_tim.o
    0x08001344   0x08001344   0x00000004   Code   RO         2534    i.TIM_SetCounter    stm32f10x_tim.o
    0x08001348   0x08001348   0x00000012   Code   RO         2535    i.TIM_SetIC1Prescaler  stm32f10x_tim.o
    0x0800135a   0x0800135a   0x0000001a   Code   RO         2536    i.TIM_SetIC2Prescaler  stm32f10x_tim.o
    0x08001374   0x08001374   0x00000012   Code   RO         2537    i.TIM_SetIC3Prescaler  stm32f10x_tim.o
    0x08001386   0x08001386   0x0000001a   Code   RO         2538    i.TIM_SetIC4Prescaler  stm32f10x_tim.o
    0x080013a0   0x080013a0   0x000000a4   Code   RO         2540    i.TIM_TimeBaseInit  stm32f10x_tim.o
    0x08001444   0x08001444   0x0000007a   Code   RO         3340    i.Timer_Init        timer.o
    0x080014be   0x080014be   0x00000002   PAD
    0x080014c0   0x080014c0   0x000000a0   Code   RO         3637    i.USART1_IRQHandler  serial.o
    0x08001560   0x08001560   0x0000001e   Code   RO         3005    i.USART_ClearITPendingBit  stm32f10x_usart.o
    0x0800157e   0x0800157e   0x00000018   Code   RO         3008    i.USART_Cmd         stm32f10x_usart.o
    0x08001596   0x08001596   0x00000054   Code   RO         3012    i.USART_GetITStatus  stm32f10x_usart.o
    0x080015ea   0x080015ea   0x0000004a   Code   RO         3014    i.USART_ITConfig    stm32f10x_usart.o
    0x08001634   0x08001634   0x000000d8   Code   RO         3015    i.USART_Init        stm32f10x_usart.o
    0x0800170c   0x0800170c   0x0000000a   Code   RO         3022    i.USART_ReceiveData  stm32f10x_usart.o
    0x08001716   0x08001716   0x00000004   Code   RO          153    i.UsageFault_Handler  stm32f10x_it.o
    0x0800171a   0x0800171a   0x00000002   PAD
    0x0800171c   0x0800171c   0x0000004c   Code   RO         3507    i.display_menu      menu_system.o
    0x08001768   0x08001768   0x0000001c   Code   RO            2    i.main              main.o
    0x08001784   0x08001784   0x000000c4   Code   RO         3755    x$fpl$fadd          fz_ws.l(faddsub_clz.o)
    0x08001848   0x08001848   0x00000018   Code   RO         3878    x$fpl$fcmpinf       fz_ws.l(fcmpi.o)
    0x08001860   0x08001860   0x00000068   Code   RO         3761    x$fpl$feqf          fz_ws.l(feqf.o)
    0x080018c8   0x080018c8   0x00000036   Code   RO         3763    x$fpl$ffix          fz_ws.l(ffix.o)
    0x080018fe   0x080018fe   0x00000002   PAD
    0x08001900   0x08001900   0x00000030   Code   RO         3768    x$fpl$fflt          fz_ws.l(fflt_clz.o)
    0x08001930   0x08001930   0x00000068   Code   RO         3773    x$fpl$fleqf         fz_ws.l(fleqf.o)
    0x08001998   0x08001998   0x00000102   Code   RO         3775    x$fpl$fmul          fz_ws.l(fmul.o)
    0x08001a9a   0x08001a9a   0x0000008c   Code   RO         3880    x$fpl$fnaninf       fz_ws.l(fnaninf.o)
    0x08001b26   0x08001b26   0x0000000a   Code   RO         3882    x$fpl$fretinf       fz_ws.l(fretinf.o)
    0x08001b30   0x08001b30   0x00000062   Code   RO         3777    x$fpl$frleqf        fz_ws.l(frleqf.o)
    0x08001b92   0x08001b92   0x00000014   Code   RO         3756    x$fpl$frsb          fz_ws.l(faddsub_clz.o)
    0x08001ba6   0x08001ba6   0x00000002   PAD
    0x08001ba8   0x08001ba8   0x000000ea   Code   RO         3757    x$fpl$fsub          fz_ws.l(faddsub_clz.o)
    0x08001c92   0x08001c92   0x00000000   Code   RO         3892    x$fpl$usenofp       fz_ws.l(usenofp.o)
    0x08001c92   0x08001c92   0x000005f0   Data   RO         3411    .constdata          oled.o
    0x08002282   0x08002282   0x00000002   PAD
    0x08002284   0x08002284   0x00000020   Data   RO         4113    Region$$Table       anon$$obj.o


    Execution Region ER_RW (Exec base: 0x20000000, Load base: 0x080022a4, Size: 0x0000009c, Max: 0xffffffff, ABSOLUTE)

    Exec Addr    Load Addr    Size         Type   Attr      Idx    E Section Name        Object

    0x20000000   0x080022a4   0x0000002a   Data   RW            3    .data               main.o
    0x2000002a   0x080022ce   0x00000014   Data   RW         1853    .data               stm32f10x_rcc.o
    0x2000003e   0x080022e2   0x00000004   Data   RW         3361    .data               key.o
    0x20000042   0x080022e6   0x00000002   PAD
    0x20000044   0x080022e8   0x0000004c   Data   RW         3509    .data               menu_system.o
    0x20000090   0x08002334   0x0000000a   Data   RW         3641    .data               serial.o


    Execution Region ER_ZI (Exec base: 0x2000009c, Load base: 0x08002340, Size: 0x000006c4, Max: 0xffffffff, ABSOLUTE)

    Exec Addr    Load Addr    Size         Type   Attr      Idx    E Section Name        Object

    0x2000009c        -       0x00000064   Zero   RW         3640    .bss                serial.o
    0x20000100        -       0x00000060   Zero   RW         3894    .bss                c_w.l(libspace.o)
    0x20000160        -       0x00000200   Zero   RW         3256    HEAP                startup_stm32f10x_md.o
    0x20000360        -       0x00000400   Zero   RW         3255    STACK               startup_stm32f10x_md.o


==============================================================================

Image component sizes


      Code (inc. data)   RO Data    RW Data    ZI Data      Debug   Object Name

         0          0          0          0          0         32   core_cm3.o
       188         14          0          0          0       1033   encoder.o
       148         26          0          4          0       1645   key.o
       368         50          0         42          0     252619   main.o
       148         28          0         76          0       2159   menu_system.o
       132         22          0          0          0       2907   misc.o
       236         20          0          0          0       1401   motor.o
       734         22       1520          0          0       5831   oled.o
       180          4          0          0          0       1471   pwm.o
       344         30          0         10        100       1838   serial.o
        64         26        236          0       1536        756   startup_stm32f10x_md.o
       378          4          0          0          0      12606   stm32f10x_gpio.o
        26          0          0          0          0       3386   stm32f10x_it.o
       276         32          0         20          0      12738   stm32f10x_rcc.o
      1378        160          0          0          0      33218   stm32f10x_tim.o
       438          6          0          0          0      11072   stm32f10x_usart.o
       328         28          0          0          0       1685   system_stm32f10x.o
       122          0          0          0          0        509   timer.o

    ----------------------------------------------------------------------
      5506        472       1790        156       1636     346906   Object Totals
         0          0         32          0          0          0   (incl. Generated)
        18          0          2          4          0          0   (incl. Padding)

    ----------------------------------------------------------------------

      Code (inc. data)   RO Data    RW Data    ZI Data      Debug   Library Member Name

         8          0          0          0          0         68   __main.o
         0          0          0          0          0          0   __rtentry.o
        12          0          0          0          0          0   __rtentry2.o
         6          0          0          0          0          0   __rtentry4.o
        52          8          0          0          0          0   __scatter.o
        26          0          0          0          0          0   __scatter_copy.o
        28          0          0          0          0          0   __scatter_zi.o
        18          0          0          0          0         80   exit.o
         6          0          0          0          0        152   heapauxi.o
         0          0          0          0          0          0   indicate_semi.o
         2          0          0          0          0          0   libinit.o
         2          0          0          0          0          0   libinit2.o
         2          0          0          0          0          0   libshutdown.o
         2          0          0          0          0          0   libshutdown2.o
         8          4          0          0         96         68   libspace.o
         2          0          0          0          0          0   rtexit.o
        10          0          0          0          0          0   rtexit2.o
        12          4          0          0          0         68   sys_exit.o
        74          0          0          0          0         80   sys_stackheap_outer.o
         2          0          0          0          0         68   use_no_semi.o
       450          8          0          0          0        236   faddsub_clz.o
        24          0          0          0          0         68   fcmpi.o
       104          4          0          0          0         84   feqf.o
        54          4          0          0          0         84   ffix.o
        48          0          0          0          0         68   fflt_clz.o
       104          4          0          0          0         84   fleqf.o
       258          4          0          0          0         84   fmul.o
       140          4          0          0          0         84   fnaninf.o
        10          0          0          0          0         68   fretinf.o
        98          0          0          0          0         68   frleqf.o
         0          0          0          0          0          0   usenofp.o

    ----------------------------------------------------------------------
      1572         44          0          0         96       1512   Library Totals
        10          0          0          0          0          0   (incl. Padding)

    ----------------------------------------------------------------------

      Code (inc. data)   RO Data    RW Data    ZI Data      Debug   Library Name

       272         16          0          0         96        584   c_w.l
      1290         28          0          0          0        928   fz_ws.l

    ----------------------------------------------------------------------
      1572         44          0          0         96       1512   Library Totals

    ----------------------------------------------------------------------

==============================================================================


      Code (inc. data)   RO Data    RW Data    ZI Data      Debug   

      7078        516       1790        156       1732     343630   Grand Totals
      7078        516       1790        156       1732     343630   ELF Image Totals
      7078        516       1790        156          0          0   ROM Totals

==============================================================================

    Total RO  Size (Code + RO Data)                 8868 (   8.66kB)
    Total RW  Size (RW Data + ZI Data)              1888 (   1.84kB)
    Total ROM Size (Code + RO Data + RW Data)       9024 (   8.81kB)

==============================================================================

