Component: ARM Compiler 5.06 update 5 (build 528) Tool: armlink [4d35e2]

==============================================================================

Section Cross References

    startup_stm32f10x_md.o(STACK) refers (Special) to heapauxi.o(.text) for __use_two_region_memory
    startup_stm32f10x_md.o(HEAP) refers (Special) to heapauxi.o(.text) for __use_two_region_memory
    startup_stm32f10x_md.o(RESET) refers (Special) to heapauxi.o(.text) for __use_two_region_memory
    startup_stm32f10x_md.o(RESET) refers to startup_stm32f10x_md.o(STACK) for __initial_sp
    startup_stm32f10x_md.o(RESET) refers to startup_stm32f10x_md.o(.text) for Reset_Handler
    startup_stm32f10x_md.o(RESET) refers to stm32f10x_it.o(i.NMI_Handler) for NMI_Handler
    startup_stm32f10x_md.o(RESET) refers to stm32f10x_it.o(i.HardFault_Handler) for HardFault_Handler
    startup_stm32f10x_md.o(RESET) refers to stm32f10x_it.o(i.MemManage_Handler) for MemManage_Handler
    startup_stm32f10x_md.o(RESET) refers to stm32f10x_it.o(i.BusFault_Handler) for BusFault_Handler
    startup_stm32f10x_md.o(RESET) refers to stm32f10x_it.o(i.UsageFault_Handler) for UsageFault_Handler
    startup_stm32f10x_md.o(RESET) refers to stm32f10x_it.o(i.SVC_Handler) for SVC_Handler
    startup_stm32f10x_md.o(RESET) refers to stm32f10x_it.o(i.DebugMon_Handler) for DebugMon_Handler
    startup_stm32f10x_md.o(RESET) refers to stm32f10x_it.o(i.PendSV_Handler) for PendSV_Handler
    startup_stm32f10x_md.o(RESET) refers to stm32f10x_it.o(i.SysTick_Handler) for SysTick_Handler
    startup_stm32f10x_md.o(RESET) refers to main.o(i.TIM1_UP_IRQHandler) for TIM1_UP_IRQHandler
    startup_stm32f10x_md.o(RESET) refers to serial.o(i.USART1_IRQHandler) for USART1_IRQHandler
    startup_stm32f10x_md.o(.text) refers (Special) to heapauxi.o(.text) for __use_two_region_memory
    startup_stm32f10x_md.o(.text) refers to system_stm32f10x.o(i.SystemInit) for SystemInit
    startup_stm32f10x_md.o(.text) refers to __main.o(!!!main) for __main
    startup_stm32f10x_md.o(.text) refers to startup_stm32f10x_md.o(HEAP) for Heap_Mem
    startup_stm32f10x_md.o(.text) refers to startup_stm32f10x_md.o(STACK) for Stack_Mem
    system_stm32f10x.o(i.SetSysClock) refers to system_stm32f10x.o(i.SetSysClockTo72) for SetSysClockTo72
    system_stm32f10x.o(i.SystemCoreClockUpdate) refers to system_stm32f10x.o(.data) for SystemCoreClock
    system_stm32f10x.o(i.SystemInit) refers to system_stm32f10x.o(i.SetSysClock) for SetSysClock
    stm32f10x_adc.o(i.ADC_DeInit) refers to stm32f10x_rcc.o(i.RCC_APB2PeriphResetCmd) for RCC_APB2PeriphResetCmd
    stm32f10x_bkp.o(i.BKP_DeInit) refers to stm32f10x_rcc.o(i.RCC_BackupResetCmd) for RCC_BackupResetCmd
    stm32f10x_can.o(i.CAN_DeInit) refers to stm32f10x_rcc.o(i.RCC_APB1PeriphResetCmd) for RCC_APB1PeriphResetCmd
    stm32f10x_can.o(i.CAN_GetITStatus) refers to stm32f10x_can.o(i.CheckITStatus) for CheckITStatus
    stm32f10x_cec.o(i.CEC_DeInit) refers to stm32f10x_rcc.o(i.RCC_APB1PeriphResetCmd) for RCC_APB1PeriphResetCmd
    stm32f10x_dac.o(i.DAC_DeInit) refers to stm32f10x_rcc.o(i.RCC_APB1PeriphResetCmd) for RCC_APB1PeriphResetCmd
    stm32f10x_flash.o(i.FLASH_EnableWriteProtection) refers to stm32f10x_flash.o(i.FLASH_WaitForLastOperation) for FLASH_WaitForLastOperation
    stm32f10x_flash.o(i.FLASH_EraseAllBank1Pages) refers to stm32f10x_flash.o(i.FLASH_WaitForLastBank1Operation) for FLASH_WaitForLastBank1Operation
    stm32f10x_flash.o(i.FLASH_EraseAllPages) refers to stm32f10x_flash.o(i.FLASH_WaitForLastOperation) for FLASH_WaitForLastOperation
    stm32f10x_flash.o(i.FLASH_EraseOptionBytes) refers to stm32f10x_flash.o(i.FLASH_GetReadOutProtectionStatus) for FLASH_GetReadOutProtectionStatus
    stm32f10x_flash.o(i.FLASH_EraseOptionBytes) refers to stm32f10x_flash.o(i.FLASH_WaitForLastOperation) for FLASH_WaitForLastOperation
    stm32f10x_flash.o(i.FLASH_ErasePage) refers to stm32f10x_flash.o(i.FLASH_WaitForLastOperation) for FLASH_WaitForLastOperation
    stm32f10x_flash.o(i.FLASH_ProgramHalfWord) refers to stm32f10x_flash.o(i.FLASH_WaitForLastOperation) for FLASH_WaitForLastOperation
    stm32f10x_flash.o(i.FLASH_ProgramOptionByteData) refers to stm32f10x_flash.o(i.FLASH_WaitForLastOperation) for FLASH_WaitForLastOperation
    stm32f10x_flash.o(i.FLASH_ProgramWord) refers to stm32f10x_flash.o(i.FLASH_WaitForLastOperation) for FLASH_WaitForLastOperation
    stm32f10x_flash.o(i.FLASH_ReadOutProtection) refers to stm32f10x_flash.o(i.FLASH_WaitForLastOperation) for FLASH_WaitForLastOperation
    stm32f10x_flash.o(i.FLASH_UserOptionByteConfig) refers to stm32f10x_flash.o(i.FLASH_WaitForLastOperation) for FLASH_WaitForLastOperation
    stm32f10x_flash.o(i.FLASH_WaitForLastBank1Operation) refers to stm32f10x_flash.o(i.FLASH_GetBank1Status) for FLASH_GetBank1Status
    stm32f10x_flash.o(i.FLASH_WaitForLastOperation) refers to stm32f10x_flash.o(i.FLASH_GetBank1Status) for FLASH_GetBank1Status
[...]
    _fadd1                                   0x080044bf   Thumb Code     0  faddsub_clz.o(x$fpl$fadd)
    x$fpl$fcmpinf                            0x08004574   Section       24  fcmpi.o(x$fpl$fcmpinf)
    x$fpl$feqf                               0x0800458c   Section      104  feqf.o(x$fpl$feqf)
    x$fpl$ffix                               0x080045f4   Section       54  ffix.o(x$fpl$ffix)
    x$fpl$fflt                               0x0800462c   Section       48  fflt_clz.o(x$fpl$fflt)
    x$fpl$fleqf                              0x0800465c   Section      104  fleqf.o(x$fpl$fleqf)
    x$fpl$fmul                               0x080046c4   Section      258  fmul.o(x$fpl$fmul)
    x$fpl$fnaninf                            0x080047c6   Section      140  fnaninf.o(x$fpl$fnaninf)
    x$fpl$fretinf                            0x08004852   Section       10  fretinf.o(x$fpl$fretinf)
    x$fpl$frleqf                             0x0800485c   Section       98  frleqf.o(x$fpl$frleqf)
    x$fpl$frsb                               0x080048be   Section       20  faddsub_clz.o(x$fpl$frsb)
    x$fpl$fsub                               0x080048d4   Section      234  faddsub_clz.o(x$fpl$fsub)
    _fsub1                                   0x080048e3   Thumb Code     0  faddsub_clz.o(x$fpl$fsub)
    x$fpl$ieeestatus                         0x080049be   Section        6  istatus.o(x$fpl$ieeestatus)
    x$fpl$printf1                            0x080049c4   Section        4  printf1.o(x$fpl$printf1)
    x$fpl$printf2                            0x080049c8   Section        4  printf2.o(x$fpl$printf2)
    x$fpl$retnan                             0x080049cc   Section      100  retnan.o(x$fpl$retnan)
    x$fpl$scalbn                             0x08004a30   Section       92  scalbn.o(x$fpl$scalbn)
    x$fpl$scanf1                             0x08004a8c   Section        4  scanf1.o(x$fpl$scanf1)
    x$fpl$scanf2                             0x08004a90   Section        8  scanf2.o(x$fpl$scanf2)
    x$fpl$trapveneer                         0x08004a98   Section       48  trapv.o(x$fpl$trapveneer)
    .constdata                               0x08004ac8   Section     2381  oled_data.o(.constdata)
    x$fpl$usenofp                            0x08004ac8   Section        0  usenofp.o(x$fpl$usenofp)
    .constdata                               0x08005418   Section        8  _printf_wctomb.o(.constdata)
    initial_mbstate                          0x08005418   Data           8  _printf_wctomb.o(.constdata)
    .constdata                               0x08005420   Section       40  _printf_hex_int_ll_ptr.o(.constdata)
    uc_hextab                                0x08005420   Data          20  _printf_hex_int_ll_ptr.o(.constdata)
    lc_hextab                                0x08005434   Data          20  _printf_hex_int_ll_ptr.o(.constdata)
    .constdata                               0x08005448   Section       17  __printf_flags_ss_wp.o(.constdata)
    maptable                                 0x08005448   Data          17  __printf_flags_ss_wp.o(.constdata)
    .constdata                               0x08005459   Section       38  _printf_fp_hex.o(.constdata)
    lc_hextab                                0x08005459   Data          19  _printf_fp_hex.o(.constdata)
    uc_hextab                                0x0800546c   Data          19  _printf_fp_hex.o(.constdata)
    .constdata                               0x08005480   Section      148  bigflt0.o(.constdata)
    tenpwrs_x                                0x08005480   Data          60  bigflt0.o(.constdata)
    tenpwrs_i                                0x080054bc   Data          64  bigflt0.o(.constdata)
    c$$dinf                                  0x08005534   Section        8  fpconst.o(c$$dinf)
    c$$dmax                                  0x0800553c   Section        8  fpconst.o(c$$dmax)
    locale$$data                             0x08005544   Section       28  lc_numeric_c.o(locale$$data)
    __lcnum_c_name                           0x08005548   Data           2  lc_numeric_c.o(locale$$data)
    __lcnum_c_start                          0x08005550   Data           0  lc_numeric_c.o(locale$$data)
    __lcnum_c_point                          0x0800555c   Data           0  lc_numeric_c.o(locale$$data)
    __lcnum_c_thousands                      0x0800555e   Data           0  lc_numeric_c.o(locale$$data)
    __lcnum_c_grouping                       0x0800555f   Data           0  lc_numeric_c.o(locale$$data)
    locale$$data                             0x08005560   Section      272  lc_ctype_c.o(locale$$data)
    __lcnum_c_end                            0x08005560   Data           0  lc_numeric_c.o(locale$$data)
    __lcctype_c_name                         0x08005564   Data           2  lc_ctype_c.o(locale$$data)
    __lcctype_c_start                        0x0800556c   Data           0  lc_ctype_c.o(locale$$data)
    __lcctype_c_end                          0x08005670   Data           0  lc_ctype_c.o(locale$$data)
    .data                                    0x20000000   Section       20  stm32f10x_rcc.o(.data)
    APBAHBPrescTable                         0x20000000   Data          16  stm32f10x_rcc.o(.data)
    ADCPrescTable                            0x20000010   Data           4  stm32f10x_rcc.o(.data)
    .data                                    0x20000014   Section        4  key.o(.data)
    Count                                    0x20000015   Data           1  key.o(.data)
    CurrState                                0x20000016   Data           1  key.o(.data)
    PrevState                                0x20000017   Data           1  key.o(.data)
    .data                                    0x20000018   Section        4  serial.o(.data)
    RxState                                  0x2000001a   Data           1  serial.o(.data)
    pRxPacket                                0x2000001b   Data           1  serial.o(.data)
    .data                                    0x2000001c   Section       66  main.o(.data)
    Count                                    0x2000005c   Data           2  main.o(.data)
    .bss                                     0x20000060   Section     1024  oled.o(.bss)
    .bss                                     0x20000460   Section      100  serial.o(.bss)
    .bss                                     0x200004c4   Section       96  libspace.o(.bss)
    HEAP                                     0x20000528   Section      512  startup_stm32f10x_md.o(HEAP)
    Heap_Mem                                 0x20000528   Data         512  startup_stm32f10x_md.o(HEAP)
    STACK                                    0x20000728   Section     1024  startup_stm32f10x_md.o(STACK)
    Stack_Mem                                0x20000728   Data        1024  startup_stm32f10x_md.o(STACK)
    __initial_sp                             0x20000b28   Data           0  startup_stm32f10x_md.o(STACK)

    Global Symbols

    Symbol Name                              Value     Ov Type        Size  Object(Section)

    BuildAttributes$$THM_ISAv4$P$D$K$B$S$PE$A:L22UL41UL21$X:L11$S22US41US21$IEEE1$IW$USESV6$~STKCKD$USESV7$~SHL$OTIME$ROPI$IEEEX$EBA8$UX$STANDARDLIB$REQ8$PRES8$EABIv2 0x00000000   Number         0  anon$$obj.o ABSOLUTE
    __ARM_use_no_argv                        0x00000000   Number         0  main.o ABSOLUTE
    _printf_flags                            0x00000000   Number         0  printf_stubs.o ABSOLUTE
    _printf_return_value                     0x00000000   Number         0  printf_stubs.o ABSOLUTE
    _printf_sizespec                         0x00000000   Number         0  printf_stubs.o ABSOLUTE
    _printf_widthprec                        0x00000000   Number         0  printf_stubs.o ABSOLUTE
    __ARM_exceptions_init                     - Undefined Weak Reference
    __alloca_initialize                       - Undefined Weak Reference
    __arm_preinit_                            - Undefined Weak Reference
    __cpp_initialize__aeabi_                  - Undefined Weak Reference
    __cxa_finalize                            - Undefined Weak Reference
    __sigvec_lookup                           - Undefined Weak Reference
    _atexit_init                              - Undefined Weak Reference
    _call_atexit_fns                          - Undefined Weak Reference
    _clock_init                               - Undefined Weak Reference
    _fp_trap_init                             - Undefined Weak Reference
    _fp_trap_shutdown                         - Undefined Weak Reference
    _get_lc_collate                           - Undefined Weak Reference
    _get_lc_monetary                          - Undefined Weak Reference
    _get_lc_time                              - Undefined Weak Reference
    _getenv_init                              - Undefined Weak Reference
    _handle_redirection                       - Undefined Weak Reference
    _init_alloc                               - Undefined Weak Reference
    _init_user_alloc                          - Undefined Weak Reference
    _initio                                   - Undefined Weak Reference
    _printf_mbtowc                            - Undefined Weak Reference
    _printf_wc                                - Undefined Weak Reference
    _rand_init                                - Undefined Weak Reference
    _signal_finish                            - Undefined Weak Reference
    _signal_init                              - Undefined Weak Reference
    _terminate_alloc                          - Undefined Weak Reference
    _terminate_user_alloc                     - Undefined Weak Reference
    _terminateio                              - Undefined Weak Reference
    __Vectors_Size                           0x000000ec   Number         0  startup_stm32f10x_md.o ABSOLUTE
    __Vectors                                0x08000000   Data           4  startup_stm32f10x_md.o(RESET)
    __Vectors_End                            0x080000ec   Data           0  startup_stm32f10x_md.o(RESET)
    __main                                   0x080000ed   Thumb Code     8  __main.o(!!!main)
    __scatterload                            0x080000f5   Thumb Code     0  __scatter.o(!!!scatter)
    __scatterload_rt2                        0x080000f5   Thumb Code    44  __scatter.o(!!!scatter)
    __scatterload_rt2_thumb_only             0x080000f5   Thumb Code     0  __scatter.o(!!!scatter)
    __scatterload_null                       0x08000103   Thumb Code     0  __scatter.o(!!!scatter)
    __scatterload_copy                       0x08000129   Thumb Code    26  __scatter_copy.o(!!handler_copy)
    __scatterload_zeroinit                   0x08000145   Thumb Code    28  __scatter_zi.o(!!handler_zi)
    _printf_n                                0x08000161   Thumb Code     0  _printf_n.o(.ARM.Collect$$_printf_percent$$00000001)
    _printf_percent                          0x08000161   Thumb Code     0  _printf_percent.o(.ARM.Collect$$_printf_percent$$00000000)
    _printf_p                                0x08000167   Thumb Code     0  _printf_p.o(.ARM.Collect$$_printf_percent$$00000002)
    _printf_f                                0x0800016d   Thumb Code     0  _printf_f.o(.ARM.Collect$$_printf_percent$$00000003)
    _printf_e                                0x08000173   Thumb Code     0  _printf_e.o(.ARM.Collect$$_printf_percent$$00000004)
    _printf_g                                0x08000179   Thumb Code     0  _printf_g.o(.ARM.Collect$$_printf_percent$$00000005)
    _printf_a                                0x0800017f   Thumb Code     0  _printf_a.o(.ARM.Collect$$_printf_percent$$00000006)
    _printf_ll                               0x08000185   Thumb Code     0  _printf_ll.o(.ARM.Collect$$_printf_percent$$00000007)
    _printf_i                                0x0800018f   Thumb Code     0  _printf_i.o(.ARM.Collect$$_printf_percent$$00000008)
    _printf_d                                0x08000195   Thumb Code     0  _printf_d.o(.ARM.Collect$$_printf_percent$$00000009)
    _printf_u                                0x0800019b   Thumb Code     0  _printf_u.o(.ARM.Collect$$_printf_percent$$0000000A)
    _printf_o                                0x080001a1   Thumb Code     0  _printf_o.o(.ARM.Collect$$_printf_percent$$0000000B)
    _printf_x                                0x080001a7   Thumb Code     0  _printf_x.o(.ARM.Collect$$_printf_percent$$0000000C)
    _printf_lli                              0x080001ad   Thumb Code     0  _printf_lli.o(.ARM.Collect$$_printf_percent$$0000000D)
    _printf_lld                              0x080001b3   Thumb Code     0  _printf_lld.o(.ARM.Collect$$_printf_percent$$0000000E)
    _printf_llu                              0x080001b9   Thumb Code     0  _printf_llu.o(.ARM.Collect$$_printf_percent$$0000000F)
    _printf_llo                              0x080001bf   Thumb Code     0  _printf_llo.o(.ARM.Collect$$_printf_percent$$00000010)
    _printf_llx                              0x080001c5   Thumb Code     0  _printf_llx.o(.ARM.Collect$$_printf_percent$$00000011)
    _printf_l                                0x080001cb   Thumb Code     0  _printf_l.o(.ARM.Collect$$_printf_percent$$00000012)
    _printf_c                                0x080001d5   Thumb Code     0  _printf_c.o(.ARM.Collect$$_printf_percent$$00000013)
    _printf_s                                0x080001db   Thumb Code     0  _printf_s.o(.ARM.Collect$$_printf_percent$$00000014)
    _printf_lc                               0x080001e1   Thumb Code     0  _printf_lc.o(.ARM.Collect$$_printf_percent$$00000015)
    _printf_ls                               0x080001e7   Thumb Code     0  _printf_ls.o(.ARM.Collect$$_printf_percent$$00000016)
    _printf_percent_end                      0x080001ed   Thumb Code     0  _printf_percent_end.o(.ARM.Collect$$_printf_percent$$00000017)
    __rt_lib_init                            0x080001f1   Thumb Code     0  libinit.o(.ARM.Collect$$libinit$$00000000)
    __rt_lib_init_fp_1                       0x080001f3   Thumb Code     0  libinit2.o(.ARM.Collect$$libinit$$00000002)
    __rt_lib_init_heap_1                     0x080001f3   Thumb Code     0  libinit2.o(.ARM.Collect$$libinit$$0000000A)
    __rt_lib_init_lc_common                  0x080001f3   Thumb Code     0  libinit2.o(.ARM.Collect$$libinit$$0000000F)
    __rt_lib_init_preinit_1                  0x080001f3   Thumb Code     0  libinit2.o(.ARM.Collect$$libinit$$00000004)
    __rt_lib_init_rand_1                     0x080001f3   Thumb Code     0  libinit2.o(.ARM.Collect$$libinit$$0000000E)
    __rt_lib_init_user_alloc_1               0x080001f3   Thumb Code     0  libinit2.o(.ARM.Collect$$libinit$$0000000C)
    __rt_lib_init_lc_collate_1               0x080001f9   Thumb Code     0  libinit2.o(.ARM.Collect$$libinit$$00000011)
    __rt_lib_init_lc_ctype_2                 0x080001f9   Thumb Code     0  libinit2.o(.ARM.Collect$$libinit$$00000012)
    __rt_lib_init_lc_ctype_1                 0x08000205   Thumb Code     0  libinit2.o(.ARM.Collect$$libinit$$00000013)
    __rt_lib_init_lc_monetary_1              0x08000205   Thumb Code     0  libinit2.o(.ARM.Collect$$libinit$$00000015)
    __rt_lib_init_lc_numeric_2               0x08000205   Thumb Code     0  libinit2.o(.ARM.Collect$$libinit$$00000016)
    __rt_lib_init_alloca_1                   0x0800020f   Thumb Code     0  libinit2.o(.ARM.Collect$$libinit$$0000002E)
    __rt_lib_init_argv_1                     0x0800020f   Thumb Code     0  libinit2.o(.ARM.Collect$$libinit$$0000002C)
    __rt_lib_init_atexit_1                   0x0800020f   Thumb Code     0  libinit2.o(.ARM.Collect$$libinit$$0000001B)
    __rt_lib_init_clock_1                    0x0800020f   Thumb Code     0  libinit2.o(.ARM.Collect$$libinit$$00000021)
    __rt_lib_init_cpp_1                      0x0800020f   Thumb Code     0  libinit2.o(.ARM.Collect$$libinit$$00000032)
    __rt_lib_init_exceptions_1               0x0800020f   Thumb Code     0  libinit2.o(.ARM.Collect$$libinit$$00000030)
    __rt_lib_init_fp_trap_1                  0x0800020f   Thumb Code     0  libinit2.o(.ARM.Collect$$libinit$$0000001F)
    __rt_lib_init_getenv_1                   0x0800020f   Thumb Code     0  libinit2.o(.ARM.Collect$$libinit$$00000023)
    __rt_lib_init_lc_numeric_1               0x0800020f   Thumb Code     0  libinit2.o(.ARM.Collect$$libinit$$00000017)
    __rt_lib_init_lc_time_1                  0x0800020f   Thumb Code     0  libinit2.o(.ARM.Collect$$libinit$$00000019)
    __rt_lib_init_return                     0x0800020f   Thumb Code     0  libinit2.o(.ARM.Collect$$libinit$$00000033)
    __rt_lib_init_signal_1                   0x0800020f   Thumb Code     0  libinit2.o(.ARM.Collect$$libinit$$0000001D)
    __rt_lib_init_stdio_1                    0x0800020f   Thumb Code     0  libinit2.o(.ARM.Collect$$libinit$$00000025)
    __rt_lib_shutdown                        0x08000211   Thumb Code     0  libshutdown.o(.ARM.Collect$$libshutdown$$00000000)
    __rt_lib_shutdown_cpp_1                  0x08000213   Thumb Code     0  libshutdown2.o(.ARM.Collect$$libshutdown$$00000002)
    __rt_lib_shutdown_fp_trap_1              0x08000213   Thumb Code     0  libshutdown2.o(.ARM.Collect$$libshutdown$$00000007)
    __rt_lib_shutdown_heap_1                 0x08000213   Thumb Code     0  libshutdown2.o(.ARM.Collect$$libshutdown$$0000000F)
    __rt_lib_shutdown_return                 0x08000213   Thumb Code     0  libshutdown2.o(.ARM.Collect$$libshutdown$$00000010)
    __rt_lib_shutdown_signal_1               0x08000213   Thumb Code     0  libshutdown2.o(.ARM.Collect$$libshutdown$$0000000A)
    __rt_lib_shutdown_stdio_1                0x08000213   Thumb Code     0  libshutdown2.o(.ARM.Collect$$libshutdown$$00000004)
    __rt_lib_shutdown_user_alloc_1           0x08000213   Thumb Code     0  libshutdown2.o(.ARM.Collect$$libshutdown$$0000000C)
    __rt_entry                               0x08000215   Thumb Code     0  __rtentry.o(.ARM.Collect$$rtentry$$00000000)
    __rt_entry_presh_1                       0x08000215   Thumb Code     0  __rtentry2.o(.ARM.Collect$$rtentry$$00000002)
    __rt_entry_sh                            0x08000215   Thumb Code     0  __rtentry4.o(.ARM.Collect$$rtentry$$00000004)
    __rt_entry_li                            0x0800021b   Thumb Code     0  __rtentry2.o(.ARM.Collect$$rtentry$$0000000A)
    __rt_entry_postsh_1                      0x0800021b   Thumb Code     0  __rtentry2.o(.ARM.Collect$$rtentry$$00000009)
    __rt_entry_main                          0x0800021f   Thumb Code     0  __rtentry2.o(.ARM.Collect$$rtentry$$0000000D)
    __rt_entry_postli_1                      0x0800021f   Thumb Code     0  __rtentry2.o(.ARM.Collect$$rtentry$$0000000C)
    __rt_exit                                0x08000227   Thumb Code     0  rtexit.o(.ARM.Collect$$rtexit$$00000000)
    __rt_exit_ls                             0x08000229   Thumb Code     0  rtexit2.o(.ARM.Collect$$rtexit$$00000003)
    __rt_exit_prels_1                        0x08000229   Thumb Code     0  rtexit2.o(.ARM.Collect$$rtexit$$00000002)
    __rt_exit_exit                           0x0800022d   Thumb Code     0  rtexit2.o(.ARM.Collect$$rtexit$$00000004)
    Reset_Handler                            0x08000235   Thumb Code     8  startup_stm32f10x_md.o(.text)
    ADC1_2_IRQHandler                        0x0800024f   Thumb Code     0  startup_stm32f10x_md.o(.text)
    CAN1_RX1_IRQHandler                      0x0800024f   Thumb Code     0  startup_stm32f10x_md.o(.text)
    CAN1_SCE_IRQHandler                      0x0800024f   Thumb Code     0  startup_stm32f10x_md.o(.text)
    DMA1_Channel1_IRQHandler                 0x0800024f   Thumb Code     0  startup_stm32f10x_md.o(.text)
    DMA1_Channel2_IRQHandler                 0x0800024f   Thumb Code     0  startup_stm32f10x_md.o(.text)
    DMA1_Channel3_IRQHandler                 0x0800024f   Thumb Code     0  startup_stm32f10x_md.o(.text)
    DMA1_Channel4_IRQHandler                 0x0800024f   Thumb Code     0  startup_stm32f10x_md.o(.text)
    DMA1_Channel5_IRQHandler                 0x0800024f   Thumb Code     0  startup_stm32f10x_md.o(.text)
    DMA1_Channel6_IRQHandler                 0x0800024f   Thumb Code     0  startup_stm32f10x_md.o(.text)
    DMA1_Channel7_IRQHandler                 0x0800024f   Thumb Code     0  startup_stm32f10x_md.o(.text)
    EXTI0_IRQHandler                         0x0800024f   Thumb Code     0  startup_stm32f10x_md.o(.text)
    EXTI15_10_IRQHandler                     0x0800024f   Thumb Code     0  startup_stm32f10x_md.o(.text)
    EXTI1_IRQHandler                         0x0800024f   Thumb Code     0  startup_stm32f10x_md.o(.text)
    EXTI2_IRQHandler                         0x0800024f   Thumb Code     0  startup_stm32f10x_md.o(.text)
    EXTI3_IRQHandler                         0x0800024f   Thumb Code     0  startup_stm32f10x_md.o(.text)
    EXTI4_IRQHandler                         0x0800024f   Thumb Code     0  startup_stm32f10x_md.o(.text)
    EXTI9_5_IRQHandler                       0x0800024f   Thumb Code     0  startup_stm32f10x_md.o(.text)
    FLASH_IRQHandler                         0x0800024f   Thumb Code     0  startup_stm32f10x_md.o(.text)
    I2C1_ER_IRQHandler                       0x0800024f   Thumb Code     0  startup_stm32f10x_md.o(.text)
    I2C1_EV_IRQHandler                       0x0800024f   Thumb Code     0  startup_stm32f10x_md.o(.text)
    I2C2_ER_IRQHandler                       0x0800024f   Thumb Code     0  startup_stm32f10x_md.o(.text)
    I2C2_EV_IRQHandler                       0x0800024f   Thumb Code     0  startup_stm32f10x_md.o(.text)
    PVD_IRQHandler                           0x0800024f   Thumb Code     0  startup_stm32f10x_md.o(.text)
    RCC_IRQHandler                           0x0800024f   Thumb Code     0  startup_stm32f10x_md.o(.text)
    RTCAlarm_IRQHandler                      0x0800024f   Thumb Code     0  startup_stm32f10x_md.o(.text)
    RTC_IRQHandler                           0x0800024f   Thumb Code     0  startup_stm32f10x_md.o(.text)
    SPI1_IRQHandler                          0x0800024f   Thumb Code     0  startup_stm32f10x_md.o(.text)
    SPI2_IRQHandler                          0x0800024f   Thumb Code     0  startup_stm32f10x_md.o(.text)
    TAMPER_IRQHandler                        0x0800024f   Thumb Code     0  startup_stm32f10x_md.o(.text)
    TIM1_BRK_IRQHandler                      0x0800024f   Thumb Code     0  startup_stm32f10x_md.o(.text)
    TIM1_CC_IRQHandler                       0x0800024f   Thumb Code     0  startup_stm32f10x_md.o(.text)
    TIM1_TRG_COM_IRQHandler                  0x0800024f   Thumb Code     0  startup_stm32f10x_md.o(.text)
    TIM2_IRQHandler                          0x0800024f   Thumb Code     0  startup_stm32f10x_md.o(.text)
    TIM3_IRQHandler                          0x0800024f   Thumb Code     0  startup_stm32f10x_md.o(.text)
    TIM4_IRQHandler                          0x0800024f   Thumb Code     0  startup_stm32f10x_md.o(.text)
    USART2_IRQHandler                        0x0800024f   Thumb Code     0  startup_stm32f10x_md.o(.text)
    USART3_IRQHandler                        0x0800024f   Thumb Code     0  startup_stm32f10x_md.o(.text)
    USBWakeUp_IRQHandler                     0x0800024f   Thumb Code     0  startup_stm32f10x_md.o(.text)
    USB_HP_CAN1_TX_IRQHandler                0x0800024f   Thumb Code     0  startup_stm32f10x_md.o(.text)
    USB_LP_CAN1_RX0_IRQHandler               0x0800024f   Thumb Code     0  startup_stm32f10x_md.o(.text)
    WWDG_IRQHandler                          0x0800024f   Thumb Code     0  startup_stm32f10x_md.o(.text)
    __user_initial_stackheap                 0x08000251   Thumb Code     0  startup_stm32f10x_md.o(.text)
    vsprintf                                 0x08000275   Thumb Code    32  vsprintf.o(.text)
    strchr                                   0x08000299   Thumb Code    20  strchr.o(.text)
    strcmp                                   0x080002ad   Thumb Code   128  strcmpv7m.o(.text)
    __use_two_region_memory                  0x0800032d   Thumb Code     2  heapauxi.o(.text)
    __rt_heap_escrow$2region                 0x0800032f   Thumb Code     2  heapauxi.o(.text)
    __rt_heap_expand$2region                 0x08000331   Thumb Code     2  heapauxi.o(.text)
    __read_errno                             0x08000333   Thumb Code    10  _rserrno.o(.text)
    __set_errno                              0x0800033d   Thumb Code    12  _rserrno.o(.text)
    _printf_pre_padding                      0x08000349   Thumb Code    44  _printf_pad.o(.text)
    _printf_post_padding                     0x08000375   Thumb Code    34  _printf_pad.o(.text)
    _printf_truncate_signed                  0x08000397   Thumb Code    18  _printf_truncate.o(.text)
    _printf_truncate_unsigned                0x080003a9   Thumb Code    18  _printf_truncate.o(.text)
    _printf_str                              0x080003bb   Thumb Code    82  _printf_str.o(.text)
    _printf_int_dec                          0x0800040d   Thumb Code   104  _printf_dec.o(.text)
    _printf_charcount                        0x08000485   Thumb Code    40  _printf_charcount.o(.text)
    _printf_char_common                      0x080004b7   Thumb Code    32  _printf_char_common.o(.text)
    _sputc                                   0x080004dd   Thumb Code    10  _sputc.o(.text)
    _printf_wctomb                           0x080004e9   Thumb Code   182  _printf_wctomb.o(.text)
    _printf_longlong_dec                     0x080005a5   Thumb Code   108  _printf_longlong_dec.o(.text)
    _printf_longlong_oct                     0x08000621   Thumb Code    66  _printf_oct_int_ll.o(.text)
    _printf_int_oct                          0x08000663   Thumb Code    24  _printf_oct_int_ll.o(.text)
    _printf_ll_oct                           0x0800067b   Thumb Code    12  _printf_oct_int_ll.o(.text)
    _printf_longlong_hex                     0x08000691   Thumb Code    86  _printf_hex_int_ll_ptr.o(.text)
    _printf_int_hex                          0x080006e7   Thumb Code    28  _printf_hex_int_ll_ptr.o(.text)
    _printf_ll_hex                           0x08000703   Thumb Code    12  _printf_hex_int_ll_ptr.o(.text)
    _printf_hex_ptr                          0x0800070f   Thumb Code    18  _printf_hex_int_ll_ptr.o(.text)
    __printf                                 0x08000725   Thumb Code   388  __printf_flags_ss_wp.o(.text)
    __strtod_int                             0x080008e9   Thumb Code    90  strtod.o(.text)
    __aeabi_errno_addr                       0x08000951   Thumb Code     8  rt_errno_addr_intlibspace.o(.text)
    __errno$intlibspace                      0x08000951   Thumb Code     0  rt_errno_addr_intlibspace.o(.text)
    __rt_errno_addr$intlibspace              0x08000951   Thumb Code     0  rt_errno_addr_intlibspace.o(.text)
    _ll_udiv10                               0x08000959   Thumb Code   138  lludiv10.o(.text)
    isspace                                  0x080009e3   Thumb Code    18  isspace.o(.text)
    _printf_int_common                       0x080009f5   Thumb Code   178  _printf_intcommon.o(.text)
    __lib_sel_fp_printf                      0x08000aa7   Thumb Code     2  _printf_fp_dec.o(.text)
    _printf_fp_dec_real                      0x08000c59   Thumb Code   620  _printf_fp_dec.o(.text)
    _printf_fp_hex_real                      0x08000ec5   Thumb Code   756  _printf_fp_hex.o(.text)
    _printf_cs_common                        0x080011c1   Thumb Code    20  _printf_char.o(.text)
    _printf_char                             0x080011d5   Thumb Code    16  _printf_char.o(.text)
    _printf_string                           0x080011e5   Thumb Code     8  _printf_char.o(.text)
    _printf_lcs_common                       0x080011ed   Thumb Code    20  _printf_wchar.o(.text)
    _printf_wchar                            0x08001201   Thumb Code    16  _printf_wchar.o(.text)
    _printf_wstring                          0x08001211   Thumb Code     8  _printf_wchar.o(.text)
    _sgetc                                   0x08001219   Thumb Code    30  _sgetc.o(.text)
    _sbackspace                              0x08001237   Thumb Code    34  _sgetc.o(.text)
    _wcrtomb                                 0x08001259   Thumb Code    64  _wcrtomb.o(.text)
    __user_libspace                          0x08001299   Thumb Code     8  libspace.o(.text)
    __user_perproc_libspace                  0x08001299   Thumb Code     0  libspace.o(.text)
    __user_perthread_libspace                0x08001299   Thumb Code     0  libspace.o(.text)
    __user_setup_stackheap                   0x080012a1   Thumb Code    74  sys_stackheap_outer.o(.text)
    __rt_ctype_table                         0x080012ed   Thumb Code    16  rt_ctype_table.o(.text)
    __rt_locale                              0x080012fd   Thumb Code     8  rt_locale_intlibspace.o(.text)
    _printf_fp_infnan                        0x08001305   Thumb Code   112  _printf_fp_infnan.o(.text)
    _scanf_really_real                       0x080015d1   Thumb Code   684  scanf_fp.o(.text)
    _btod_etento                             0x0800187d   Thumb Code   224  bigflt0.o(.text)
    exit                                     0x08001961   Thumb Code    18  exit.o(.text)
    _scanf_really_hex_real                   0x08001975   Thumb Code   786  scanf_hexfp.o(.text)
    _scanf_really_infnan                     0x08001c95   Thumb Code   292  scanf_infnan.o(.text)
    _sys_exit                                0x08001dc9   Thumb Code     8  sys_exit.o(.text)
    __aeabi_llsl                             0x08001dd5   Thumb Code     0  llshl.o(.text)
    _ll_shift_l                              0x08001dd5   Thumb Code    38  llshl.o(.text)
    _chval                                   0x08001dfb   Thumb Code    28  _chval.o(.text)
    __I$use$semihosting                      0x08001e17   Thumb Code     0  use_no_semi.o(.text)
    __use_no_semihosting_swi                 0x08001e17   Thumb Code     2  use_no_semi.o(.text)
    __semihosting_library_function           0x08001e19   Thumb Code     0  indicate_semi.o(.text)
    _btod_d2e                                0x08001e19   Thumb Code    62  btod.o(CL$$btod_d2e)
    _d2e_denorm_low                          0x08001e57   Thumb Code    70  btod.o(CL$$btod_d2e_denorm_low)
    _d2e_norm_op1                            0x08001e9d   Thumb Code    96  btod.o(CL$$btod_d2e_norm_op1)
    __btod_div_common                        0x08001efd   Thumb Code   696  btod.o(CL$$btod_div_common)
    _e2d                                     0x08002235   Thumb Code   122  btod.o(CL$$btod_e2d)
    _e2e                                     0x080022b9   Thumb Code   220  btod.o(CL$$btod_e2e)
    _btod_ediv                               0x08002395   Thumb Code    42  btod.o(CL$$btod_ediv)
    _btod_edivd                              0x080023bf   Thumb Code    42  btod.o(CL$$btod_edivd)
    _btod_emul                               0x080023e9   Thumb Code    42  btod.o(CL$$btod_emul)
    _btod_emuld                              0x08002413   Thumb Code    42  btod.o(CL$$btod_emuld)
    __btod_mult_common                       0x0800243d   Thumb Code   580  btod.o(CL$$btod_mult_common)
    BusFault_Handler                         0x08002681   Thumb Code     4  stm32f10x_it.o(i.BusFault_Handler)
    DebugMon_Handler                         0x08002685   Thumb Code     2  stm32f10x_it.o(i.DebugMon_Handler)
    Encoder1_Get                             0x08002689   Thumb Code    22  encoder.o(i.Encoder1_Get)
    Encoder1_Init                            0x080026a5   Thumb Code   110  encoder.o(i.Encoder1_Init)
    Encoder2_Get                             0x0800271d   Thumb Code    22  encoder.o(i.Encoder2_Get)
    Encoder2_Init                            0x08002739   Thumb Code   110  encoder.o(i.Encoder2_Init)
    Extract_Speed_Value                      0x080027b1   Thumb Code    70  main.o(i.Extract_Speed_Value)
    GPIO_Init                                0x080027f7   Thumb Code   278  stm32f10x_gpio.o(i.GPIO_Init)
    GPIO_ReadInputDataBit                    0x0800290d   Thumb Code    18  stm32f10x_gpio.o(i.GPIO_ReadInputDataBit)
    GPIO_ResetBits                           0x0800291f   Thumb Code     4  stm32f10x_gpio.o(i.GPIO_ResetBits)
    GPIO_SetBits                             0x08002923   Thumb Code     4  stm32f10x_gpio.o(i.GPIO_SetBits)
    GPIO_WriteBit                            0x08002927   Thumb Code    10  stm32f10x_gpio.o(i.GPIO_WriteBit)
    HardFault_Handler                        0x08002931   Thumb Code     4  stm32f10x_it.o(i.HardFault_Handler)
    Key_GetNum                               0x08002935   Thumb Code    24  key.o(i.Key_GetNum)
    Key_GetState                             0x08002951   Thumb Code    20  key.o(i.Key_GetState)
    Key_Init                                 0x08002969   Thumb Code    38  key.o(i.Key_Init)
    Key_Tick                                 0x08002995   Thumb Code    62  key.o(i.Key_Tick)
    MemManage_Handler                        0x080029e5   Thumb Code     4  stm32f10x_it.o(i.MemManage_Handler)
    Motor1_SetPWM                            0x080029e9   Thumb Code    66  motor.o(i.Motor1_SetPWM)
    Motor2_SetPWM                            0x08002a31   Thumb Code    64  motor.o(i.Motor2_SetPWM)
    Motor_Init                               0x08002a75   Thumb Code    72  motor.o(i.Motor_Init)
    NMI_Handler                              0x08002ac1   Thumb Code     2  stm32f10x_it.o(i.NMI_Handler)
    NVIC_Init                                0x08002ac5   Thumb Code   100  misc.o(i.NVIC_Init)
    NVIC_PriorityGroupConfig                 0x08002b35   Thumb Code    10  misc.o(i.NVIC_PriorityGroupConfig)
    OLED_Clear                               0x08002b49   Thumb Code    36  oled.o(i.OLED_Clear)
    OLED_ClearArea                           0x08002b71   Thumb Code   140  oled.o(i.OLED_ClearArea)
    OLED_GPIO_Init                           0x08002c01   Thumb Code    92  oled.o(i.OLED_GPIO_Init)
    OLED_I2C_SendByte                        0x08002c61   Thumb Code    62  oled.o(i.OLED_I2C_SendByte)
    OLED_I2C_Start                           0x08002c9f   Thumb Code    28  oled.o(i.OLED_I2C_Start)
    OLED_I2C_Stop                            0x08002cbb   Thumb Code    22  oled.o(i.OLED_I2C_Stop)
    OLED_Init                                0x08002cd1   Thumb Code   154  oled.o(i.OLED_Init)
    OLED_Printf                              0x08002d6b   Thumb Code    50  oled.o(i.OLED_Printf)
    OLED_SetCursor                           0x08002d9d   Thumb Code    34  oled.o(i.OLED_SetCursor)
    OLED_ShowChar                            0x08002dc1   Thumb Code    74  oled.o(i.OLED_ShowChar)
    OLED_ShowImage                           0x08002e15   Thumb Code   248  oled.o(i.OLED_ShowImage)
    OLED_ShowString                          0x08002f11   Thumb Code   442  oled.o(i.OLED_ShowString)
    OLED_Update                              0x080030d5   Thumb Code    36  oled.o(i.OLED_Update)
    OLED_W_SCL                               0x080030fd   Thumb Code    18  oled.o(i.OLED_W_SCL)
    OLED_W_SDA                               0x08003115   Thumb Code    18  oled.o(i.OLED_W_SDA)
    OLED_WriteCommand                        0x0800312d   Thumb Code    32  oled.o(i.OLED_WriteCommand)
    OLED_WriteData                           0x0800314d   Thumb Code    46  oled.o(i.OLED_WriteData)
    PWM_Init                                 0x0800317d   Thumb Code   154  pwm.o(i.PWM_Init)
    PWM_SetCompare3                          0x0800321d   Thumb Code    16  pwm.o(i.PWM_SetCompare3)
    PWM_SetCompare4                          0x0800322d   Thumb Code    16  pwm.o(i.PWM_SetCompare4)
    PendSV_Handler                           0x0800323d   Thumb Code     2  stm32f10x_it.o(i.PendSV_Handler)
    RCC_APB1PeriphClockCmd                   0x08003241   Thumb Code    26  stm32f10x_rcc.o(i.RCC_APB1PeriphClockCmd)
    RCC_APB2PeriphClockCmd                   0x08003261   Thumb Code    26  stm32f10x_rcc.o(i.RCC_APB2PeriphClockCmd)
    RCC_GetClocksFreq                        0x08003281   Thumb Code   192  stm32f10x_rcc.o(i.RCC_GetClocksFreq)
    SVC_Handler                              0x08003355   Thumb Code     2  stm32f10x_it.o(i.SVC_Handler)
    Serial_Init                              0x08003359   Thumb Code   174  serial.o(i.Serial_Init)
    Serial_Printf                            0x08003411   Thumb Code    36  serial.o(i.Serial_Printf)
    Serial_SendByte                          0x08003435   Thumb Code    28  serial.o(i.Serial_SendByte)
    Serial_SendString                        0x08003455   Thumb Code    26  serial.o(i.Serial_SendString)
    SysTick_Handler                          0x08003559   Thumb Code     2  stm32f10x_it.o(i.SysTick_Handler)
    SystemInit                               0x0800355d   Thumb Code    78  system_stm32f10x.o(i.SystemInit)
    TIM1_UP_IRQHandler                       0x080035bd   Thumb Code   562  main.o(i.TIM1_UP_IRQHandler)
    TIM_ClearFlag                            0x0800383d   Thumb Code     6  stm32f10x_tim.o(i.TIM_ClearFlag)
    TIM_ClearITPendingBit                    0x08003843   Thumb Code     6  stm32f10x_tim.o(i.TIM_ClearITPendingBit)
    TIM_Cmd                                  0x08003849   Thumb Code    24  stm32f10x_tim.o(i.TIM_Cmd)
    TIM_EncoderInterfaceConfig               0x08003861   Thumb Code    66  stm32f10x_tim.o(i.TIM_EncoderInterfaceConfig)
    TIM_GetCounter                           0x080038a3   Thumb Code     6  stm32f10x_tim.o(i.TIM_GetCounter)
    TIM_GetITStatus                          0x080038a9   Thumb Code    34  stm32f10x_tim.o(i.TIM_GetITStatus)
    TIM_ITConfig                             0x080038cb   Thumb Code    18  stm32f10x_tim.o(i.TIM_ITConfig)
    TIM_InternalClockConfig                  0x080038dd   Thumb Code    12  stm32f10x_tim.o(i.TIM_InternalClockConfig)
    TIM_OC3Init                              0x080038e9   Thumb Code   150  stm32f10x_tim.o(i.TIM_OC3Init)
    TIM_OC4Init                              0x08003989   Thumb Code   114  stm32f10x_tim.o(i.TIM_OC4Init)
    TIM_OCStructInit                         0x08003a05   Thumb Code    20  stm32f10x_tim.o(i.TIM_OCStructInit)
    TIM_SetCompare3                          0x08003a19   Thumb Code     4  stm32f10x_tim.o(i.TIM_SetCompare3)
    TIM_SetCompare4                          0x08003a1d   Thumb Code     6  stm32f10x_tim.o(i.TIM_SetCompare4)
    TIM_SetCounter                           0x08003a23   Thumb Code     4  stm32f10x_tim.o(i.TIM_SetCounter)
    TIM_TimeBaseInit                         0x08003a29   Thumb Code   122  stm32f10x_tim.o(i.TIM_TimeBaseInit)
    Timer_Init                               0x08003acd   Thumb Code   120  timer.o(i.Timer_Init)
    USART1_IRQHandler                        0x08003b49   Thumb Code   140  serial.o(i.USART1_IRQHandler)
    USART_ClearITPendingBit                  0x08003be9   Thumb Code    30  stm32f10x_usart.o(i.USART_ClearITPendingBit)
    USART_Cmd                                0x08003c07   Thumb Code    24  stm32f10x_usart.o(i.USART_Cmd)
    USART_GetFlagStatus                      0x08003c1f   Thumb Code    26  stm32f10x_usart.o(i.USART_GetFlagStatus)
    USART_GetITStatus                        0x08003c39   Thumb Code    84  stm32f10x_usart.o(i.USART_GetITStatus)
    USART_ITConfig                           0x08003c8d   Thumb Code    74  stm32f10x_usart.o(i.USART_ITConfig)
    USART_Init                               0x08003cd9   Thumb Code   210  stm32f10x_usart.o(i.USART_Init)
    USART_ReceiveData                        0x08003db1   Thumb Code    10  stm32f10x_usart.o(i.USART_ReceiveData)
    USART_SendData                           0x08003dbb   Thumb Code     8  stm32f10x_usart.o(i.USART_SendData)
    UsageFault_Handler                       0x08003dc3   Thumb Code     4  stm32f10x_it.o(i.UsageFault_Handler)
    __ARM_fpclassify                         0x08003dc7   Thumb Code    40  fpclassify.o(i.__ARM_fpclassify)
    __mathlib_dbl_overflow                   0x08003def   Thumb Code    14  dunder.o(i.__mathlib_dbl_overflow)
    __mathlib_dbl_underflow                  0x08003dfd   Thumb Code    10  dunder.o(i.__mathlib_dbl_underflow)
    __mathlib_narrow                         0x08003e0d   Thumb Code    16  narrow.o(i.__mathlib_narrow)
    __mathlib_tofloat                        0x08003e1d   Thumb Code   184  narrow.o(i.__mathlib_tofloat)
    __support_ldexp                          0x08003ed9   Thumb Code    22  ldexp.o(i.__support_ldexp)
    _is_digit                                0x08003eef   Thumb Code    14  __printf_wp.o(i._is_digit)
    atof                                     0x08003efd   Thumb Code    42  atof.o(i.atof)
    frexp                                    0x08003f29   Thumb Code    80  frexp.o(i.frexp)
    ldexp                                    0x08003f81   Thumb Code   116  ldexp.o(i.ldexp)
    main                                     0x08003ff5   Thumb Code   266  main.o(i.main)
    _get_lc_numeric                          0x08004171   Thumb Code    44  lc_numeric_c.o(locale$$code)
    _get_lc_ctype                            0x0800419d   Thumb Code    44  lc_ctype_c.o(locale$$code)
    __aeabi_d2f                              0x080041c9   Thumb Code     0  d2f.o(x$fpl$d2f)
    _d2f                                     0x080041c9   Thumb Code    98  d2f.o(x$fpl$d2f)
    __fpl_dcheck_NaN1                        0x0800422d   Thumb Code    10  dcheck1.o(x$fpl$dcheck1)
    __fpl_dcmp_Inf                           0x0800423d   Thumb Code    24  dcmpi.o(x$fpl$dcmpinf)
    __aeabi_cdcmpeq                          0x08004255   Thumb Code     0  deqf.o(x$fpl$deqf)
    _dcmpeq                                  0x08004255   Thumb Code   120  deqf.o(x$fpl$deqf)
    __aeabi_cdcmple                          0x080042cd   Thumb Code     0  dleqf.o(x$fpl$dleqf)
    _dcmple                                  0x080042cd   Thumb Code   120  dleqf.o(x$fpl$dleqf)
    __fpl_dcmple_InfNaN                      0x0800432f   Thumb Code     0  dleqf.o(x$fpl$dleqf)
    __fpl_dnaninf                            0x08004345   Thumb Code   156  dnaninf.o(x$fpl$dnaninf)
    __fpl_dretinf                            0x080043e1   Thumb Code    12  dretinf.o(x$fpl$dretinf)
    __aeabi_cdrcmple                         0x080043ed   Thumb Code     0  drleqf.o(x$fpl$drleqf)
    _drcmple                                 0x080043ed   Thumb Code   108  drleqf.o(x$fpl$drleqf)
    __aeabi_f2d                              0x08004459   Thumb Code     0  f2d.o(x$fpl$f2d)
    _f2d                                     0x08004459   Thumb Code    86  f2d.o(x$fpl$f2d)
    __aeabi_fadd                             0x080044b1   Thumb Code     0  faddsub_clz.o(x$fpl$fadd)
    _fadd                                    0x080044b1   Thumb Code   196  faddsub_clz.o(x$fpl$fadd)
    __fpl_fcmp_Inf                           0x08004575   Thumb Code    24  fcmpi.o(x$fpl$fcmpinf)
    __aeabi_cfcmpeq                          0x0800458d   Thumb Code     0  feqf.o(x$fpl$feqf)
    _fcmpeq                                  0x0800458d   Thumb Code   104  feqf.o(x$fpl$feqf)
    __aeabi_f2iz                             0x080045f5   Thumb Code     0  ffix.o(x$fpl$ffix)
    _ffix                                    0x080045f5   Thumb Code    54  ffix.o(x$fpl$ffix)
    __aeabi_i2f                              0x0800462d   Thumb Code     0  fflt_clz.o(x$fpl$fflt)
    _fflt                                    0x0800462d   Thumb Code    48  fflt_clz.o(x$fpl$fflt)
    __aeabi_cfcmple                          0x0800465d   Thumb Code     0  fleqf.o(x$fpl$fleqf)
    _fcmple                                  0x0800465d   Thumb Code   104  fleqf.o(x$fpl$fleqf)
    __fpl_fcmple_InfNaN                      0x080046af   Thumb Code     0  fleqf.o(x$fpl$fleqf)
    __aeabi_fmul                             0x080046c5   Thumb Code     0  fmul.o(x$fpl$fmul)
    _fmul                                    0x080046c5   Thumb Code   258  fmul.o(x$fpl$fmul)
    __fpl_fnaninf                            0x080047c7   Thumb Code   140  fnaninf.o(x$fpl$fnaninf)
    __fpl_fretinf                            0x08004853   Thumb Code    10  fretinf.o(x$fpl$fretinf)
    __aeabi_cfrcmple                         0x0800485d   Thumb Code     0  frleqf.o(x$fpl$frleqf)
    _frcmple                                 0x0800485d   Thumb Code    98  frleqf.o(x$fpl$frleqf)
    __aeabi_frsub                            0x080048bf   Thumb Code     0  faddsub_clz.o(x$fpl$frsb)
    _frsb                                    0x080048bf   Thumb Code    20  faddsub_clz.o(x$fpl$frsb)
    __aeabi_fsub                             0x080048d5   Thumb Code     0  faddsub_clz.o(x$fpl$fsub)
    _fsub                                    0x080048d5   Thumb Code   234  faddsub_clz.o(x$fpl$fsub)
    __ieee_status                            0x080049bf   Thumb Code     6  istatus.o(x$fpl$ieeestatus)
    _printf_fp_dec                           0x080049c5   Thumb Code     4  printf1.o(x$fpl$printf1)
    _printf_fp_hex                           0x080049c9   Thumb Code     4  printf2.o(x$fpl$printf2)
    __fpl_return_NaN                         0x080049cd   Thumb Code   100  retnan.o(x$fpl$retnan)
    __ARM_scalbn                             0x08004a31   Thumb Code    92  scalbn.o(x$fpl$scalbn)
    _scanf_real                              0x08004a8d   Thumb Code     4  scanf1.o(x$fpl$scanf1)
    _scanf_hex_real                          0x08004a91   Thumb Code     4  scanf2.o(x$fpl$scanf2)
    _scanf_infnan                            0x08004a95   Thumb Code     4  scanf2.o(x$fpl$scanf2)
    __fpl_cmpreturn                          0x08004a99   Thumb Code    48  trapv.o(x$fpl$trapveneer)
    OLED_F8x16                               0x08004ac8   Data        1520  oled_data.o(.constdata)
    __I$use$fp                               0x08004ac8   Number         0  usenofp.o(x$fpl$usenofp)
    OLED_F6x8                                0x080050b8   Data         570  oled_data.o(.constdata)
    OLED_CF16x16                             0x080052f2   Data         259  oled_data.o(.constdata)
    Diode                                    0x080053f5   Data          32  oled_data.o(.constdata)
    Region$$Table$$Base                      0x08005514   Number         0  anon$$obj.o(Region$$Table)
    Region$$Table$$Limit                     0x08005534   Number         0  anon$$obj.o(Region$$Table)
    __aeabi_HUGE_VAL                         0x08005534   Data           0  fpconst.o(c$$dinf)
    __aeabi_HUGE_VALL                        0x08005534   Data           0  fpconst.o(c$$dinf)
    __aeabi_INFINITY                         0x08005534   Data           0  fpconst.o(c$$dinf)
    __dInf                                   0x08005534   Data           0  fpconst.o(c$$dinf)
    __huge_val                               0x08005534   Data           0  fpconst.o(c$$dinf)
    __dbl_max                                0x0800553c   Data           0  fpconst.o(c$$dmax)
    __ctype                                  0x0800556d   Data           0  lc_ctype_c.o(locale$$data)
    Key_Num                                  0x20000014   Data           1  key.o(.data)
    Serial_RxData                            0x20000018   Data           1  serial.o(.data)
    Serial_RxFlag                            0x20000019   Data           1  serial.o(.data)
    Target                                   0x2000001c   Data           4  main.o(.data)
    Actual                                   0x20000020   Data           4  main.o(.data)
    Out1                                     0x20000024   Data           4  main.o(.data)
    Out2                                     0x20000028   Data           4  main.o(.data)
    Act                                      0x2000002c   Data           4  main.o(.data)
    Kp                                       0x20000030   Data           4  main.o(.data)
    Ki                                       0x20000034   Data           4  main.o(.data)
    Kd                                       0x20000038   Data           4  main.o(.data)
    Error0                                   0x2000003c   Data           4  main.o(.data)
    Error1                                   0x20000040   Data           4  main.o(.data)
    Error2                                   0x20000044   Data           4  main.o(.data)
    E0                                       0x20000048   Data           4  main.o(.data)
    E1                                       0x2000004c   Data           4  main.o(.data)
    E2                                       0x20000050   Data           4  main.o(.data)
    KeyNum                                   0x20000054   Data           1  main.o(.data)
    PWM                                      0x20000056   Data           2  main.o(.data)
    speed                                    0x20000058   Data           4  main.o(.data)
    OLED_DisplayBuf                          0x20000060   Data        1024  oled.o(.bss)
    Serial_RxPacket                          0x20000460   Data         100  serial.o(.bss)
    __libspace_start                         0x200004c4   Data          96  libspace.o(.bss)
    __temporary_stack_top$libspace           0x20000524   Data           0  libspace.o(.bss)



==============================================================================

Memory Map of the image

  Image Entry point : 0x080000ed

  Load Region LR_IROM1 (Base: 0x08000000, Size: 0x000056d0, Max: 0x00010000, ABSOLUTE)

    Execution Region ER_IROM1 (Exec base: 0x08000000, Load base: 0x08000000, Size: 0x00005670, Max: 0x00010000, ABSOLUTE)

    Exec Addr    Load Addr    Size         Type   Attr      Idx    E Section Name        Object

    0x08000000   0x08000000   0x000000ec   Data   RO            3    RESET               startup_stm32f10x_md.o
    0x080000ec   0x080000ec   0x00000008   Code   RO         3859  * !!!main             c_w.l(__main.o)
    0x080000f4   0x080000f4   0x00000034   Code   RO         4358    !!!scatter          c_w.l(__scatter.o)
    0x08000128   0x08000128   0x0000001a   Code   RO         4360    !!handler_copy      c_w.l(__scatter_copy.o)
    0x08000142   0x08000142   0x00000002   PAD
    0x08000144   0x08000144   0x0000001c   Code   RO         4362    !!handler_zi        c_w.l(__scatter_zi.o)
    0x08000160   0x08000160   0x00000000   Code   RO         4017    .ARM.Collect$$_printf_percent$$00000000  c_w.l(_printf_percent.o)
    0x08000160   0x08000160   0x00000006   Code   RO         4006    .ARM.Collect$$_printf_percent$$00000001  c_w.l(_printf_n.o)
    0x08000166   0x08000166   0x00000006   Code   RO         4008    .ARM.Collect$$_printf_percent$$00000002  c_w.l(_printf_p.o)
    0x0800016c   0x0800016c   0x00000006   Code   RO         4013    .ARM.Collect$$_printf_percent$$00000003  c_w.l(_printf_f.o)
    0x08000172   0x08000172   0x00000006   Code   RO         4014    .ARM.Collect$$_printf_percent$$00000004  c_w.l(_printf_e.o)
    0x08000178   0x08000178   0x00000006   Code   RO         4015    .ARM.Collect$$_printf_percent$$00000005  c_w.l(_printf_g.o)
    0x0800017e   0x0800017e   0x00000006   Code   RO         4016    .ARM.Collect$$_printf_percent$$00000006  c_w.l(_printf_a.o)
    0x08000184   0x08000184   0x0000000a   Code   RO         4021    .ARM.Collect$$_printf_percent$$00000007  c_w.l(_printf_ll.o)
    0x0800018e   0x0800018e   0x00000006   Code   RO         4010    .ARM.Collect$$_printf_percent$$00000008  c_w.l(_printf_i.o)
    0x08000194   0x08000194   0x00000006   Code   RO         4011    .ARM.Collect$$_printf_percent$$00000009  c_w.l(_printf_d.o)
    0x0800019a   0x0800019a   0x00000006   Code   RO         4012    .ARM.Collect$$_printf_percent$$0000000A  c_w.l(_printf_u.o)
    0x080001a0   0x080001a0   0x00000006   Code   RO         4009    .ARM.Collect$$_printf_percent$$0000000B  c_w.l(_printf_o.o)
    0x080001a6   0x080001a6   0x00000006   Code   RO         4007    .ARM.Collect$$_printf_percent$$0000000C  c_w.l(_printf_x.o)
    0x080001ac   0x080001ac   0x00000006   Code   RO         4018    .ARM.Collect$$_printf_percent$$0000000D  c_w.l(_printf_lli.o)
    0x080001b2   0x080001b2   0x00000006   Code   RO         4019    .ARM.Collect$$_printf_percent$$0000000E  c_w.l(_printf_lld.o)
    0x080001b8   0x080001b8   0x00000006   Code   RO         4020    .ARM.Collect$$_printf_percent$$0000000F  c_w.l(_printf_llu.o)
    0x080001be   0x080001be   0x00000006   Code   RO         4025    .ARM.Collect$$_printf_percent$$00000010  c_w.l(_printf_llo.o)
    0x080001c4   0x080001c4   0x00000006   Code   RO         4026    .ARM.Collect$$_printf_percent$$00000011  c_w.l(_printf_llx.o)
    0x080001ca   0x080001ca   0x0000000a   Code   RO         4022    .ARM.Collect$$_printf_percent$$00000012  c_w.l(_printf_l.o)
    0x080001d4   0x080001d4   0x00000006   Code   RO         4004    .ARM.Collect$$_printf_percent$$00000013  c_w.l(_printf_c.o)
    0x080001da   0x080001da   0x00000006   Code   RO         4005    .ARM.Collect$$_printf_percent$$00000014  c_w.l(_printf_s.o)
    0x080001e0   0x080001e0   0x00000006   Code   RO         4023    .ARM.Collect$$_printf_percent$$00000015  c_w.l(_printf_lc.o)
    0x080001e6   0x080001e6   0x00000006   Code   RO         4024    .ARM.Collect$$_printf_percent$$00000016  c_w.l(_printf_ls.o)
    0x080001ec   0x080001ec   0x00000004   Code   RO         4114    .ARM.Collect$$_printf_percent$$00000017  c_w.l(_printf_percent_end.o)
    0x080001f0   0x080001f0   0x00000002   Code   RO         4178    .ARM.Collect$$libinit$$00000000  c_w.l(libinit.o)
    0x080001f2   0x080001f2   0x00000000   Code   RO         4180    .ARM.Collect$$libinit$$00000002  c_w.l(libinit2.o)
    0x080001f2   0x080001f2   0x00000000   Code   RO         4182    .ARM.Collect$$libinit$$00000004  c_w.l(libinit2.o)
    0x080001f2   0x080001f2   0x00000000   Code   RO         4185    .ARM.Collect$$libinit$$0000000A  c_w.l(libinit2.o)
    0x080001f2   0x080001f2   0x00000000   Code   RO         4187    .ARM.Collect$$libinit$$0000000C  c_w.l(libinit2.o)
    0x080001f2   0x080001f2   0x00000000   Code   RO         4189    .ARM.Collect$$libinit$$0000000E  c_w.l(libinit2.o)
    0x080001f2   0x080001f2   0x00000006   Code   RO         4190    .ARM.Collect$$libinit$$0000000F  c_w.l(libinit2.o)
    0x080001f8   0x080001f8   0x00000000   Code   RO         4192    .ARM.Collect$$libinit$$00000011  c_w.l(libinit2.o)
    0x080001f8   0x080001f8   0x0000000c   Code   RO         4193    .ARM.Collect$$libinit$$00000012  c_w.l(libinit2.o)
    0x08000204   0x08000204   0x00000000   Code   RO         4194    .ARM.Collect$$libinit$$00000013  c_w.l(libinit2.o)
    0x08000204   0x08000204   0x00000000   Code   RO         4196    .ARM.Collect$$libinit$$00000015  c_w.l(libinit2.o)
    0x08000204   0x08000204   0x0000000a   Code   RO         4197    .ARM.Collect$$libinit$$00000016  c_w.l(libinit2.o)
    0x0800020e   0x0800020e   0x00000000   Code   RO         4198    .ARM.Collect$$libinit$$00000017  c_w.l(libinit2.o)
    0x0800020e   0x0800020e   0x00000000   Code   RO         4200    .ARM.Collect$$libinit$$00000019  c_w.l(libinit2.o)
    0x0800020e   0x0800020e   0x00000000   Code   RO         4202    .ARM.Collect$$libinit$$0000001B  c_w.l(libinit2.o)
    0x0800020e   0x0800020e   0x00000000   Code   RO         4204    .ARM.Collect$$libinit$$0000001D  c_w.l(libinit2.o)
    0x0800020e   0x0800020e   0x00000000   Code   RO         4206    .ARM.Collect$$libinit$$0000001F  c_w.l(libinit2.o)
    0x0800020e   0x0800020e   0x00000000   Code   RO         4208    .ARM.Collect$$libinit$$00000021  c_w.l(libinit2.o)
    0x0800020e   0x0800020e   0x00000000   Code   RO         4210    .ARM.Collect$$libinit$$00000023  c_w.l(libinit2.o)
    0x0800020e   0x0800020e   0x00000000   Code   RO         4212    .ARM.Collect$$libinit$$00000025  c_w.l(libinit2.o)
    0x0800020e   0x0800020e   0x00000000   Code   RO         4216    .ARM.Collect$$libinit$$0000002C  c_w.l(libinit2.o)
    0x0800020e   0x0800020e   0x00000000   Code   RO         4218    .ARM.Collect$$libinit$$0000002E  c_w.l(libinit2.o)
    0x0800020e   0x0800020e   0x00000000   Code   RO         4220    .ARM.Collect$$libinit$$00000030  c_w.l(libinit2.o)
    0x0800020e   0x0800020e   0x00000000   Code   RO         4222    .ARM.Collect$$libinit$$00000032  c_w.l(libinit2.o)
    0x0800020e   0x0800020e   0x00000002   Code   RO         4223    .ARM.Collect$$libinit$$00000033  c_w.l(libinit2.o)
    0x08000210   0x08000210   0x00000002   Code   RO         4294    .ARM.Collect$$libshutdown$$00000000  c_w.l(libshutdown.o)
    0x08000212   0x08000212   0x00000000   Code   RO         4317    .ARM.Collect$$libshutdown$$00000002  c_w.l(libshutdown2.o)
    0x08000212   0x08000212   0x00000000   Code   RO         4319    .ARM.Collect$$libshutdown$$00000004  c_w.l(libshutdown2.o)
    0x08000212   0x08000212   0x00000000   Code   RO         4322    .ARM.Collect$$libshutdown$$00000007  c_w.l(libshutdown2.o)
    0x08000212   0x08000212   0x00000000   Code   RO         4325    .ARM.Collect$$libshutdown$$0000000A  c_w.l(libshutdown2.o)
    0x08000212   0x08000212   0x00000000   Code   RO         4327    .ARM.Collect$$libshutdown$$0000000C  c_w.l(libshutdown2.o)
    0x08000212   0x08000212   0x00000000   Code   RO         4330    .ARM.Collect$$libshutdown$$0000000F  c_w.l(libshutdown2.o)
    0x08000212   0x08000212   0x00000002   Code   RO         4331    .ARM.Collect$$libshutdown$$00000010  c_w.l(libshutdown2.o)
    0x08000214   0x08000214   0x00000000   Code   RO         3933    .ARM.Collect$$rtentry$$00000000  c_w.l(__rtentry.o)
    0x08000214   0x08000214   0x00000000   Code   RO         4078    .ARM.Collect$$rtentry$$00000002  c_w.l(__rtentry2.o)
    0x08000214   0x08000214   0x00000006   Code   RO         4090    .ARM.Collect$$rtentry$$00000004  c_w.l(__rtentry4.o)
    0x0800021a   0x0800021a   0x00000000   Code   RO         4080    .ARM.Collect$$rtentry$$00000009  c_w.l(__rtentry2.o)
    0x0800021a   0x0800021a   0x00000004   Code   RO         4081    .ARM.Collect$$rtentry$$0000000A  c_w.l(__rtentry2.o)
    0x0800021e   0x0800021e   0x00000000   Code   RO         4083    .ARM.Collect$$rtentry$$0000000C  c_w.l(__rtentry2.o)
    0x0800021e   0x0800021e   0x00000008   Code   RO         4084    .ARM.Collect$$rtentry$$0000000D  c_w.l(__rtentry2.o)
    0x08000226   0x08000226   0x00000002   Code   RO         4228    .ARM.Collect$$rtexit$$00000000  c_w.l(rtexit.o)
    0x08000228   0x08000228   0x00000000   Code   RO         4256    .ARM.Collect$$rtexit$$00000002  c_w.l(rtexit2.o)
    0x08000228   0x08000228   0x00000004   Code   RO         4257    .ARM.Collect$$rtexit$$00000003  c_w.l(rtexit2.o)
    0x0800022c   0x0800022c   0x00000006   Code   RO         4258    .ARM.Collect$$rtexit$$00000004  c_w.l(rtexit2.o)
    0x08000232   0x08000232   0x00000002   PAD
    0x08000234   0x08000234   0x00000040   Code   RO            4    .text               startup_stm32f10x_md.o
    0x08000274   0x08000274   0x00000024   Code   RO         3851    .text               c_w.l(vsprintf.o)
    0x08000298   0x08000298   0x00000014   Code   RO         3853    .text               c_w.l(strchr.o)
    0x080002ac   0x080002ac   0x00000080   Code   RO         3855    .text               c_w.l(strcmpv7m.o)
    0x0800032c   0x0800032c   0x00000006   Code   RO         3857    .text               c_w.l(heapauxi.o)
    0x08000332   0x08000332   0x00000016   Code   RO         3934    .text               c_w.l(_rserrno.o)
    0x08000348   0x08000348   0x0000004e   Code   RO         3938    .text               c_w.l(_printf_pad.o)
    0x08000396   0x08000396   0x00000024   Code   RO         3940    .text               c_w.l(_printf_truncate.o)
    0x080003ba   0x080003ba   0x00000052   Code   RO         3942    .text               c_w.l(_printf_str.o)
    0x0800040c   0x0800040c   0x00000078   Code   RO         3944    .text               c_w.l(_printf_dec.o)
    0x08000484   0x08000484   0x00000028   Code   RO         3946    .text               c_w.l(_printf_charcount.o)
    0x080004ac   0x080004ac   0x00000030   Code   RO         3948    .text               c_w.l(_printf_char_common.o)
    0x080004dc   0x080004dc   0x0000000a   Code   RO         3950    .text               c_w.l(_sputc.o)
    0x080004e6   0x080004e6   0x00000002   PAD
    0x080004e8   0x080004e8   0x000000bc   Code   RO         3952    .text               c_w.l(_printf_wctomb.o)
    0x080005a4   0x080005a4   0x0000007c   Code   RO         3955    .text               c_w.l(_printf_longlong_dec.o)
    0x08000620   0x08000620   0x00000070   Code   RO         3961    .text               c_w.l(_printf_oct_int_ll.o)
    0x08000690   0x08000690   0x00000094   Code   RO         3981    .text               c_w.l(_printf_hex_int_ll_ptr.o)
    0x08000724   0x08000724   0x00000188   Code   RO         4001    .text               c_w.l(__printf_flags_ss_wp.o)
    0x080008ac   0x080008ac   0x000000a4   Code   RO         4027    .text               c_w.l(strtod.o)
    0x08000950   0x08000950   0x00000008   Code   RO         4095    .text               c_w.l(rt_errno_addr_intlibspace.o)
    0x08000958   0x08000958   0x0000008a   Code   RO         4097    .text               c_w.l(lludiv10.o)
    0x080009e2   0x080009e2   0x00000012   Code   RO         4099    .text               c_w.l(isspace.o)
    0x080009f4   0x080009f4   0x000000b2   Code   RO         4101    .text               c_w.l(_printf_intcommon.o)
    0x08000aa6   0x08000aa6   0x0000041e   Code   RO         4103    .text               c_w.l(_printf_fp_dec.o)
    0x08000ec4   0x08000ec4   0x000002fc   Code   RO         4105    .text               c_w.l(_printf_fp_hex.o)
    0x080011c0   0x080011c0   0x0000002c   Code   RO         4110    .text               c_w.l(_printf_char.o)
    0x080011ec   0x080011ec   0x0000002c   Code   RO         4112    .text               c_w.l(_printf_wchar.o)
    0x08001218   0x08001218   0x00000040   Code   RO         4115    .text               c_w.l(_sgetc.o)
    0x08001258   0x08001258   0x00000040   Code   RO         4117    .text               c_w.l(_wcrtomb.o)
    0x08001298   0x08001298   0x00000008   Code   RO         4130    .text               c_w.l(libspace.o)
    0x080012a0   0x080012a0   0x0000004a   Code   RO         4133    .text               c_w.l(sys_stackheap_outer.o)
    0x080012ea   0x080012ea   0x00000002   PAD
    0x080012ec   0x080012ec   0x00000010   Code   RO         4135    .text               c_w.l(rt_ctype_table.o)
    0x080012fc   0x080012fc   0x00000008   Code   RO         4140    .text               c_w.l(rt_locale_intlibspace.o)
    0x08001304   0x08001304   0x00000080   Code   RO         4142    .text               c_w.l(_printf_fp_infnan.o)
    0x08001384   0x08001384   0x000004f8   Code   RO         4144    .text               c_w.l(scanf_fp.o)
    0x0800187c   0x0800187c   0x000000e4   Code   RO         4146    .text               c_w.l(bigflt0.o)
    0x08001960   0x08001960   0x00000012   Code   RO         4171    .text               c_w.l(exit.o)
    0x08001972   0x08001972   0x00000002   PAD
    0x08001974   0x08001974   0x00000320   Code   RO         4262    .text               c_w.l(scanf_hexfp.o)
    0x08001c94   0x08001c94   0x00000134   Code   RO         4264    .text               c_w.l(scanf_infnan.o)
    0x08001dc8   0x08001dc8   0x0000000c   Code   RO         4280    .text               c_w.l(sys_exit.o)
    0x08001dd4   0x08001dd4   0x00000026   Code   RO         4284    .text               c_w.l(llshl.o)
    0x08001dfa   0x08001dfa   0x0000001c   Code   RO         4286    .text               c_w.l(_chval.o)
    0x08001e16   0x08001e16   0x00000002   Code   RO         4307    .text               c_w.l(use_no_semi.o)
    0x08001e18   0x08001e18   0x00000000   Code   RO         4309    .text               c_w.l(indicate_semi.o)
    0x08001e18   0x08001e18   0x0000003e   Code   RO         4149    CL$$btod_d2e        c_w.l(btod.o)
    0x08001e56   0x08001e56   0x00000046   Code   RO         4151    CL$$btod_d2e_denorm_low  c_w.l(btod.o)
    0x08001e9c   0x08001e9c   0x00000060   Code   RO         4150    CL$$btod_d2e_norm_op1  c_w.l(btod.o)
    0x08001efc   0x08001efc   0x00000338   Code   RO         4159    CL$$btod_div_common  c_w.l(btod.o)
    0x08002234   0x08002234   0x00000084   Code   RO         4157    CL$$btod_e2d        c_w.l(btod.o)
    0x080022b8   0x080022b8   0x000000dc   Code   RO         4156    CL$$btod_e2e        c_w.l(btod.o)
    0x08002394   0x08002394   0x0000002a   Code   RO         4153    CL$$btod_ediv       c_w.l(btod.o)
    0x080023be   0x080023be   0x0000002a   Code   RO         4155    CL$$btod_edivd      c_w.l(btod.o)
    0x080023e8   0x080023e8   0x0000002a   Code   RO         4152    CL$$btod_emul       c_w.l(btod.o)
    0x08002412   0x08002412   0x0000002a   Code   RO         4154    CL$$btod_emuld      c_w.l(btod.o)
    0x0800243c   0x0800243c   0x00000244   Code   RO         4158    CL$$btod_mult_common  c_w.l(btod.o)
    0x08002680   0x08002680   0x00000004   Code   RO         3786    i.BusFault_Handler  stm32f10x_it.o
    0x08002684   0x08002684   0x00000002   Code   RO         3787    i.DebugMon_Handler  stm32f10x_it.o
    0x08002686   0x08002686   0x00000002   PAD
    0x08002688   0x08002688   0x0000001c   Code   RO         3607    i.Encoder1_Get      encoder.o
    0x080026a4   0x080026a4   0x00000078   Code   RO         3608    i.Encoder1_Init     encoder.o
    0x0800271c   0x0800271c   0x0000001c   Code   RO         3609    i.Encoder2_Get      encoder.o
    0x08002738   0x08002738   0x00000078   Code   RO         3610    i.Encoder2_Init     encoder.o
    0x080027b0   0x080027b0   0x00000046   Code   RO         3717    i.Extract_Speed_Value  main.o
    0x080027f6   0x080027f6   0x00000116   Code   RO         1347    i.GPIO_Init         stm32f10x_gpio.o
    0x0800290c   0x0800290c   0x00000012   Code   RO         1351    i.GPIO_ReadInputDataBit  stm32f10x_gpio.o
    0x0800291e   0x0800291e   0x00000004   Code   RO         1354    i.GPIO_ResetBits    stm32f10x_gpio.o
    0x08002922   0x08002922   0x00000004   Code   RO         1355    i.GPIO_SetBits      stm32f10x_gpio.o
    0x08002926   0x08002926   0x0000000a   Code   RO         1358    i.GPIO_WriteBit     stm32f10x_gpio.o
    0x08002930   0x08002930   0x00000004   Code   RO         3788    i.HardFault_Handler  stm32f10x_it.o
    0x08002934   0x08002934   0x0000001c   Code   RO         3520    i.Key_GetNum        key.o
    0x08002950   0x08002950   0x00000018   Code   RO         3521    i.Key_GetState      key.o
    0x08002968   0x08002968   0x0000002c   Code   RO         3522    i.Key_Init          key.o
    0x08002994   0x08002994   0x00000050   Code   RO         3523    i.Key_Tick          key.o
    0x080029e4   0x080029e4   0x00000004   Code   RO         3789    i.MemManage_Handler  stm32f10x_it.o
    0x080029e8   0x080029e8   0x00000048   Code   RO         3556    i.Motor1_SetPWM     motor.o
    0x08002a30   0x08002a30   0x00000044   Code   RO         3557    i.Motor2_SetPWM     motor.o
    0x08002a74   0x08002a74   0x0000004c   Code   RO         3558    i.Motor_Init        motor.o
    0x08002ac0   0x08002ac0   0x00000002   Code   RO         3790    i.NMI_Handler       stm32f10x_it.o
    0x08002ac2   0x08002ac2   0x00000002   PAD
    0x08002ac4   0x08002ac4   0x00000070   Code   RO          137    i.NVIC_Init         misc.o
    0x08002b34   0x08002b34   0x00000014   Code   RO          138    i.NVIC_PriorityGroupConfig  misc.o
    0x08002b48   0x08002b48   0x00000028   Code   RO         3262    i.OLED_Clear        oled.o
    0x08002b70   0x08002b70   0x00000090   Code   RO         3263    i.OLED_ClearArea    oled.o
    0x08002c00   0x08002c00   0x00000060   Code   RO         3271    i.OLED_GPIO_Init    oled.o
    0x08002c60   0x08002c60   0x0000003e   Code   RO         3273    i.OLED_I2C_SendByte  oled.o
    0x08002c9e   0x08002c9e   0x0000001c   Code   RO         3274    i.OLED_I2C_Start    oled.o
    0x08002cba   0x08002cba   0x00000016   Code   RO         3275    i.OLED_I2C_Stop     oled.o
    0x08002cd0   0x08002cd0   0x0000009a   Code   RO         3276    i.OLED_Init         oled.o
    0x08002d6a   0x08002d6a   0x00000032   Code   RO         3279    i.OLED_Printf       oled.o
    0x08002d9c   0x08002d9c   0x00000022   Code   RO         3282    i.OLED_SetCursor    oled.o
    0x08002dbe   0x08002dbe   0x00000002   PAD
    0x08002dc0   0x08002dc0   0x00000054   Code   RO         3284    i.OLED_ShowChar     oled.o
    0x08002e14   0x08002e14   0x000000fc   Code   RO         3287    i.OLED_ShowImage    oled.o
    0x08002f10   0x08002f10   0x000001c4   Code   RO         3290    i.OLED_ShowString   oled.o
    0x080030d4   0x080030d4   0x00000028   Code   RO         3291    i.OLED_Update       oled.o
    0x080030fc   0x080030fc   0x00000018   Code   RO         3293    i.OLED_W_SCL        oled.o
    0x08003114   0x08003114   0x00000018   Code   RO         3294    i.OLED_W_SDA        oled.o
    0x0800312c   0x0800312c   0x00000020   Code   RO         3295    i.OLED_WriteCommand  oled.o
    0x0800314c   0x0800314c   0x0000002e   Code   RO         3296    i.OLED_WriteData    oled.o
    0x0800317a   0x0800317a   0x00000002   PAD
    0x0800317c   0x0800317c   0x000000a0   Code   RO         3583    i.PWM_Init          pwm.o
    0x0800321c   0x0800321c   0x00000010   Code   RO         3584    i.PWM_SetCompare3   pwm.o
    0x0800322c   0x0800322c   0x00000010   Code   RO         3585    i.PWM_SetCompare4   pwm.o
    0x0800323c   0x0800323c   0x00000002   Code   RO         3791    i.PendSV_Handler    stm32f10x_it.o
    0x0800323e   0x0800323e   0x00000002   PAD
    0x08003240   0x08003240   0x00000020   Code   RO         1775    i.RCC_APB1PeriphClockCmd  stm32f10x_rcc.o
    0x08003260   0x08003260   0x00000020   Code   RO         1777    i.RCC_APB2PeriphClockCmd  stm32f10x_rcc.o
    0x08003280   0x08003280   0x000000d4   Code   RO         1785    i.RCC_GetClocksFreq  stm32f10x_rcc.o
    0x08003354   0x08003354   0x00000002   Code   RO         3792    i.SVC_Handler       stm32f10x_it.o
    0x08003356   0x08003356   0x00000002   PAD
    0x08003358   0x08003358   0x000000b8   Code   RO         3639    i.Serial_Init       serial.o
    0x08003410   0x08003410   0x00000024   Code   RO         3641    i.Serial_Printf     serial.o
    0x08003434   0x08003434   0x00000020   Code   RO         3643    i.Serial_SendByte   serial.o
    0x08003454   0x08003454   0x0000001a   Code   RO         3645    i.Serial_SendString  serial.o
    0x0800346e   0x0800346e   0x00000008   Code   RO           24    i.SetSysClock       system_stm32f10x.o
    0x08003476   0x08003476   0x00000002   PAD
    0x08003478   0x08003478   0x000000e0   Code   RO           25    i.SetSysClockTo72   system_stm32f10x.o
    0x08003558   0x08003558   0x00000002   Code   RO         3793    i.SysTick_Handler   stm32f10x_it.o
    0x0800355a   0x0800355a   0x00000002   PAD
    0x0800355c   0x0800355c   0x00000060   Code   RO           27    i.SystemInit        system_stm32f10x.o
    0x080035bc   0x080035bc   0x00000280   Code   RO         3718    i.TIM1_UP_IRQHandler  main.o
    0x0800383c   0x0800383c   0x00000006   Code   RO         2415    i.TIM_ClearFlag     stm32f10x_tim.o
    0x08003842   0x08003842   0x00000006   Code   RO         2416    i.TIM_ClearITPendingBit  stm32f10x_tim.o
    0x08003848   0x08003848   0x00000018   Code   RO         2421    i.TIM_Cmd           stm32f10x_tim.o
    0x08003860   0x08003860   0x00000042   Code   RO         2430    i.TIM_EncoderInterfaceConfig  stm32f10x_tim.o
    0x080038a2   0x080038a2   0x00000006   Code   RO         2440    i.TIM_GetCounter    stm32f10x_tim.o
    0x080038a8   0x080038a8   0x00000022   Code   RO         2442    i.TIM_GetITStatus   stm32f10x_tim.o
    0x080038ca   0x080038ca   0x00000012   Code   RO         2446    i.TIM_ITConfig      stm32f10x_tim.o
    0x080038dc   0x080038dc   0x0000000c   Code   RO         2448    i.TIM_InternalClockConfig  stm32f10x_tim.o
    0x080038e8   0x080038e8   0x000000a0   Code   RO         2460    i.TIM_OC3Init       stm32f10x_tim.o
    0x08003988   0x08003988   0x0000007c   Code   RO         2465    i.TIM_OC4Init       stm32f10x_tim.o
    0x08003a04   0x08003a04   0x00000014   Code   RO         2468    i.TIM_OCStructInit  stm32f10x_tim.o
    0x08003a18   0x08003a18   0x00000004   Code   RO         2484    i.TIM_SetCompare3   stm32f10x_tim.o
    0x08003a1c   0x08003a1c   0x00000006   Code   RO         2485    i.TIM_SetCompare4   stm32f10x_tim.o
    0x08003a22   0x08003a22   0x00000004   Code   RO         2486    i.TIM_SetCounter    stm32f10x_tim.o
    0x08003a26   0x08003a26   0x00000002   PAD
    0x08003a28   0x08003a28   0x000000a4   Code   RO         2492    i.TIM_TimeBaseInit  stm32f10x_tim.o
    0x08003acc   0x08003acc   0x0000007c   Code   RO         3220    i.Timer_Init        timer.o
    0x08003b48   0x08003b48   0x000000a0   Code   RO         3646    i.USART1_IRQHandler  serial.o
    0x08003be8   0x08003be8   0x0000001e   Code   RO         2957    i.USART_ClearITPendingBit  stm32f10x_usart.o
    0x08003c06   0x08003c06   0x00000018   Code   RO         2960    i.USART_Cmd         stm32f10x_usart.o
    0x08003c1e   0x08003c1e   0x0000001a   Code   RO         2963    i.USART_GetFlagStatus  stm32f10x_usart.o
    0x08003c38   0x08003c38   0x00000054   Code   RO         2964    i.USART_GetITStatus  stm32f10x_usart.o
    0x08003c8c   0x08003c8c   0x0000004a   Code   RO         2966    i.USART_ITConfig    stm32f10x_usart.o
    0x08003cd6   0x08003cd6   0x00000002   PAD
    0x08003cd8   0x08003cd8   0x000000d8   Code   RO         2967    i.USART_Init        stm32f10x_usart.o
    0x08003db0   0x08003db0   0x0000000a   Code   RO         2974    i.USART_ReceiveData  stm32f10x_usart.o
    0x08003dba   0x08003dba   0x00000008   Code   RO         2977    i.USART_SendData    stm32f10x_usart.o
    0x08003dc2   0x08003dc2   0x00000004   Code   RO         3794    i.UsageFault_Handler  stm32f10x_it.o
    0x08003dc6   0x08003dc6   0x00000028   Code   RO         4126    i.__ARM_fpclassify  m_ws.l(fpclassify.o)
    0x08003dee   0x08003dee   0x0000000e   Code   RO         4066    i.__mathlib_dbl_overflow  m_ws.l(dunder.o)
    0x08003dfc   0x08003dfc   0x00000010   Code   RO         4068    i.__mathlib_dbl_underflow  m_ws.l(dunder.o)
    0x08003e0c   0x08003e0c   0x00000010   Code   RO         4249    i.__mathlib_narrow  m_ws.l(narrow.o)
    0x08003e1c   0x08003e1c   0x000000bc   Code   RO         4250    i.__mathlib_tofloat  m_ws.l(narrow.o)
    0x08003ed8   0x08003ed8   0x00000016   Code   RO         4296    i.__support_ldexp   m_ws.l(ldexp.o)
    0x08003eee   0x08003eee   0x0000000e   Code   RO         3994    i._is_digit         c_w.l(__printf_wp.o)
    0x08003efc   0x08003efc   0x0000002a   Code   RO         3928    i.atof              m_ws.l(atof.o)
    0x08003f26   0x08003f26   0x00000002   PAD
    0x08003f28   0x08003f28   0x00000058   Code   RO         4275    i.frexp             m_ws.l(frexp.o)
    0x08003f80   0x08003f80   0x00000074   Code   RO         4297    i.ldexp             m_ws.l(ldexp.o)
    0x08003ff4   0x08003ff4   0x0000017c   Code   RO         3719    i.main              main.o
    0x08004170   0x08004170   0x0000002c   Code   RO         4120    locale$$code        c_w.l(lc_numeric_c.o)
    0x0800419c   0x0800419c   0x0000002c   Code   RO         4231    locale$$code        c_w.l(lc_ctype_c.o)
    0x080041c8   0x080041c8   0x00000062   Code   RO         3861    x$fpl$d2f           fz_ws.l(d2f.o)
    0x0800422a   0x0800422a   0x00000002   PAD
    0x0800422c   0x0800422c   0x00000010   Code   RO         4224    x$fpl$dcheck1       fz_ws.l(dcheck1.o)
    0x0800423c   0x0800423c   0x00000018   Code   RO         4029    x$fpl$dcmpinf       fz_ws.l(dcmpi.o)
    0x08004254   0x08004254   0x00000078   Code   RO         4270    x$fpl$deqf          fz_ws.l(deqf.o)
    0x080042cc   0x080042cc   0x00000078   Code   RO         3887    x$fpl$dleqf         fz_ws.l(dleqf.o)
    0x08004344   0x08004344   0x0000009c   Code   RO         4031    x$fpl$dnaninf       fz_ws.l(dnaninf.o)
    0x080043e0   0x080043e0   0x0000000c   Code   RO         4033    x$fpl$dretinf       fz_ws.l(dretinf.o)
    0x080043ec   0x080043ec   0x0000006c   Code   RO         3891    x$fpl$drleqf        fz_ws.l(drleqf.o)
    0x08004458   0x08004458   0x00000056   Code   RO         3893    x$fpl$f2d           fz_ws.l(f2d.o)
    0x080044ae   0x080044ae   0x00000002   PAD
    0x080044b0   0x080044b0   0x000000c4   Code   RO         3895    x$fpl$fadd          fz_ws.l(faddsub_clz.o)
    0x08004574   0x08004574   0x00000018   Code   RO         4037    x$fpl$fcmpinf       fz_ws.l(fcmpi.o)
    0x0800458c   0x0800458c   0x00000068   Code   RO         3901    x$fpl$feqf          fz_ws.l(feqf.o)
    0x080045f4   0x080045f4   0x00000036   Code   RO         3903    x$fpl$ffix          fz_ws.l(ffix.o)
    0x0800462a   0x0800462a   0x00000002   PAD
    0x0800462c   0x0800462c   0x00000030   Code   RO         3908    x$fpl$fflt          fz_ws.l(fflt_clz.o)
    0x0800465c   0x0800465c   0x00000068   Code   RO         3913    x$fpl$fleqf         fz_ws.l(fleqf.o)
    0x080046c4   0x080046c4   0x00000102   Code   RO         3915    x$fpl$fmul          fz_ws.l(fmul.o)
    0x080047c6   0x080047c6   0x0000008c   Code   RO         4039    x$fpl$fnaninf       fz_ws.l(fnaninf.o)
    0x08004852   0x08004852   0x0000000a   Code   RO         4041    x$fpl$fretinf       fz_ws.l(fretinf.o)
    0x0800485c   0x0800485c   0x00000062   Code   RO         3917    x$fpl$frleqf        fz_ws.l(frleqf.o)
    0x080048be   0x080048be   0x00000014   Code   RO         3896    x$fpl$frsb          fz_ws.l(faddsub_clz.o)
    0x080048d2   0x080048d2   0x00000002   PAD
    0x080048d4   0x080048d4   0x000000ea   Code   RO         3897    x$fpl$fsub          fz_ws.l(faddsub_clz.o)
    0x080049be   0x080049be   0x00000006   Code   RO         4226    x$fpl$ieeestatus    fz_ws.l(istatus.o)
    0x080049c4   0x080049c4   0x00000004   Code   RO         4043    x$fpl$printf1       fz_ws.l(printf1.o)
    0x080049c8   0x080049c8   0x00000004   Code   RO         4045    x$fpl$printf2       fz_ws.l(printf2.o)
    0x080049cc   0x080049cc   0x00000064   Code   RO         4241    x$fpl$retnan        fz_ws.l(retnan.o)
    0x08004a30   0x08004a30   0x0000005c   Code   RO         4122    x$fpl$scalbn        fz_ws.l(scalbn.o)
    0x08004a8c   0x08004a8c   0x00000004   Code   RO         4124    x$fpl$scanf1        fz_ws.l(scanf1.o)
    0x08004a90   0x08004a90   0x00000008   Code   RO         4243    x$fpl$scanf2        fz_ws.l(scanf2.o)
    0x08004a98   0x08004a98   0x00000030   Code   RO         4272    x$fpl$trapveneer    fz_ws.l(trapv.o)
    0x08004ac8   0x08004ac8   0x00000000   Code   RO         4051    x$fpl$usenofp       fz_ws.l(usenofp.o)
    0x08004ac8   0x08004ac8   0x0000094d   Data   RO         3508    .constdata          oled_data.o
    0x08005415   0x08005415   0x00000003   PAD
    0x08005418   0x08005418   0x00000008   Data   RO         3953    .constdata          c_w.l(_printf_wctomb.o)
    0x08005420   0x08005420   0x00000028   Data   RO         3982    .constdata          c_w.l(_printf_hex_int_ll_ptr.o)
    0x08005448   0x08005448   0x00000011   Data   RO         4002    .constdata          c_w.l(__printf_flags_ss_wp.o)
    0x08005459   0x08005459   0x00000026   Data   RO         4106    .constdata          c_w.l(_printf_fp_hex.o)
    0x0800547f   0x0800547f   0x00000001   PAD
    0x08005480   0x08005480   0x00000094   Data   RO         4147    .constdata          c_w.l(bigflt0.o)
    0x08005514   0x08005514   0x00000020   Data   RO         4356    Region$$Table       anon$$obj.o
    0x08005534   0x08005534   0x00000008   Data   RO         4235    c$$dinf             fz_ws.l(fpconst.o)
    0x0800553c   0x0800553c   0x00000008   Data   RO         4238    c$$dmax             fz_ws.l(fpconst.o)
    0x08005544   0x08005544   0x0000001c   Data   RO         4119    locale$$data        c_w.l(lc_numeric_c.o)
    0x08005560   0x08005560   0x00000110   Data   RO         4230    locale$$data        c_w.l(lc_ctype_c.o)


    Execution Region RW_IRAM1 (Exec base: 0x20000000, Load base: 0x08005670, Size: 0x00000b28, Max: 0x00005000, ABSOLUTE)

    Exec Addr    Load Addr    Size         Type   Attr      Idx    E Section Name        Object

    0x20000000   0x08005670   0x00000014   Data   RW         1805    .data               stm32f10x_rcc.o
    0x20000014   0x08005684   0x00000004   Data   RW         3524    .data               key.o
    0x20000018   0x08005688   0x00000004   Data   RW         3649    .data               serial.o
    0x2000001c   0x0800568c   0x00000042   Data   RW         3720    .data               main.o
    0x2000005e   0x080056ce   0x00000002   PAD
    0x20000060        -       0x00000400   Zero   RW         3298    .bss                oled.o
    0x20000460        -       0x00000064   Zero   RW         3648    .bss                serial.o
    0x200004c4        -       0x00000060   Zero   RW         4131    .bss                c_w.l(libspace.o)
    0x20000524   0x080056ce   0x00000004   PAD
    0x20000528        -       0x00000200   Zero   RW            2    HEAP                startup_stm32f10x_md.o
    0x20000728        -       0x00000400   Zero   RW            1    STACK               startup_stm32f10x_md.o


==============================================================================

Image component sizes


      Code (inc. data)   RO Data    RW Data    ZI Data      Debug   Object Name

         0          0          0          0          0       4500   core_cm3.o
       296         32          0          0          0       1914   encoder.o
       176         32          0          4          0       1976   key.o
      1090        192          0         66          0       2296   main.o
       132         22          0          0          0     204559   misc.o
       216         14          0          0          0       1397   motor.o
      1584         52          0          0       1024      10497   oled.o
         0          0       2381          0          0        966   oled_data.o
       192          6          0          0          0       1483   pwm.o
       438         34          0          4        100       3294   serial.o
        64         26        236          0       1536        788   startup_stm32f10x_md.o
         0          0          0          0          0       1620   stm32f10x_adc.o
       314          0          0          0          0      12068   stm32f10x_gpio.o
        26          0          0          0          0       3398   stm32f10x_it.o
       276         32          0         20          0      12734   stm32f10x_rcc.o
       654         62          0          0          0      28574   stm32f10x_tim.o
       472          6          0          0          0      12099   stm32f10x_usart.o
       328         28          0          0          0      44913   system_stm32f10x.o
       124          4          0          0          0        513   timer.o

    ----------------------------------------------------------------------
      6402        542       2652         96       2660     349589   Object Totals
         0          0         32          0          0          0   (incl. Generated)
        20          0          3          2          0          0   (incl. Padding)

    ----------------------------------------------------------------------

      Code (inc. data)   RO Data    RW Data    ZI Data      Debug   Library Member Name

         8          0          0          0          0         68   __main.o
       392          4         17          0          0         92   __printf_flags_ss_wp.o
        14          0          0          0          0         68   __printf_wp.o
         0          0          0          0          0          0   __rtentry.o
        12          0          0          0          0          0   __rtentry2.o
         6          0          0          0          0          0   __rtentry4.o
        52          8          0          0          0          0   __scatter.o
        26          0          0          0          0          0   __scatter_copy.o
        28          0          0          0          0          0   __scatter_zi.o
        28          0          0          0          0         68   _chval.o
         6          0          0          0          0          0   _printf_a.o
         6          0          0          0          0          0   _printf_c.o
        44          0          0          0          0        108   _printf_char.o
        48          6          0          0          0         96   _printf_char_common.o
        40          0          0          0          0         68   _printf_charcount.o
         6          0          0          0          0          0   _printf_d.o
       120         16          0          0          0         92   _printf_dec.o
         6          0          0          0          0          0   _printf_e.o
         6          0          0          0          0          0   _printf_f.o
      1054          0          0          0          0        216   _printf_fp_dec.o
       764          8         38          0          0        100   _printf_fp_hex.o
       128         16          0          0          0         84   _printf_fp_infnan.o
         6          0          0          0          0          0   _printf_g.o
       148          4         40          0          0        160   _printf_hex_int_ll_ptr.o
         6          0          0          0          0          0   _printf_i.o
       178          0          0          0          0         88   _printf_intcommon.o
        10          0          0          0          0          0   _printf_l.o
         6          0          0          0          0          0   _printf_lc.o
        10          0          0          0          0          0   _printf_ll.o
         6          0          0          0          0          0   _printf_lld.o
         6          0          0          0          0          0   _printf_lli.o
         6          0          0          0          0          0   _printf_llo.o
         6          0          0          0          0          0   _printf_llu.o
         6          0          0          0          0          0   _printf_llx.o
       124         16          0          0          0         92   _printf_longlong_dec.o
         6          0          0          0          0          0   _printf_ls.o
         6          0          0          0          0          0   _printf_n.o
         6          0          0          0          0          0   _printf_o.o
       112         10          0          0          0        124   _printf_oct_int_ll.o
         6          0          0          0          0          0   _printf_p.o
        78          0          0          0          0        108   _printf_pad.o
         0          0          0          0          0          0   _printf_percent.o
         4          0          0          0          0          0   _printf_percent_end.o
         6          0          0          0          0          0   _printf_s.o
        82          0          0          0          0         80   _printf_str.o
        36          0          0          0          0         84   _printf_truncate.o
         6          0          0          0          0          0   _printf_u.o
        44          0          0          0          0        108   _printf_wchar.o
       188          6          8          0          0         92   _printf_wctomb.o
         6          0          0          0          0          0   _printf_x.o
        22          0          0          0          0        100   _rserrno.o
        64          0          0          0          0         84   _sgetc.o
        10          0          0          0          0         68   _sputc.o
        64          0          0          0          0         92   _wcrtomb.o
       228          4        148          0          0         96   bigflt0.o
      2152        136          0          0          0        960   btod.o
        18          0          0          0          0         80   exit.o
         6          0          0          0          0        152   heapauxi.o
         0          0          0          0          0          0   indicate_semi.o
        18          0          0          0          0         76   isspace.o
        44         10        272          0          0         76   lc_ctype_c.o
        44         10         28          0          0         76   lc_numeric_c.o
         2          0          0          0          0          0   libinit.o
        30          0          0          0          0          0   libinit2.o
         2          0          0          0          0          0   libshutdown.o
         2          0          0          0          0          0   libshutdown2.o
         8          4          0          0         96         68   libspace.o
        38          0          0          0          0         68   llshl.o
       138          0          0          0          0         80   lludiv10.o
        16          4          0          0          0         76   rt_ctype_table.o
         8          4          0          0          0         68   rt_errno_addr_intlibspace.o
         8          4          0          0          0         68   rt_locale_intlibspace.o
         2          0          0          0          0          0   rtexit.o
        10          0          0          0          0          0   rtexit2.o
      1272         16          0          0          0        168   scanf_fp.o
       800         14          0          0          0        100   scanf_hexfp.o
       308         16          0          0          0        100   scanf_infnan.o
        20          0          0          0          0         68   strchr.o
       128          0          0          0          0         68   strcmpv7m.o
       164         14          0          0          0        120   strtod.o
        12          4          0          0          0         68   sys_exit.o
        74          0          0          0          0         80   sys_stackheap_outer.o
         2          0          0          0          0         68   use_no_semi.o
        36          4          0          0          0         76   vsprintf.o
        98          4          0          0          0         92   d2f.o
        16          4          0          0          0         68   dcheck1.o
        24          0          0          0          0         68   dcmpi.o
       120          4          0          0          0         92   deqf.o
       120          4          0          0          0         92   dleqf.o
       156          4          0          0          0         92   dnaninf.o
        12          0          0          0          0         68   dretinf.o
       108          0          0          0          0         80   drleqf.o
        86          4          0          0          0         84   f2d.o
       450          8          0          0          0        236   faddsub_clz.o
        24          0          0          0          0         68   fcmpi.o
       104          4          0          0          0         84   feqf.o
        54          4          0          0          0         84   ffix.o
        48          0          0          0          0         68   fflt_clz.o
       104          4          0          0          0         84   fleqf.o
       258          4          0          0          0         84   fmul.o
       140          4          0          0          0         84   fnaninf.o
         0          0         16          0          0          0   fpconst.o
        10          0          0          0          0         68   fretinf.o
        98          0          0          0          0         68   frleqf.o
         6          0          0          0          0         68   istatus.o
         4          0          0          0          0         68   printf1.o
         4          0          0          0          0         68   printf2.o
       100          0          0          0          0         68   retnan.o
        92          0          0          0          0         68   scalbn.o
         4          0          0          0          0         68   scanf1.o
         8          0          0          0          0         84   scanf2.o
        48          0          0          0          0         68   trapv.o
         0          0          0          0          0          0   usenofp.o
        42          0          0          0          0         84   atof.o
        30          6          0          0          0        136   dunder.o
        40          0          0          0          0         68   fpclassify.o
        88          8          0          0          0         76   frexp.o
       138          0          0          0          0        160   ldexp.o
       204          4          0          0          0        168   narrow.o

    ----------------------------------------------------------------------
     12506        408        568          0        100       8116   Library Totals
        20          0          1          0          4          0   (incl. Padding)

    ----------------------------------------------------------------------

      Code (inc. data)   RO Data    RW Data    ZI Data      Debug   Library Name

      9648        338        551          0         96       5200   c_w.l
      2296         52         16          0          0       2224   fz_ws.l
       542         18          0          0          0        692   m_ws.l

    ----------------------------------------------------------------------
     12506        408        568          0        100       8116   Library Totals

    ----------------------------------------------------------------------

==============================================================================


      Code (inc. data)   RO Data    RW Data    ZI Data      Debug   

     18908        950       3220         96       2760     348705   Grand Totals
     18908        950       3220         96       2760     348705   ELF Image Totals
     18908        950       3220         96          0          0   ROM Totals

==============================================================================

    Total RO  Size (Code + RO Data)                22128 (  21.61kB)
    Total RW  Size (RW Data + ZI Data)              2856 (   2.79kB)
    Total ROM Size (Code + RO Data + RW Data)      22224 (  21.70kB)

==============================================================================

